Resumed with 33834 already uploaded
Total files to consider: 37498
Remaining to upload: 3664
progress: 5 ok / 0 fail / 33839/37498 total
progress: 64 ok / 0 fail / 33898/37498 total
progress: 120 ok / 0 fail / 33954/37498 total
progress: 177 ok / 0 fail / 34011/37498 total
progress: 235 ok / 0 fail / 34069/37498 total
progress: 294 ok / 0 fail / 34128/37498 total
progress: 350 ok / 0 fail / 34184/37498 total
progress: 406 ok / 0 fail / 34240/37498 total
progress: 463 ok / 0 fail / 34297/37498 total
progress: 514 ok / 0 fail / 34348/37498 total
progress: 569 ok / 0 fail / 34403/37498 total
progress: 621 ok / 0 fail / 34455/37498 total
progress: 632 ok / 0 fail / 34466/37498 total
progress: 691 ok / 0 fail / 34525/37498 total
progress: 750 ok / 0 fail / 34584/37498 total
progress: 811 ok / 0 fail / 34645/37498 total
progress: 865 ok / 0 fail / 34699/37498 total
progress: 922 ok / 0 fail / 34756/37498 total
progress: 970 ok / 0 fail / 34804/37498 total
progress: 1032 ok / 0 fail / 34866/37498 total
progress: 1091 ok / 0 fail / 34925/37498 total
progress: 1149 ok / 0 fail / 34983/37498 total
progress: 1207 ok / 0 fail / 35041/37498 total
progress: 1263 ok / 0 fail / 35097/37498 total
progress: 1321 ok / 0 fail / 35155/37498 total
progress: 1377 ok / 0 fail / 35211/37498 total
progress: 1435 ok / 0 fail / 35269/37498 total
progress: 1495 ok / 0 fail / 35329/37498 total
progress: 1556 ok / 0 fail / 35390/37498 total
progress: 1614 ok / 0 fail / 35448/37498 total
progress: 1674 ok / 0 fail / 35508/37498 total
progress: 1732 ok / 0 fail / 35566/37498 total
progress: 1791 ok / 0 fail / 35625/37498 total
progress: 1849 ok / 0 fail / 35683/37498 total
progress: 1910 ok / 0 fail / 35744/37498 total
progress: 1968 ok / 0 fail / 35802/37498 total
progress: 2025 ok / 0 fail / 35859/37498 total
progress: 2082 ok / 0 fail / 35916/37498 total
progress: 2139 ok / 0 fail / 35973/37498 total
progress: 2197 ok / 0 fail / 36031/37498 total
progress: 2258 ok / 0 fail / 36092/37498 total
progress: 2314 ok / 0 fail / 36148/37498 total
progress: 2374 ok / 0 fail / 36208/37498 total
progress: 2431 ok / 0 fail / 36265/37498 total
progress: 2488 ok / 0 fail / 36322/37498 total
progress: 2550 ok / 0 fail / 36384/37498 total
progress: 2608 ok / 0 fail / 36442/37498 total
progress: 2666 ok / 0 fail / 36500/37498 total
progress: 2725 ok / 0 fail / 36559/37498 total
progress: 2785 ok / 0 fail / 36619/37498 total
progress: 2835 ok / 0 fail / 36669/37498 total
progress: 2891 ok / 0 fail / 36725/37498 total
progress: 2946 ok / 0 fail / 36780/37498 total
progress: 3003 ok / 0 fail / 36837/37498 total
progress: 3039 ok / 0 fail / 36873/37498 total
progress: 3089 ok / 0 fail / 36923/37498 total
progress: 3138 ok / 0 fail / 36972/37498 total
progress: 3184 ok / 0 fail / 37018/37498 total
progress: 3236 ok / 0 fail / 37070/37498 total
progress: 3293 ok / 0 fail / 37127/37498 total
progress: 3338 ok / 0 fail / 37172/37498 total
progress: 3390 ok / 0 fail / 37224/37498 total
progress: 3443 ok / 0 fail / 37277/37498 total
progress: 3498 ok / 0 fail / 37332/37498 total
progress: 3554 ok / 0 fail / 37388/37498 total
progress: 3609 ok / 0 fail / 37443/37498 total
progress: 3663 ok / 0 fail / 37497/37498 total
DONE. completed=3664 failed=0
