📊 全库扫描: 11979 章, 10731 已有EN, 1248 需翻译
📖 [1/1248] novel-221-concubine-seeks-to-marry-the-best/ch-0001.json (5871字) ⚠️ 乱码跳过
📖 [2/1248] novel-221-concubine-seeks-to-marry-the-best/ch-0002.json (3216字) ⚠️ 乱码跳过
📖 [3/1248] novel-221-concubine-seeks-to-marry-the-best/ch-0003.json (3250字) ⚠️ 乱码跳过
📖 [4/1248] novel-221-concubine-seeks-to-marry-the-best/ch-0004.json (3637字) ⚠️ 乱码跳过
📖 [5/1248] novel-221-concubine-seeks-to-marry-the-best/ch-0005.json (3279字) ⚠️ 乱码跳过
📖 [6/1248] novel-221-concubine-seeks-to-marry-the-best/ch-0006.json (3611字) ⚠️ 乱码跳过
📖 [7/1248] novel-221-concubine-seeks-to-marry-the-best/ch-0007.json (3327字) ⚠️ 乱码跳过
📖 [8/1248] novel-221-concubine-seeks-to-marry-the-best/ch-0008.json (3341字) ⚠️ 乱码跳过
📖 [9/1248] novel-221-concubine-seeks-to-marry-the-best/ch-0009.json (3005字) ⚠️ 乱码跳过
📖 [10/1248] novel-221-concubine-seeks-to-marry-the-best/ch-0010.json (3387字) ⚠️ 乱码跳过
📖 [11/1248] novel-223-romantic-medical-sage/ch-0001.json (4366字) ⚠️ 乱码跳过
📖 [12/1248] novel-223-romantic-medical-sage/ch-0002.json (4401字) ⚠️ 乱码跳过
📖 [13/1248] novel-223-romantic-medical-sage/ch-0003.json (4561字) ⚠️ 乱码跳过
📖 [14/1248] novel-223-romantic-medical-sage/ch-0004.json (4692字) ⚠️ 乱码跳过
📖 [15/1248] novel-223-romantic-medical-sage/ch-0005.json (4069字) ⚠️ 乱码跳过
📖 [16/1248] novel-223-romantic-medical-sage/ch-0006.json (5084字) ⚠️ 乱码跳过
📖 [17/1248] novel-223-romantic-medical-sage/ch-0007.json (5024字) ⚠️ 乱码跳过
📖 [18/1248] novel-223-romantic-medical-sage/ch-0008.json (4963字) ⚠️ 乱码跳过
📖 [19/1248] novel-223-romantic-medical-sage/ch-0009.json (4933字) ⚠️ 乱码跳过
📖 [20/1248] novel-223-romantic-medical-sage/ch-0010.json (4867字) ⚠️ 乱码跳过
📖 [21/1248] novel-224-black-card/ch-0001.json (5635字) ⚠️ 乱码跳过
📖 [22/1248] novel-224-black-card/ch-0002.json (5539字) ⚠️ 乱码跳过
📖 [23/1248] novel-224-black-card/ch-0003.json (5345字) ⚠️ 乱码跳过
📖 [24/1248] novel-224-black-card/ch-0004.json (5257字) ⚠️ 乱码跳过
📖 [25/1248] novel-224-black-card/ch-0005.json (5365字) ⚠️ 乱码跳过
📖 [26/1248] novel-224-black-card/ch-0006.json (5421字) ⚠️ 乱码跳过
📖 [27/1248] novel-224-black-card/ch-0007.json (5461字) ⚠️ 乱码跳过
📖 [28/1248] novel-224-black-card/ch-0008.json (5649字) ⚠️ 乱码跳过
📖 [29/1248] novel-224-black-card/ch-0009.json (5117字) ⚠️ 乱码跳过
📖 [30/1248] novel-224-black-card/ch-0010.json (5458字) ⚠️ 乱码跳过
📖 [31/1248] novel-225-sect-medical-girl/ch-0001.json (5219字) ⚠️ 乱码跳过
📖 [32/1248] novel-225-sect-medical-girl/ch-0002.json (5083字) ⚠️ 乱码跳过
📖 [33/1248] novel-225-sect-medical-girl/ch-0003.json (3396字) ⚠️ 乱码跳过
📖 [34/1248] novel-225-sect-medical-girl/ch-0004.json (5059字) ⚠️ 乱码跳过
📖 [35/1248] novel-225-sect-medical-girl/ch-0005.json (5292字) ⚠️ 乱码跳过
📖 [36/1248] novel-225-sect-medical-girl/ch-0006.json (5409字) ⚠️ 乱码跳过
📖 [37/1248] novel-225-sect-medical-girl/ch-0007.json (6411字) ⚠️ 乱码跳过
📖 [38/1248] novel-225-sect-medical-girl/ch-0008.json (5440字) ⚠️ 乱码跳过
📖 [39/1248] novel-225-sect-medical-girl/ch-0009.json (4310字) ⚠️ 乱码跳过
📖 [40/1248] novel-225-sect-medical-girl/ch-0010.json (4878字) ⚠️ 乱码跳过
📖 [41/1248] novel-226-arrogant-mommy-with-genius-son/ch-0001.json (3307字) ⚠️ 乱码跳过
📖 [42/1248] novel-226-arrogant-mommy-with-genius-son/ch-0002.json (3588字) ⚠️ 乱码跳过
📖 [43/1248] novel-226-arrogant-mommy-with-genius-son/ch-0003.json (3712字) ⚠️ 乱码跳过
📖 [44/1248] novel-226-arrogant-mommy-with-genius-son/ch-0004.json (3607字) ⚠️ 乱码跳过
📖 [45/1248] novel-226-arrogant-mommy-with-genius-son/ch-0005.json (3755字) ⚠️ 乱码跳过
📖 [46/1248] novel-226-arrogant-mommy-with-genius-son/ch-0006.json (3791字) ⚠️ 乱码跳过
📖 [47/1248] novel-226-arrogant-mommy-with-genius-son/ch-0007.json (3609字) ⚠️ 乱码跳过
📖 [48/1248] novel-226-arrogant-mommy-with-genius-son/ch-0008.json (3483字) ⚠️ 乱码跳过
📖 [49/1248] novel-226-arrogant-mommy-with-genius-son/ch-0009.json (3544字) ⚠️ 乱码跳过
📖 [50/1248] novel-226-arrogant-mommy-with-genius-son/ch-0010.json (3393字) ⚠️ 乱码跳过
📖 [51/1248] novel-227-genius-doctor/ch-0001.json (5211字) ⚠️ 乱码跳过
📖 [52/1248] novel-227-genius-doctor/ch-0002.json (4992字) ⚠️ 乱码跳过
📖 [53/1248] novel-227-genius-doctor/ch-0003.json (4878字) ⚠️ 乱码跳过
📖 [54/1248] novel-227-genius-doctor/ch-0004.json (5396字) ⚠️ 乱码跳过
📖 [55/1248] novel-227-genius-doctor/ch-0005.json (4891字) ⚠️ 乱码跳过
📖 [56/1248] novel-227-genius-doctor/ch-0006.json (4980字) ⚠️ 乱码跳过
📖 [57/1248] novel-227-genius-doctor/ch-0007.json (5057字) ⚠️ 乱码跳过
📖 [58/1248] novel-227-genius-doctor/ch-0008.json (4944字) ⚠️ 乱码跳过
📖 [59/1248] novel-227-genius-doctor/ch-0009.json (7034字) ⚠️ 乱码跳过
📖 [60/1248] novel-227-genius-doctor/ch-0010.json (5483字) ⚠️ 乱码跳过
📖 [61/1248] novel-228-the-goddesss-super-bodyguard/ch-0001.json (3683字) ⚠️ 乱码跳过
📖 [62/1248] novel-228-the-goddesss-super-bodyguard/ch-0002.json (3469字) ⚠️ 乱码跳过
📖 [63/1248] novel-228-the-goddesss-super-bodyguard/ch-0003.json (3481字) ⚠️ 乱码跳过
📖 [64/1248] novel-228-the-goddesss-super-bodyguard/ch-0004.json (3630字) ⚠️ 乱码跳过
📖 [65/1248] novel-228-the-goddesss-super-bodyguard/ch-0005.json (3380字) ⚠️ 乱码跳过
📖 [66/1248] novel-228-the-goddesss-super-bodyguard/ch-0006.json (3460字) ⚠️ 乱码跳过
📖 [67/1248] novel-228-the-goddesss-super-bodyguard/ch-0007.json (3525字) ⚠️ 乱码跳过
📖 [68/1248] novel-228-the-goddesss-super-bodyguard/ch-0008.json (3443字) ⚠️ 乱码跳过
📖 [69/1248] novel-228-the-goddesss-super-bodyguard/ch-0009.json (3463字) ⚠️ 乱码跳过
📖 [70/1248] novel-228-the-goddesss-super-bodyguard/ch-0010.json (3478字) ⚠️ 乱码跳过
📖 [71/1248] novel-231-marry-first-love-uncle-later-i/ch-0001.json (2347字) ⚠️ 乱码跳过
📖 [72/1248] novel-231-marry-first-love-uncle-later-i/ch-0002.json (3300字) ⚠️ 乱码跳过
📖 [73/1248] novel-231-marry-first-love-uncle-later-i/ch-0003.json (2210字) ⚠️ 乱码跳过
📖 [74/1248] novel-231-marry-first-love-uncle-later-i/ch-0004.json (2943字) ⚠️ 乱码跳过
📖 [75/1248] novel-231-marry-first-love-uncle-later-i/ch-0005.json (2018字) ⚠️ 乱码跳过
📖 [76/1248] novel-231-marry-first-love-uncle-later-i/ch-0006.json (2721字) ⚠️ 乱码跳过
📖 [77/1248] novel-231-marry-first-love-uncle-later-i/ch-0007.json (1992字) ⚠️ 乱码跳过
📖 [78/1248] novel-231-marry-first-love-uncle-later-i/ch-0008.json (1880字) ⚠️ 乱码跳过
📖 [79/1248] novel-231-marry-first-love-uncle-later-i/ch-0009.json (1687字) ⚠️ 乱码跳过
📖 [80/1248] novel-231-marry-first-love-uncle-later-i/ch-0010.json (1790字) ⚠️ 乱码跳过
📖 [81/1248] novel-232-feng-batian-killers-crazy-wife/ch-0001.json (1715字) ⚠️ 乱码跳过
📖 [82/1248] novel-232-feng-batian-killers-crazy-wife/ch-0002.json (1876字) ⚠️ 乱码跳过
📖 [83/1248] novel-232-feng-batian-killers-crazy-wife/ch-0003.json (1640字) ⚠️ 乱码跳过
📖 [84/1248] novel-232-feng-batian-killers-crazy-wife/ch-0004.json (1818字) ⚠️ 乱码跳过
📖 [85/1248] novel-232-feng-batian-killers-crazy-wife/ch-0005.json (1723字) ⚠️ 乱码跳过
📖 [86/1248] novel-232-feng-batian-killers-crazy-wife/ch-0006.json (1870字) ⚠️ 乱码跳过
📖 [87/1248] novel-232-feng-batian-killers-crazy-wife/ch-0007.json (1896字) ⚠️ 乱码跳过
📖 [88/1248] novel-232-feng-batian-killers-crazy-wife/ch-0008.json (1746字) ⚠️ 乱码跳过
📖 [89/1248] novel-232-feng-batian-killers-crazy-wife/ch-0009.json (1614字) ⚠️ 乱码跳过
📖 [90/1248] novel-232-feng-batian-killers-crazy-wife/ch-0010.json (1640字) ⚠️ 乱码跳过
📖 [91/1248] novel-233-marriage-and-death/ch-0001.json (7811字) ⚠️ 乱码跳过
📖 [92/1248] novel-233-marriage-and-death/ch-0002.json (6772字) ⚠️ 乱码跳过
📖 [93/1248] novel-233-marriage-and-death/ch-0003.json (6022字) ⚠️ 乱码跳过
📖 [94/1248] novel-233-marriage-and-death/ch-0004.json (5435字) ⚠️ 乱码跳过
📖 [95/1248] novel-233-marriage-and-death/ch-0005.json (5153字) ⚠️ 乱码跳过
📖 [96/1248] novel-233-marriage-and-death/ch-0006.json (5377字) ⚠️ 乱码跳过
📖 [97/1248] novel-233-marriage-and-death/ch-0007.json (5180字) ⚠️ 乱码跳过
📖 [98/1248] novel-233-marriage-and-death/ch-0008.json (5349字) ⚠️ 乱码跳过
📖 [99/1248] novel-233-marriage-and-death/ch-0009.json (5843字) ⚠️ 乱码跳过
📖 [100/1248] novel-233-marriage-and-death/ch-0010.json (5567字) ⚠️ 乱码跳过
📖 [101/1248] novel-234-qing-ben-heimeng-is-a-guest/ch-0001.json (4294字) ⚠️ 乱码跳过
📖 [102/1248] novel-234-qing-ben-heimeng-is-a-guest/ch-0002.json (4051字) ⚠️ 乱码跳过
📖 [103/1248] novel-234-qing-ben-heimeng-is-a-guest/ch-0003.json (4126字) ⚠️ 乱码跳过
📖 [104/1248] novel-234-qing-ben-heimeng-is-a-guest/ch-0004.json (3155字) ⚠️ 乱码跳过
📖 [105/1248] novel-234-qing-ben-heimeng-is-a-guest/ch-0005.json (3680字) ⚠️ 乱码跳过
📖 [106/1248] novel-234-qing-ben-heimeng-is-a-guest/ch-0006.json (4070字) ⚠️ 乱码跳过
📖 [107/1248] novel-234-qing-ben-heimeng-is-a-guest/ch-0007.json (4280字) ⚠️ 乱码跳过
📖 [108/1248] novel-234-qing-ben-heimeng-is-a-guest/ch-0008.json (3602字) ⚠️ 乱码跳过
📖 [109/1248] novel-234-qing-ben-heimeng-is-a-guest/ch-0009.json (3381字) ⚠️ 乱码跳过
📖 [110/1248] novel-234-qing-ben-heimeng-is-a-guest/ch-0010.json (5694字) ⚠️ 乱码跳过
📖 [111/1248] novel-235-famous-doctor-and-noble-lady/ch-0001.json (3986字) ⚠️ 乱码跳过
📖 [112/1248] novel-235-famous-doctor-and-noble-lady/ch-0002.json (3502字) ⚠️ 乱码跳过
📖 [113/1248] novel-235-famous-doctor-and-noble-lady/ch-0003.json (3599字) ⚠️ 乱码跳过
📖 [114/1248] novel-235-famous-doctor-and-noble-lady/ch-0004.json (3695字) ⚠️ 乱码跳过
📖 [115/1248] novel-235-famous-doctor-and-noble-lady/ch-0005.json (3502字) ⚠️ 乱码跳过
📖 [116/1248] novel-235-famous-doctor-and-noble-lady/ch-0006.json (4062字) ⚠️ 乱码跳过
📖 [117/1248] novel-235-famous-doctor-and-noble-lady/ch-0007.json (3999字) ⚠️ 乱码跳过
📖 [118/1248] novel-235-famous-doctor-and-noble-lady/ch-0008.json (4039字) ⚠️ 乱码跳过
📖 [119/1248] novel-235-famous-doctor-and-noble-lady/ch-0009.json (4487字) ⚠️ 乱码跳过
📖 [120/1248] novel-235-famous-doctor-and-noble-lady/ch-0010.json (3868字) ⚠️ 乱码跳过
📖 [121/1248] novel-236-four-husbands-fight-for-love-of/ch-0001.json (3282字) ⚠️ 乱码跳过
📖 [122/1248] novel-236-four-husbands-fight-for-love-of/ch-0002.json (3276字) ⚠️ 乱码跳过
📖 [123/1248] novel-236-four-husbands-fight-for-love-of/ch-0003.json (3330字) ⚠️ 乱码跳过
📖 [124/1248] novel-236-four-husbands-fight-for-love-of/ch-0004.json (3605字) ⚠️ 乱码跳过
📖 [125/1248] novel-236-four-husbands-fight-for-love-of/ch-0005.json (3336字) ⚠️ 乱码跳过
📖 [126/1248] novel-236-four-husbands-fight-for-love-of/ch-0006.json (3303字) ⚠️ 乱码跳过
📖 [127/1248] novel-236-four-husbands-fight-for-love-of/ch-0007.json (3401字) ⚠️ 乱码跳过
📖 [128/1248] novel-236-four-husbands-fight-for-love-of/ch-0008.json (3281字) ⚠️ 乱码跳过
📖 [129/1248] novel-236-four-husbands-fight-for-love-of/ch-0009.json (3343字) ⚠️ 乱码跳过
📖 [130/1248] novel-236-four-husbands-fight-for-love-of/ch-0010.json (3301字) ⚠️ 乱码跳过
📖 [131/1248] novel-237-become-immortal/ch-0001.json (6836字) ⚠️ 乱码跳过
📖 [132/1248] novel-237-become-immortal/ch-0002.json (4958字) ⚠️ 乱码跳过
📖 [133/1248] novel-237-become-immortal/ch-0003.json (5952字) ⚠️ 乱码跳过
📖 [134/1248] novel-237-become-immortal/ch-0004.json (3129字) ⚠️ 乱码跳过
📖 [135/1248] novel-237-become-immortal/ch-0005.json (3492字) ⚠️ 乱码跳过
📖 [136/1248] novel-237-become-immortal/ch-0007.json (4567字) ⚠️ 乱码跳过
📖 [137/1248] novel-237-become-immortal/ch-0008.json (4299字) ⚠️ 乱码跳过
📖 [138/1248] novel-237-become-immortal/ch-0009.json (3682字) ⚠️ 乱码跳过
📖 [139/1248] novel-237-become-immortal/ch-0010.json (4361字) ⚠️ 乱码跳过
📖 [140/1248] novel-238-flower-guarding-dragon/ch-0001.json (3612字) ⚠️ 乱码跳过
📖 [141/1248] novel-238-flower-guarding-dragon/ch-0002.json (5877字) ⚠️ 乱码跳过
📖 [142/1248] novel-238-flower-guarding-dragon/ch-0003.json (4330字) ⚠️ 乱码跳过
📖 [143/1248] novel-238-flower-guarding-dragon/ch-0004.json (4928字) ⚠️ 乱码跳过
📖 [144/1248] novel-238-flower-guarding-dragon/ch-0005.json (5280字) ⚠️ 乱码跳过
📖 [145/1248] novel-238-flower-guarding-dragon/ch-0006.json (4211字) ⚠️ 乱码跳过
📖 [146/1248] novel-238-flower-guarding-dragon/ch-0007.json (3417字) ⚠️ 乱码跳过
📖 [147/1248] novel-238-flower-guarding-dragon/ch-0008.json (3501字) ⚠️ 乱码跳过
📖 [148/1248] novel-238-flower-guarding-dragon/ch-0009.json (3947字) ⚠️ 乱码跳过
📖 [149/1248] novel-238-flower-guarding-dragon/ch-0010.json (4331字) ⚠️ 乱码跳过
📖 [150/1248] novel-239-killer-landlord-and-pretty-tenant/ch-0001.json (4208字) ⚠️ 乱码跳过
📖 [151/1248] novel-239-killer-landlord-and-pretty-tenant/ch-0002.json (4650字) ⚠️ 乱码跳过
📖 [152/1248] novel-239-killer-landlord-and-pretty-tenant/ch-0003.json (4718字) ⚠️ 乱码跳过
📖 [153/1248] novel-239-killer-landlord-and-pretty-tenant/ch-0004.json (3594字) ⚠️ 乱码跳过
📖 [154/1248] novel-239-killer-landlord-and-pretty-tenant/ch-0005.json (3339字) ⚠️ 乱码跳过
📖 [155/1248] novel-239-killer-landlord-and-pretty-tenant/ch-0006.json (4459字) ⚠️ 乱码跳过
📖 [156/1248] novel-239-killer-landlord-and-pretty-tenant/ch-0007.json (4403字) ⚠️ 乱码跳过
📖 [157/1248] novel-239-killer-landlord-and-pretty-tenant/ch-0008.json (3092字) ⚠️ 乱码跳过
📖 [158/1248] novel-239-killer-landlord-and-pretty-tenant/ch-0009.json (3964字) ⚠️ 乱码跳过
📖 [159/1248] novel-239-killer-landlord-and-pretty-tenant/ch-0010.json (3610字) ⚠️ 乱码跳过
📖 [160/1248] novel-240-special-military-doctor/ch-0001.json (6394字) ⚠️ 乱码跳过
📖 [161/1248] novel-240-special-military-doctor/ch-0002.json (6492字) ⚠️ 乱码跳过
📖 [162/1248] novel-240-special-military-doctor/ch-0003.json (6388字) ⚠️ 乱码跳过
📖 [163/1248] novel-240-special-military-doctor/ch-0004.json (6740字) ⚠️ 乱码跳过
📖 [164/1248] novel-240-special-military-doctor/ch-0005.json (3368字) ⚠️ 乱码跳过
📖 [165/1248] novel-240-special-military-doctor/ch-0006.json (3333字) ⚠️ 乱码跳过
📖 [166/1248] novel-240-special-military-doctor/ch-0007.json (3229字) ⚠️ 乱码跳过
📖 [167/1248] novel-240-special-military-doctor/ch-0008.json (3237字) ⚠️ 乱码跳过
📖 [168/1248] novel-240-special-military-doctor/ch-0009.json (3330字) ⚠️ 乱码跳过
📖 [169/1248] novel-240-special-military-doctor/ch-0010.json (3544字) ⚠️ 乱码跳过
📖 [170/1248] novel-241-the-pot-is-returned-to-the/ch-0001.json (4995字) ⚠️ 乱码跳过
📖 [171/1248] novel-241-the-pot-is-returned-to-the/ch-0002.json (4446字) ⚠️ 乱码跳过
📖 [172/1248] novel-241-the-pot-is-returned-to-the/ch-0003.json (3468字) ⚠️ 乱码跳过
📖 [173/1248] novel-241-the-pot-is-returned-to-the/ch-0004.json (4111字) ⚠️ 乱码跳过
📖 [174/1248] novel-241-the-pot-is-returned-to-the/ch-0005.json (3926字) ⚠️ 乱码跳过
📖 [175/1248] novel-241-the-pot-is-returned-to-the/ch-0006.json (4569字) ⚠️ 乱码跳过
📖 [176/1248] novel-241-the-pot-is-returned-to-the/ch-0007.json (4208字) ⚠️ 乱码跳过
📖 [177/1248] novel-241-the-pot-is-returned-to-the/ch-0008.json (4217字) ⚠️ 乱码跳过
📖 [178/1248] novel-241-the-pot-is-returned-to-the/ch-0009.json (5331字) ⚠️ 乱码跳过
📖 [179/1248] novel-241-the-pot-is-returned-to-the/ch-0010.json (3670字) ⚠️ 乱码跳过
📖 [180/1248] novel-242-tweezers-and-stirrups/ch-0001.json (5819字) ⚠️ 乱码跳过
📖 [181/1248] novel-242-tweezers-and-stirrups/ch-0002.json (3220字) ⚠️ 乱码跳过
📖 [182/1248] novel-242-tweezers-and-stirrups/ch-0003.json (5349字) ⚠️ 乱码跳过
📖 [183/1248] novel-242-tweezers-and-stirrups/ch-0004.json (4675字) ⚠️ 乱码跳过
📖 [184/1248] novel-242-tweezers-and-stirrups/ch-0005.json (4547字) ⚠️ 乱码跳过
📖 [185/1248] novel-242-tweezers-and-stirrups/ch-0006.json (4058字) ⚠️ 乱码跳过
📖 [186/1248] novel-242-tweezers-and-stirrups/ch-0007.json (3342字) ⚠️ 乱码跳过
📖 [187/1248] novel-242-tweezers-and-stirrups/ch-0008.json (3994字) ⚠️ 乱码跳过
📖 [188/1248] novel-242-tweezers-and-stirrups/ch-0009.json (3908字) ⚠️ 乱码跳过
📖 [189/1248] novel-242-tweezers-and-stirrups/ch-0010.json (3653字) ⚠️ 乱码跳过
📖 [190/1248] novel-243-urban-all-round-system/ch-0001.json (3751字) ⚠️ 乱码跳过
📖 [191/1248] novel-243-urban-all-round-system/ch-0002.json (4160字) ⚠️ 乱码跳过
📖 [192/1248] novel-243-urban-all-round-system/ch-0003.json (3260字) ⚠️ 乱码跳过
📖 [193/1248] novel-243-urban-all-round-system/ch-0004.json (3310字) ⚠️ 乱码跳过
📖 [194/1248] novel-243-urban-all-round-system/ch-0005.json (3390字) ⚠️ 乱码跳过
📖 [195/1248] novel-243-urban-all-round-system/ch-0006.json (3370字) ⚠️ 乱码跳过
📖 [196/1248] novel-243-urban-all-round-system/ch-0007.json (3221字) ⚠️ 乱码跳过
📖 [197/1248] novel-243-urban-all-round-system/ch-0008.json (3392字) ⚠️ 乱码跳过
📖 [198/1248] novel-243-urban-all-round-system/ch-0010.json (3485字) ⚠️ 乱码跳过
📖 [199/1248] novel-76fe332b/ch-0001.json (2133字)

🛑 收到停止信号，当前章节完成后退出...
