[03:57:49] 🚀 高速上传开始 (concurrency=20)
[03:57:49] 🚀 高速上传开始 (concurrency=20)
[03:57:49] 📂 已有 0 个文件已上传，跳过
[03:57:49] 📂 已有 0 个文件已上传，跳过
[03:57:50] 📋 待上传: 31276 文件
[03:57:50] 📋 待上传: 31276 文件
[03:57:53] 📤 100/31257 (37.1/s, ~841s remaining)
[03:57:53] 📤 100/31257 (37.1/s, ~841s remaining)
[03:57:55] 📤 200/31257 (41.3/s, ~753s remaining)
[03:57:55] 📤 200/31257 (41.3/s, ~753s remaining)
[03:57:57] 📤 300/31257 (43.6/s, ~711s remaining)
[03:57:57] 📤 300/31257 (43.6/s, ~711s remaining)
[03:57:59] 📤 400/31257 (45.3/s, ~682s remaining)
[03:57:59] 📤 400/31257 (45.3/s, ~682s remaining)
[03:58:01] 📤 500/31257 (46.2/s, ~667s remaining)
[03:58:01] 📤 500/31257 (46.2/s, ~667s remaining)
[03:58:03] 📤 600/31257 (46.5/s, ~660s remaining)
[03:58:03] 📤 600/31257 (46.5/s, ~660s remaining)
[03:58:05] 📤 700/31257 (46.0/s, ~665s remaining)
[03:58:05] 📤 700/31257 (46.0/s, ~665s remaining)
[03:58:07] 📤 800/31257 (45.8/s, ~666s remaining)
[03:58:07] 📤 800/31257 (45.8/s, ~666s remaining)
[03:58:10] 📤 900/31257 (45.9/s, ~661s remaining)
[03:58:10] 📤 900/31257 (45.9/s, ~661s remaining)
[03:58:12] 📤 1000/31257 (46.1/s, ~657s remaining)
[03:58:12] 📤 1000/31257 (46.1/s, ~657s remaining)
[03:58:14] 📤 1100/31257 (46.5/s, ~650s remaining)
[03:58:14] 📤 1100/31257 (46.5/s, ~650s remaining)
[03:58:16] 📤 1200/31257 (46.9/s, ~642s remaining)
[03:58:16] 📤 1200/31257 (46.9/s, ~642s remaining)
[03:58:18] 📤 1300/31257 (47.0/s, ~638s remaining)
[03:58:18] 📤 1300/31257 (47.0/s, ~638s remaining)
[03:58:20] 📤 1400/31257 (47.2/s, ~633s remaining)
[03:58:20] 📤 1400/31257 (47.2/s, ~633s remaining)
[03:58:22] 📤 1500/31257 (47.2/s, ~631s remaining)
[03:58:22] 📤 1500/31257 (47.2/s, ~631s remaining)
[03:58:24] 📤 1600/31257 (47.6/s, ~624s remaining)
[03:58:24] 📤 1600/31257 (47.6/s, ~624s remaining)
[03:58:26] 📤 1700/31257 (47.7/s, ~620s remaining)
[03:58:26] 📤 1700/31257 (47.7/s, ~620s remaining)
[03:58:28] 📤 1800/31257 (47.9/s, ~616s remaining)
[03:58:28] 📤 1800/31257 (47.9/s, ~616s remaining)
[03:58:30] 📤 1900/31257 (47.9/s, ~613s remaining)
[03:58:30] 📤 1900/31257 (47.9/s, ~613s remaining)
[03:58:32] 📤 2000/31257 (48.0/s, ~610s remaining)
[03:58:32] 📤 2000/31257 (48.0/s, ~610s remaining)
[03:58:34] 📤 2100/31257 (48.0/s, ~608s remaining)
[03:58:34] 📤 2100/31257 (48.0/s, ~608s remaining)
[03:58:36] 📤 2200/31257 (48.1/s, ~605s remaining)
[03:58:36] 📤 2200/31257 (48.1/s, ~605s remaining)
[03:58:38] 📤 2300/31257 (48.1/s, ~602s remaining)
[03:58:38] 📤 2300/31257 (48.1/s, ~602s remaining)
[03:58:40] 📤 2400/31257 (48.1/s, ~600s remaining)
[03:58:40] 📤 2400/31257 (48.1/s, ~600s remaining)
[03:58:42] 📤 2500/31257 (48.3/s, ~596s remaining)
[03:58:42] 📤 2500/31257 (48.3/s, ~596s remaining)
[03:58:44] 📤 2600/31257 (48.4/s, ~593s remaining)
[03:58:44] 📤 2600/31257 (48.4/s, ~593s remaining)
[03:58:46] 📤 2700/31257 (48.3/s, ~591s remaining)
[03:58:46] 📤 2700/31257 (48.3/s, ~591s remaining)
[03:58:48] 📤 2800/31257 (48.4/s, ~588s remaining)
[03:58:48] 📤 2800/31257 (48.4/s, ~588s remaining)
[03:58:50] 📤 2900/31257 (48.5/s, ~585s remaining)
[03:58:50] 📤 2900/31257 (48.5/s, ~585s remaining)
[03:58:52] 📤 3000/31257 (48.5/s, ~583s remaining)
[03:58:52] 📤 3000/31257 (48.5/s, ~583s remaining)
[03:58:52] ❌ data/chapters/novel-123-the-proud-alchemy-god/ch-0210.json: Vercel Blob: Too many requests please lower the number of concurrent requests  - try again in 60 seconds.
[03:58:52] ❌ data/chapters/novel-123-the-proud-alchemy-god/ch-0210.json: Vercel Blob: Too many requests please lower the number of concurrent requests  - try again in 60 seconds.
[03:58:52] ❌ data/chapters/novel-123-the-proud-alchemy-god/ch-0211.json: Vercel Blob: Too many requests please lower the number of concurrent requests  - try again in 60 seconds.
[03:58:52] ❌ data/chapters/novel-123-the-proud-alchemy-god/ch-0211.json: Vercel Blob: Too many requests please lower the number of concurrent requests  - try again in 60 seconds.
[03:58:52] ❌ data/chapters/novel-123-the-proud-alchemy-god/ch-0213.json: Vercel Blob: Too many requests please lower the number of concurrent requests  - try again in 60 seconds.
[03:58:52] ❌ data/chapters/novel-123-the-proud-alchemy-god/ch-0213.json: Vercel Blob: Too many requests please lower the number of concurrent requests  - try again in 60 seconds.
[03:58:52] ❌ data/chapters/novel-123-the-proud-alchemy-god/ch-0212.json: Vercel Blob: Too many requests please lower the number of concurrent requests  - try again in 60 seconds.
[03:58:52] ❌ data/chapters/novel-123-the-proud-alchemy-god/ch-0212.json: Vercel Blob: Too many requests please lower the number of concurrent requests  - try again in 60 seconds.
[03:58:52] ❌ data/chapters/novel-123-the-proud-alchemy-god/ch-0216.json: Vercel Blob: Too many requests please lower the number of concurrent requests  - try again in 60 seconds.
[03:58:52] ❌ data/chapters/novel-123-the-proud-alchemy-god/ch-0216.json: Vercel Blob: Too many requests please lower the number of concurrent requests  - try again in 60 seconds.
[03:58:54] 📤 3100/31257 (48.7/s, ~579s remaining)
[03:58:54] 📤 3100/31257 (48.7/s, ~579s remaining)
[03:58:55] 📤 3200/31257 (48.9/s, ~574s remaining)
[03:58:55] 📤 3200/31257 (48.9/s, ~574s remaining)
[03:58:57] 📤 3300/31257 (48.9/s, ~572s remaining)
[03:58:57] 📤 3300/31257 (48.9/s, ~572s remaining)
[03:58:59] 📤 3400/31257 (49.1/s, ~567s remaining)
[03:58:59] 📤 3400/31257 (49.1/s, ~567s remaining)
[03:59:01] 📤 3500/31257 (49.3/s, ~563s remaining)
[03:59:01] 📤 3500/31257 (49.3/s, ~563s remaining)
[03:59:03] 📤 3600/31257 (49.2/s, ~562s remaining)
[03:59:03] 📤 3600/31257 (49.2/s, ~562s remaining)
[03:59:05] 📤 3700/31257 (49.3/s, ~560s remaining)
[03:59:05] 📤 3700/31257 (49.3/s, ~560s remaining)
[03:59:07] 📤 3800/31257 (49.2/s, ~559s remaining)
[03:59:07] 📤 3800/31257 (49.2/s, ~559s remaining)
[03:59:09] 📤 3900/31257 (49.1/s, ~558s remaining)
[03:59:09] 📤 3900/31257 (49.1/s, ~558s remaining)
[03:59:11] 📤 4000/31257 (49.1/s, ~556s remaining)
[03:59:11] 📤 4000/31257 (49.1/s, ~556s remaining)
[03:59:13] 📤 4100/31257 (49.1/s, ~553s remaining)
[03:59:13] 📤 4100/31257 (49.1/s, ~553s remaining)
[03:59:15] 📤 4200/31257 (49.2/s, ~551s remaining)
[03:59:15] 📤 4200/31257 (49.2/s, ~551s remaining)
[03:59:17] 📤 4300/31257 (49.3/s, ~547s remaining)
[03:59:17] 📤 4300/31257 (49.3/s, ~547s remaining)
[03:59:19] 📤 4400/31257 (49.4/s, ~544s remaining)
[03:59:19] 📤 4400/31257 (49.4/s, ~544s remaining)
[03:59:21] 📤 4500/31257 (49.5/s, ~541s remaining)
[03:59:21] 📤 4500/31257 (49.5/s, ~541s remaining)
[03:59:23] 📤 4600/31257 (49.7/s, ~537s remaining)
[03:59:23] 📤 4600/31257 (49.7/s, ~537s remaining)
[03:59:24] 📤 4700/31257 (49.8/s, ~534s remaining)
[03:59:24] 📤 4700/31257 (49.8/s, ~534s remaining)
[03:59:26] 📤 4800/31257 (49.9/s, ~531s remaining)
[03:59:26] 📤 4800/31257 (49.9/s, ~531s remaining)
[03:59:28] 📤 4900/31257 (50.0/s, ~528s remaining)
[03:59:28] 📤 4900/31257 (50.0/s, ~528s remaining)
[03:59:30] 📤 5000/31257 (50.1/s, ~525s remaining)
[03:59:30] 📤 5000/31257 (50.1/s, ~525s remaining)
[03:59:32] 📤 5100/31257 (49.9/s, ~525s remaining)
[03:59:32] 📤 5100/31257 (49.9/s, ~525s remaining)
[03:59:34] 📤 5200/31257 (49.9/s, ~523s remaining)
[03:59:34] 📤 5200/31257 (49.9/s, ~523s remaining)
[03:59:36] 📤 5300/31257 (50.0/s, ~519s remaining)
[03:59:36] 📤 5300/31257 (50.0/s, ~519s remaining)
[03:59:38] 📤 5400/31257 (50.1/s, ~517s remaining)
[03:59:38] 📤 5400/31257 (50.1/s, ~517s remaining)
[03:59:40] 📤 5500/31257 (50.2/s, ~513s remaining)
[03:59:40] 📤 5500/31257 (50.2/s, ~513s remaining)
[03:59:41] 📤 5600/31257 (50.3/s, ~511s remaining)
[03:59:41] 📤 5600/31257 (50.3/s, ~511s remaining)
[03:59:43] 📤 5700/31257 (50.3/s, ~508s remaining)
[03:59:43] 📤 5700/31257 (50.3/s, ~508s remaining)
[03:59:45] 📤 5800/31257 (50.4/s, ~506s remaining)
[03:59:45] 📤 5800/31257 (50.4/s, ~506s remaining)
[03:59:47] 📤 5900/31257 (50.5/s, ~503s remaining)
[03:59:47] 📤 5900/31257 (50.5/s, ~503s remaining)
[03:59:49] 📤 6000/31257 (50.5/s, ~501s remaining)
[03:59:49] 📤 6000/31257 (50.5/s, ~501s remaining)
[03:59:51] 📤 6100/31257 (50.6/s, ~498s remaining)
[03:59:51] 📤 6100/31257 (50.6/s, ~498s remaining)
[03:59:52] 📤 6200/31257 (50.6/s, ~496s remaining)
[03:59:52] 📤 6200/31257 (50.6/s, ~496s remaining)
[03:59:54] 📤 6300/31257 (50.6/s, ~493s remaining)
[03:59:54] 📤 6300/31257 (50.6/s, ~493s remaining)
[03:59:56] 📤 6400/31257 (50.7/s, ~491s remaining)
[03:59:56] 📤 6400/31257 (50.7/s, ~491s remaining)
[03:59:58] 📤 6500/31257 (50.6/s, ~489s remaining)
[03:59:58] 📤 6500/31257 (50.6/s, ~489s remaining)
[04:00:00] 📤 6600/31257 (50.7/s, ~487s remaining)
[04:00:00] 📤 6600/31257 (50.7/s, ~487s remaining)
[04:00:02] 📤 6700/31257 (50.6/s, ~485s remaining)
[04:00:02] 📤 6700/31257 (50.6/s, ~485s remaining)
[04:00:04] 📤 6800/31257 (50.6/s, ~484s remaining)
[04:00:04] 📤 6800/31257 (50.6/s, ~484s remaining)
[04:00:06] 📤 6900/31257 (50.6/s, ~482s remaining)
[04:00:06] 📤 6900/31257 (50.6/s, ~482s remaining)
[04:00:08] 📤 7000/31257 (50.7/s, ~479s remaining)
[04:00:08] 📤 7000/31257 (50.7/s, ~479s remaining)
[04:00:10] 📤 7100/31257 (50.7/s, ~477s remaining)
[04:00:10] 📤 7100/31257 (50.7/s, ~477s remaining)
[04:00:12] 📤 7200/31257 (50.7/s, ~475s remaining)
[04:00:12] 📤 7200/31257 (50.7/s, ~475s remaining)
[04:00:14] 📤 7300/31257 (50.7/s, ~473s remaining)
[04:00:14] 📤 7300/31257 (50.7/s, ~473s remaining)
[04:00:16] 📤 7400/31257 (50.7/s, ~471s remaining)
[04:00:16] 📤 7400/31257 (50.7/s, ~471s remaining)
[04:00:18] 📤 7500/31257 (50.7/s, ~469s remaining)
[04:00:18] 📤 7500/31257 (50.7/s, ~469s remaining)
[04:00:20] 📤 7600/31257 (50.7/s, ~467s remaining)
[04:00:20] 📤 7600/31257 (50.7/s, ~467s remaining)
[04:00:22] 📤 7700/31257 (50.8/s, ~464s remaining)
[04:00:22] 📤 7700/31257 (50.8/s, ~464s remaining)
[04:00:23] 📤 7800/31257 (50.8/s, ~462s remaining)
[04:00:23] 📤 7800/31257 (50.8/s, ~462s remaining)
[04:00:25] 📤 7900/31257 (50.8/s, ~460s remaining)
[04:00:25] 📤 7900/31257 (50.8/s, ~460s remaining)
[04:00:27] 📤 8000/31257 (50.9/s, ~458s remaining)
[04:00:27] 📤 8000/31257 (50.9/s, ~458s remaining)
[04:00:29] 📤 8100/31257 (50.9/s, ~456s remaining)
[04:00:29] 📤 8100/31257 (50.9/s, ~456s remaining)
[04:00:31] 📤 8200/31257 (50.9/s, ~454s remaining)
[04:00:31] 📤 8200/31257 (50.9/s, ~454s remaining)
[04:00:33] 📤 8300/31257 (50.9/s, ~452s remaining)
[04:00:33] 📤 8300/31257 (50.9/s, ~452s remaining)
[04:00:35] 📤 8400/31257 (50.8/s, ~450s remaining)
[04:00:35] 📤 8400/31257 (50.8/s, ~450s remaining)
[04:00:37] 📤 8500/31257 (50.8/s, ~448s remaining)
[04:00:37] 📤 8500/31257 (50.8/s, ~448s remaining)
[04:00:39] 📤 8600/31257 (50.9/s, ~446s remaining)
[04:00:39] 📤 8600/31257 (50.9/s, ~446s remaining)
[04:00:41] 📤 8700/31257 (50.9/s, ~444s remaining)
[04:00:41] 📤 8700/31257 (50.9/s, ~444s remaining)
[04:00:43] 📤 8800/31257 (50.9/s, ~441s remaining)
[04:00:43] 📤 8800/31257 (50.9/s, ~441s remaining)
[04:00:45] 📤 8900/31257 (50.9/s, ~439s remaining)
[04:00:45] 📤 8900/31257 (50.9/s, ~439s remaining)
[04:00:47] 📤 9000/31257 (51.0/s, ~437s remaining)
[04:00:47] 📤 9000/31257 (51.0/s, ~437s remaining)
[04:00:48] 📤 9100/31257 (51.0/s, ~435s remaining)
[04:00:48] 📤 9100/31257 (51.0/s, ~435s remaining)
[04:00:50] 📤 9200/31257 (51.0/s, ~433s remaining)
[04:00:50] 📤 9200/31257 (51.0/s, ~433s remaining)
[04:00:52] 📤 9300/31257 (51.0/s, ~431s remaining)
[04:00:52] 📤 9300/31257 (51.0/s, ~431s remaining)
[04:00:54] 📤 9400/31257 (51.1/s, ~429s remaining)
[04:00:54] 📤 9400/31257 (51.1/s, ~429s remaining)
[04:00:56] 📤 9500/31257 (51.1/s, ~427s remaining)
[04:00:56] 📤 9500/31257 (51.1/s, ~427s remaining)
[04:00:58] 📤 9600/31257 (51.1/s, ~424s remaining)
[04:00:58] 📤 9600/31257 (51.1/s, ~424s remaining)
[04:01:00] 📤 9700/31257 (51.1/s, ~422s remaining)
[04:01:00] 📤 9700/31257 (51.1/s, ~422s remaining)
[04:01:02] 📤 9800/31257 (51.1/s, ~421s remaining)
[04:01:02] 📤 9800/31257 (51.1/s, ~421s remaining)
[04:01:04] 📤 9900/31257 (51.1/s, ~419s remaining)
[04:01:04] 📤 9900/31257 (51.1/s, ~419s remaining)
[04:01:06] 📤 10000/31257 (51.1/s, ~417s remaining)
[04:01:06] 📤 10000/31257 (51.1/s, ~417s remaining)
[04:01:08] 📤 10100/31257 (51.1/s, ~415s remaining)
[04:01:08] 📤 10100/31257 (51.1/s, ~415s remaining)
[04:01:10] 📤 10200/31257 (51.0/s, ~413s remaining)
[04:01:10] 📤 10200/31257 (51.0/s, ~413s remaining)
[04:01:12] 📤 10300/31257 (51.0/s, ~411s remaining)
[04:01:12] 📤 10300/31257 (51.0/s, ~411s remaining)
[04:01:14] 📤 10400/31257 (51.1/s, ~409s remaining)
[04:01:14] 📤 10400/31257 (51.1/s, ~409s remaining)
[04:01:16] 📤 10500/31257 (51.1/s, ~407s remaining)
[04:01:16] 📤 10500/31257 (51.1/s, ~407s remaining)
[04:01:17] 📤 10600/31257 (51.1/s, ~405s remaining)
[04:01:17] 📤 10600/31257 (51.1/s, ~405s remaining)
[04:01:19] 📤 10700/31257 (51.1/s, ~403s remaining)
[04:01:19] 📤 10700/31257 (51.1/s, ~403s remaining)
[04:01:21] 📤 10800/31257 (51.1/s, ~401s remaining)
[04:01:21] 📤 10800/31257 (51.1/s, ~401s remaining)
[04:01:23] 📤 10900/31257 (51.1/s, ~399s remaining)
[04:01:23] 📤 10900/31257 (51.1/s, ~399s remaining)
[04:01:25] 📤 11000/31257 (51.1/s, ~397s remaining)
[04:01:25] 📤 11000/31257 (51.1/s, ~397s remaining)
[04:01:27] 📤 11100/31257 (51.1/s, ~395s remaining)
[04:01:27] 📤 11100/31257 (51.1/s, ~395s remaining)
[04:01:29] 📤 11200/31257 (51.1/s, ~393s remaining)
[04:01:29] 📤 11200/31257 (51.1/s, ~393s remaining)
[04:01:31] 📤 11300/31257 (51.1/s, ~391s remaining)
[04:01:31] 📤 11300/31257 (51.1/s, ~391s remaining)
[04:01:33] 📤 11400/31257 (51.1/s, ~389s remaining)
[04:01:33] 📤 11400/31257 (51.1/s, ~389s remaining)
[04:01:35] 📤 11500/31257 (51.1/s, ~387s remaining)
[04:01:35] 📤 11500/31257 (51.1/s, ~387s remaining)
[04:01:37] 📤 11600/31257 (51.1/s, ~385s remaining)
[04:01:37] 📤 11600/31257 (51.1/s, ~385s remaining)
[04:01:39] 📤 11700/31257 (51.1/s, ~383s remaining)
[04:01:39] 📤 11700/31257 (51.1/s, ~383s remaining)
[04:01:41] 📤 11800/31257 (51.1/s, ~381s remaining)
[04:01:41] 📤 11800/31257 (51.1/s, ~381s remaining)
[04:01:43] 📤 11900/31257 (51.2/s, ~379s remaining)
[04:01:43] 📤 11900/31257 (51.2/s, ~379s remaining)
[04:01:44] 📤 12000/31257 (51.2/s, ~377s remaining)
[04:01:44] 📤 12000/31257 (51.2/s, ~377s remaining)
[04:01:46] 📤 12100/31257 (51.2/s, ~375s remaining)
[04:01:46] 📤 12100/31257 (51.2/s, ~375s remaining)
[04:01:48] 📤 12200/31257 (51.2/s, ~373s remaining)
[04:01:48] 📤 12200/31257 (51.2/s, ~373s remaining)
[04:01:50] 📤 12300/31257 (51.2/s, ~371s remaining)
[04:01:50] 📤 12300/31257 (51.2/s, ~371s remaining)
[04:01:52] 📤 12400/31257 (51.2/s, ~369s remaining)
[04:01:52] 📤 12400/31257 (51.2/s, ~369s remaining)
[04:01:54] 📤 12500/31257 (51.2/s, ~367s remaining)
[04:01:54] 📤 12500/31257 (51.2/s, ~367s remaining)
[04:01:56] 📤 12600/31257 (51.2/s, ~365s remaining)
[04:01:56] 📤 12600/31257 (51.2/s, ~365s remaining)
[04:01:58] 📤 12700/31257 (51.2/s, ~363s remaining)
[04:01:58] 📤 12700/31257 (51.2/s, ~363s remaining)
[04:02:00] 📤 12800/31257 (51.2/s, ~361s remaining)
[04:02:00] 📤 12800/31257 (51.2/s, ~361s remaining)
[04:02:02] 📤 12900/31257 (51.2/s, ~359s remaining)
[04:02:02] 📤 12900/31257 (51.2/s, ~359s remaining)
[04:02:04] 📤 13000/31257 (51.2/s, ~357s remaining)
[04:02:04] 📤 13000/31257 (51.2/s, ~357s remaining)
[04:02:06] 📤 13100/31257 (51.3/s, ~355s remaining)
[04:02:06] 📤 13100/31257 (51.3/s, ~355s remaining)
[04:02:08] 📤 13200/31257 (51.2/s, ~353s remaining)
[04:02:08] 📤 13200/31257 (51.2/s, ~353s remaining)
[04:02:10] 📤 13300/31257 (51.2/s, ~351s remaining)
[04:02:10] 📤 13300/31257 (51.2/s, ~351s remaining)
[04:02:11] 📤 13400/31257 (51.3/s, ~349s remaining)
[04:02:11] 📤 13400/31257 (51.3/s, ~349s remaining)
[04:02:13] 📤 13500/31257 (51.3/s, ~347s remaining)
[04:02:13] 📤 13500/31257 (51.3/s, ~347s remaining)
[04:02:15] 📤 13600/31257 (51.3/s, ~345s remaining)
[04:02:15] 📤 13600/31257 (51.3/s, ~345s remaining)
[04:02:17] 📤 13700/31257 (51.3/s, ~343s remaining)
[04:02:17] 📤 13700/31257 (51.3/s, ~343s remaining)
[04:02:19] 📤 13800/31257 (51.3/s, ~341s remaining)
[04:02:19] 📤 13800/31257 (51.3/s, ~341s remaining)
[04:02:21] 📤 13900/31257 (51.3/s, ~339s remaining)
[04:02:21] 📤 13900/31257 (51.3/s, ~339s remaining)
[04:02:23] 📤 14000/31257 (51.4/s, ~336s remaining)
[04:02:23] 📤 14000/31257 (51.4/s, ~336s remaining)
[04:02:24] 📤 14100/31257 (51.4/s, ~334s remaining)
[04:02:24] 📤 14100/31257 (51.4/s, ~334s remaining)
[04:02:26] 📤 14200/31257 (51.4/s, ~332s remaining)
[04:02:26] 📤 14200/31257 (51.4/s, ~332s remaining)
[04:02:28] 📤 14300/31257 (51.4/s, ~330s remaining)
[04:02:28] 📤 14300/31257 (51.4/s, ~330s remaining)
[04:02:30] 📤 14400/31257 (51.4/s, ~329s remaining)
[04:02:30] 📤 14400/31257 (51.4/s, ~329s remaining)
[04:02:32] 📤 14500/31257 (51.3/s, ~327s remaining)
[04:02:32] 📤 14500/31257 (51.3/s, ~327s remaining)
[04:02:34] 📤 14600/31257 (51.4/s, ~325s remaining)
[04:02:34] 📤 14600/31257 (51.4/s, ~325s remaining)
[04:02:36] 📤 14700/31257 (51.4/s, ~323s remaining)
[04:02:36] 📤 14700/31257 (51.4/s, ~323s remaining)
[04:02:38] 📤 14800/31257 (51.4/s, ~321s remaining)
[04:02:38] 📤 14800/31257 (51.4/s, ~321s remaining)
[04:02:40] 📤 14900/31257 (51.4/s, ~319s remaining)
[04:02:40] 📤 14900/31257 (51.4/s, ~319s remaining)
[04:02:42] 📤 15000/31257 (51.4/s, ~317s remaining)
[04:02:42] 📤 15000/31257 (51.4/s, ~317s remaining)
[04:02:43] 📤 15100/31257 (51.5/s, ~315s remaining)
[04:02:43] 📤 15100/31257 (51.5/s, ~315s remaining)
[04:02:45] 📤 15200/31257 (51.5/s, ~312s remaining)
[04:02:45] 📤 15200/31257 (51.5/s, ~312s remaining)
[04:02:47] 📤 15300/31257 (51.5/s, ~310s remaining)
[04:02:47] 📤 15300/31257 (51.5/s, ~310s remaining)
[04:02:49] 📤 15400/31257 (51.4/s, ~309s remaining)
[04:02:49] 📤 15400/31257 (51.4/s, ~309s remaining)
[04:02:52] 📤 15500/31257 (51.3/s, ~308s remaining)
[04:02:52] 📤 15500/31257 (51.3/s, ~308s remaining)
[04:02:55] 📤 15600/31257 (51.2/s, ~306s remaining)
[04:02:55] 📤 15600/31257 (51.2/s, ~306s remaining)
[04:02:57] 📤 15700/31257 (51.1/s, ~305s remaining)
[04:02:57] 📤 15700/31257 (51.1/s, ~305s remaining)
[04:03:00] 📤 15800/31257 (51.0/s, ~304s remaining)
[04:03:00] 📤 15800/31257 (51.0/s, ~304s remaining)
[04:03:02] 📤 15900/31257 (50.9/s, ~302s remaining)
[04:03:02] 📤 15900/31257 (50.9/s, ~302s remaining)
[04:03:06] 📤 16000/31257 (50.7/s, ~302s remaining)
[04:03:06] 📤 16000/31257 (50.7/s, ~302s remaining)
[04:03:10] 📤 16100/31257 (50.3/s, ~302s remaining)
[04:03:10] 📤 16100/31257 (50.3/s, ~302s remaining)
[04:03:13] 📤 16200/31257 (50.2/s, ~300s remaining)
[04:03:13] 📤 16200/31257 (50.2/s, ~300s remaining)
[04:03:16] 📤 16300/31257 (50.0/s, ~300s remaining)
[04:03:16] 📤 16300/31257 (50.0/s, ~300s remaining)
[04:03:18] 📤 16400/31257 (49.9/s, ~298s remaining)
[04:03:18] 📤 16400/31257 (49.9/s, ~298s remaining)
[04:03:21] 📤 16500/31257 (49.9/s, ~296s remaining)
[04:03:21] 📤 16500/31257 (49.9/s, ~296s remaining)
[04:03:23] 📤 16600/31257 (49.8/s, ~295s remaining)
[04:03:23] 📤 16600/31257 (49.8/s, ~295s remaining)
[04:03:26] 📤 16700/31257 (49.7/s, ~293s remaining)
[04:03:26] 📤 16700/31257 (49.7/s, ~293s remaining)
[04:03:29] 📤 16800/31257 (49.6/s, ~292s remaining)
[04:03:29] 📤 16800/31257 (49.6/s, ~292s remaining)
[04:03:32] 📤 16900/31257 (49.4/s, ~291s remaining)
[04:03:32] 📤 16900/31257 (49.4/s, ~291s remaining)
[04:03:34] 📤 17000/31257 (49.4/s, ~289s remaining)
[04:03:34] 📤 17000/31257 (49.4/s, ~289s remaining)
[04:03:37] 📤 17100/31257 (49.3/s, ~288s remaining)
[04:03:37] 📤 17100/31257 (49.3/s, ~288s remaining)
[04:03:40] 📤 17200/31257 (49.2/s, ~286s remaining)
[04:03:40] 📤 17200/31257 (49.2/s, ~286s remaining)
[04:03:42] 📤 17300/31257 (49.1/s, ~285s remaining)
[04:03:42] 📤 17300/31257 (49.1/s, ~285s remaining)
[04:03:45] 📤 17400/31257 (49.0/s, ~283s remaining)
[04:03:45] 📤 17400/31257 (49.0/s, ~283s remaining)
[04:03:47] 📤 17500/31257 (49.0/s, ~281s remaining)
[04:03:47] 📤 17500/31257 (49.0/s, ~281s remaining)
[04:03:50] 📤 17600/31257 (48.9/s, ~280s remaining)
[04:03:50] 📤 17600/31257 (48.9/s, ~280s remaining)
[04:03:52] 📤 17700/31257 (48.8/s, ~278s remaining)
[04:03:52] 📤 17700/31257 (48.8/s, ~278s remaining)
[04:03:55] 📤 17800/31257 (48.8/s, ~277s remaining)
[04:03:55] 📤 17800/31257 (48.8/s, ~277s remaining)
[04:03:58] 📤 17900/31257 (48.7/s, ~275s remaining)
[04:03:58] 📤 17900/31257 (48.7/s, ~275s remaining)
[04:04:00] 📤 18000/31257 (48.6/s, ~273s remaining)
[04:04:00] 📤 18000/31257 (48.6/s, ~273s remaining)
[04:04:03] 📤 18100/31257 (48.5/s, ~272s remaining)
[04:04:03] 📤 18100/31257 (48.5/s, ~272s remaining)
[04:04:05] 📤 18200/31257 (48.5/s, ~270s remaining)
[04:04:05] 📤 18200/31257 (48.5/s, ~270s remaining)
[04:04:08] 📤 18300/31257 (48.4/s, ~268s remaining)
[04:04:08] 📤 18300/31257 (48.4/s, ~268s remaining)
[04:04:10] 📤 18400/31257 (48.4/s, ~266s remaining)
[04:04:10] 📤 18400/31257 (48.4/s, ~266s remaining)
[04:04:12] 📤 18500/31257 (48.4/s, ~264s remaining)
[04:04:12] 📤 18500/31257 (48.4/s, ~264s remaining)
[04:04:14] 📤 18600/31257 (48.4/s, ~262s remaining)
[04:04:14] 📤 18600/31257 (48.4/s, ~262s remaining)
[04:04:16] 📤 18700/31257 (48.5/s, ~260s remaining)
[04:04:16] 📤 18700/31257 (48.5/s, ~260s remaining)
[04:04:17] 📤 18800/31257 (48.5/s, ~257s remaining)
[04:04:17] 📤 18800/31257 (48.5/s, ~257s remaining)
[04:04:19] 📤 18900/31257 (48.5/s, ~255s remaining)
[04:04:19] 📤 18900/31257 (48.5/s, ~255s remaining)
[04:04:21] 📤 19000/31257 (48.5/s, ~253s remaining)
[04:04:21] 📤 19000/31257 (48.5/s, ~253s remaining)
[04:04:23] 📤 19100/31257 (48.6/s, ~251s remaining)
[04:04:23] 📤 19100/31257 (48.6/s, ~251s remaining)
[04:04:25] 📤 19200/31257 (48.6/s, ~249s remaining)
[04:04:25] 📤 19200/31257 (48.6/s, ~249s remaining)
[04:04:27] 📤 19300/31257 (48.6/s, ~247s remaining)
[04:04:27] 📤 19300/31257 (48.6/s, ~247s remaining)
[04:04:29] 📤 19400/31257 (48.6/s, ~244s remaining)
[04:04:29] 📤 19400/31257 (48.6/s, ~244s remaining)
[04:04:31] 📤 19500/31257 (48.6/s, ~242s remaining)
[04:04:31] 📤 19500/31257 (48.6/s, ~242s remaining)
[04:04:33] 📤 19600/31257 (48.6/s, ~240s remaining)
[04:04:33] 📤 19600/31257 (48.6/s, ~240s remaining)
[04:04:35] 📤 19700/31257 (48.6/s, ~238s remaining)
[04:04:35] 📤 19700/31257 (48.6/s, ~238s remaining)
[04:04:37] 📤 19800/31257 (48.6/s, ~236s remaining)
[04:04:37] 📤 19800/31257 (48.6/s, ~236s remaining)
[04:04:39] 📤 19900/31257 (48.6/s, ~234s remaining)
[04:04:39] 📤 19900/31257 (48.6/s, ~234s remaining)
[04:04:41] 📤 20000/31257 (48.6/s, ~232s remaining)
[04:04:41] 📤 20000/31257 (48.6/s, ~232s remaining)
[04:04:43] 📤 20100/31257 (48.6/s, ~230s remaining)
[04:04:43] 📤 20100/31257 (48.6/s, ~230s remaining)
[04:04:45] 📤 20200/31257 (48.6/s, ~228s remaining)
[04:04:45] 📤 20200/31257 (48.6/s, ~228s remaining)
[04:04:47] 📤 20300/31257 (48.7/s, ~226s remaining)
[04:04:47] 📤 20300/31257 (48.7/s, ~226s remaining)
[04:04:49] 📤 20400/31257 (48.7/s, ~224s remaining)
[04:04:49] 📤 20400/31257 (48.7/s, ~224s remaining)
[04:04:51] 📤 20500/31257 (48.7/s, ~221s remaining)
[04:04:51] 📤 20500/31257 (48.7/s, ~221s remaining)
[04:04:53] 📤 20600/31257 (48.7/s, ~219s remaining)
[04:04:53] 📤 20600/31257 (48.7/s, ~219s remaining)
[04:04:55] 📤 20700/31257 (48.7/s, ~217s remaining)
[04:04:55] 📤 20700/31257 (48.7/s, ~217s remaining)
[04:04:57] 📤 20800/31257 (48.7/s, ~215s remaining)
[04:04:57] 📤 20800/31257 (48.7/s, ~215s remaining)
[04:04:59] 📤 20900/31257 (48.7/s, ~213s remaining)
[04:04:59] 📤 20900/31257 (48.7/s, ~213s remaining)
[04:05:01] 📤 21000/31257 (48.7/s, ~211s remaining)
[04:05:01] 📤 21000/31257 (48.7/s, ~211s remaining)
[04:05:03] 📤 21100/31257 (48.7/s, ~209s remaining)
[04:05:03] 📤 21100/31257 (48.7/s, ~209s remaining)
[04:05:05] 📤 21200/31257 (48.8/s, ~207s remaining)
[04:05:05] 📤 21200/31257 (48.8/s, ~207s remaining)
[04:05:07] 📤 21300/31257 (48.8/s, ~205s remaining)
[04:05:07] 📤 21300/31257 (48.8/s, ~205s remaining)
[04:05:08] 📤 21400/31257 (48.8/s, ~202s remaining)
[04:05:08] 📤 21400/31257 (48.8/s, ~202s remaining)
[04:05:10] 📤 21500/31257 (48.8/s, ~200s remaining)
[04:05:10] 📤 21500/31257 (48.8/s, ~200s remaining)
[04:05:12] 📤 21600/31257 (48.8/s, ~198s remaining)
[04:05:12] 📤 21600/31257 (48.8/s, ~198s remaining)
[04:05:14] 📤 21700/31257 (48.9/s, ~196s remaining)
[04:05:14] 📤 21700/31257 (48.9/s, ~196s remaining)
[04:05:16] 📤 21800/31257 (48.9/s, ~194s remaining)
[04:05:16] 📤 21800/31257 (48.9/s, ~194s remaining)
[04:05:18] 📤 21900/31257 (48.9/s, ~192s remaining)
[04:05:18] 📤 21900/31257 (48.9/s, ~192s remaining)
[04:05:20] 📤 22000/31257 (48.9/s, ~190s remaining)
[04:05:20] 📤 22000/31257 (48.9/s, ~190s remaining)
[04:05:22] 📤 22100/31257 (48.9/s, ~188s remaining)
[04:05:22] 📤 22100/31257 (48.9/s, ~188s remaining)
[04:05:23] 📤 22200/31257 (49.0/s, ~185s remaining)
[04:05:23] 📤 22200/31257 (49.0/s, ~185s remaining)
[04:05:25] 📤 22300/31257 (49.0/s, ~183s remaining)
[04:05:25] 📤 22300/31257 (49.0/s, ~183s remaining)
[04:05:27] 📤 22400/31257 (49.0/s, ~181s remaining)
[04:05:27] 📤 22400/31257 (49.0/s, ~181s remaining)
[04:05:30] 📤 22500/31257 (48.9/s, ~180s remaining)
[04:05:30] 📤 22500/31257 (48.9/s, ~180s remaining)
[04:05:32] 📤 22600/31257 (48.9/s, ~177s remaining)
[04:05:32] 📤 22600/31257 (48.9/s, ~177s remaining)
[04:05:34] 📤 22700/31257 (48.9/s, ~175s remaining)
[04:05:34] 📤 22700/31257 (48.9/s, ~175s remaining)
[04:05:36] 📤 22800/31257 (48.9/s, ~173s remaining)
[04:05:36] 📤 22800/31257 (48.9/s, ~173s remaining)
[04:05:38] 📤 22900/31257 (48.9/s, ~171s remaining)
[04:05:38] 📤 22900/31257 (48.9/s, ~171s remaining)
[04:05:40] 📤 23000/31257 (48.9/s, ~169s remaining)
[04:05:40] 📤 23000/31257 (48.9/s, ~169s remaining)
[04:05:42] 📤 23100/31257 (49.0/s, ~167s remaining)
[04:05:42] 📤 23100/31257 (49.0/s, ~167s remaining)
[04:05:44] 📤 23200/31257 (49.0/s, ~165s remaining)
[04:05:44] 📤 23200/31257 (49.0/s, ~165s remaining)
[04:05:46] 📤 23300/31257 (49.0/s, ~163s remaining)
[04:05:46] 📤 23300/31257 (49.0/s, ~163s remaining)
[04:05:48] 📤 23400/31257 (49.0/s, ~161s remaining)
[04:05:48] 📤 23400/31257 (49.0/s, ~161s remaining)
[04:05:49] 📤 23500/31257 (49.0/s, ~159s remaining)
[04:05:49] 📤 23500/31257 (49.0/s, ~159s remaining)
[04:05:51] 📤 23600/31257 (49.0/s, ~157s remaining)
[04:05:51] 📤 23600/31257 (49.0/s, ~157s remaining)
[04:05:53] 📤 23700/31257 (49.0/s, ~155s remaining)
[04:05:53] 📤 23700/31257 (49.0/s, ~155s remaining)
[04:05:55] 📤 23800/31257 (49.1/s, ~153s remaining)
[04:05:55] 📤 23800/31257 (49.1/s, ~153s remaining)
[04:05:57] 📤 23900/31257 (49.1/s, ~150s remaining)
[04:05:57] 📤 23900/31257 (49.1/s, ~150s remaining)
[04:05:59] 📤 24000/31257 (49.1/s, ~148s remaining)
[04:05:59] 📤 24000/31257 (49.1/s, ~148s remaining)
[04:06:01] 📤 24100/31257 (49.1/s, ~146s remaining)
[04:06:01] 📤 24100/31257 (49.1/s, ~146s remaining)
[04:06:03] 📤 24200/31257 (49.1/s, ~144s remaining)
[04:06:03] 📤 24200/31257 (49.1/s, ~144s remaining)
[04:06:05] 📤 24300/31257 (49.1/s, ~142s remaining)
[04:06:05] 📤 24300/31257 (49.1/s, ~142s remaining)
[04:06:07] 📤 24400/31257 (49.1/s, ~140s remaining)
[04:06:07] 📤 24400/31257 (49.1/s, ~140s remaining)
[04:06:09] 📤 24500/31257 (49.1/s, ~138s remaining)
[04:06:09] 📤 24500/31257 (49.1/s, ~138s remaining)
[04:06:11] 📤 24600/31257 (49.1/s, ~136s remaining)
[04:06:11] 📤 24600/31257 (49.1/s, ~136s remaining)
[04:06:13] 📤 24700/31257 (49.1/s, ~134s remaining)
[04:06:13] 📤 24700/31257 (49.1/s, ~134s remaining)
[04:06:14] 📤 24800/31257 (49.2/s, ~132s remaining)
[04:06:14] 📤 24800/31257 (49.2/s, ~132s remaining)
[04:06:16] 📤 24900/31257 (49.2/s, ~130s remaining)
[04:06:16] 📤 24900/31257 (49.2/s, ~130s remaining)
[04:06:18] 📤 25000/31257 (49.2/s, ~128s remaining)
[04:06:18] 📤 25000/31257 (49.2/s, ~128s remaining)
[04:06:20] 📤 25100/31257 (49.2/s, ~126s remaining)
[04:06:20] 📤 25100/31257 (49.2/s, ~126s remaining)
[04:06:22] 📤 25200/31257 (49.2/s, ~124s remaining)
[04:06:22] 📤 25200/31257 (49.2/s, ~124s remaining)
[04:06:24] 📤 25300/31257 (49.2/s, ~122s remaining)
[04:06:24] 📤 25300/31257 (49.2/s, ~122s remaining)
[04:06:26] 📤 25400/31257 (49.2/s, ~119s remaining)
[04:06:26] 📤 25400/31257 (49.2/s, ~119s remaining)
[04:06:28] 📤 25500/31257 (49.2/s, ~117s remaining)
[04:06:28] 📤 25500/31257 (49.2/s, ~117s remaining)
[04:06:30] 📤 25600/31257 (49.3/s, ~115s remaining)
[04:06:30] 📤 25600/31257 (49.3/s, ~115s remaining)
[04:06:31] 📤 25700/31257 (49.3/s, ~113s remaining)
[04:06:31] 📤 25700/31257 (49.3/s, ~113s remaining)
[04:06:33] 📤 25800/31257 (49.3/s, ~111s remaining)
[04:06:33] 📤 25800/31257 (49.3/s, ~111s remaining)
[04:06:35] 📤 25900/31257 (49.3/s, ~109s remaining)
[04:06:35] 📤 25900/31257 (49.3/s, ~109s remaining)
[04:06:37] 📤 26000/31257 (49.3/s, ~107s remaining)
[04:06:37] 📤 26000/31257 (49.3/s, ~107s remaining)
[04:06:39] 📤 26100/31257 (49.3/s, ~105s remaining)
[04:06:39] 📤 26100/31257 (49.3/s, ~105s remaining)
[04:06:41] 📤 26200/31257 (49.3/s, ~103s remaining)
[04:06:41] 📤 26200/31257 (49.3/s, ~103s remaining)
[04:06:43] 📤 26300/31257 (49.4/s, ~101s remaining)
[04:06:43] 📤 26300/31257 (49.4/s, ~101s remaining)
[04:06:45] 📤 26400/31257 (49.4/s, ~99s remaining)
[04:06:45] 📤 26400/31257 (49.4/s, ~99s remaining)
[04:06:47] 📤 26500/31257 (49.4/s, ~97s remaining)
[04:06:47] 📤 26500/31257 (49.4/s, ~97s remaining)
[04:06:48] 📤 26600/31257 (49.4/s, ~95s remaining)
[04:06:48] 📤 26600/31257 (49.4/s, ~95s remaining)
[04:06:50] 📤 26700/31257 (49.4/s, ~93s remaining)
[04:06:50] 📤 26700/31257 (49.4/s, ~93s remaining)
[04:06:52] 📤 26800/31257 (49.4/s, ~91s remaining)
[04:06:52] 📤 26800/31257 (49.4/s, ~91s remaining)
[04:06:54] 📤 26900/31257 (49.4/s, ~89s remaining)
[04:06:54] 📤 26900/31257 (49.4/s, ~89s remaining)
[04:06:56] 📤 27000/31257 (49.4/s, ~87s remaining)
[04:06:56] 📤 27000/31257 (49.4/s, ~87s remaining)
[04:06:58] 📤 27100/31257 (49.5/s, ~85s remaining)
[04:06:58] 📤 27100/31257 (49.5/s, ~85s remaining)
[04:07:00] 📤 27200/31257 (49.5/s, ~83s remaining)
[04:07:00] 📤 27200/31257 (49.5/s, ~83s remaining)
[04:07:02] 📤 27300/31257 (49.5/s, ~80s remaining)
[04:07:02] 📤 27300/31257 (49.5/s, ~80s remaining)
[04:07:04] 📤 27400/31257 (49.5/s, ~78s remaining)
[04:07:04] 📤 27400/31257 (49.5/s, ~78s remaining)
[04:07:06] 📤 27500/31257 (49.4/s, ~76s remaining)
[04:07:06] 📤 27500/31257 (49.4/s, ~76s remaining)
[04:07:08] 📤 27600/31257 (49.5/s, ~74s remaining)
[04:07:08] 📤 27600/31257 (49.5/s, ~74s remaining)
[04:07:10] 📤 27700/31257 (49.5/s, ~72s remaining)
[04:07:10] 📤 27700/31257 (49.5/s, ~72s remaining)
[04:07:12] 📤 27800/31257 (49.5/s, ~70s remaining)
[04:07:12] 📤 27800/31257 (49.5/s, ~70s remaining)
[04:07:14] 📤 27900/31257 (49.5/s, ~68s remaining)
[04:07:14] 📤 27900/31257 (49.5/s, ~68s remaining)
[04:07:16] 📤 28000/31257 (49.5/s, ~66s remaining)
[04:07:16] 📤 28000/31257 (49.5/s, ~66s remaining)
[04:07:18] 📤 28100/31257 (49.5/s, ~64s remaining)
[04:07:18] 📤 28100/31257 (49.5/s, ~64s remaining)
[04:07:20] 📤 28200/31257 (49.5/s, ~62s remaining)
[04:07:20] 📤 28200/31257 (49.5/s, ~62s remaining)
[04:07:21] 📤 28300/31257 (49.5/s, ~60s remaining)
[04:07:21] 📤 28300/31257 (49.5/s, ~60s remaining)
[04:07:23] 📤 28400/31257 (49.5/s, ~58s remaining)
[04:07:23] 📤 28400/31257 (49.5/s, ~58s remaining)
[04:07:25] 📤 28500/31257 (49.6/s, ~56s remaining)
[04:07:25] 📤 28500/31257 (49.6/s, ~56s remaining)
[04:07:27] 📤 28600/31257 (49.6/s, ~54s remaining)
[04:07:27] 📤 28600/31257 (49.6/s, ~54s remaining)
[04:07:29] 📤 28700/31257 (49.6/s, ~52s remaining)
[04:07:29] 📤 28700/31257 (49.6/s, ~52s remaining)
[04:07:31] 📤 28800/31257 (49.6/s, ~50s remaining)
[04:07:31] 📤 28800/31257 (49.6/s, ~50s remaining)
[04:07:33] 📤 28900/31257 (49.6/s, ~48s remaining)
[04:07:33] 📤 28900/31257 (49.6/s, ~48s remaining)
[04:07:34] 📤 29000/31257 (49.6/s, ~46s remaining)
[04:07:34] 📤 29000/31257 (49.6/s, ~46s remaining)
[04:07:36] 📤 29100/31257 (49.6/s, ~44s remaining)
[04:07:36] 📤 29100/31257 (49.6/s, ~44s remaining)
[04:07:38] 📤 29200/31257 (49.6/s, ~42s remaining)
[04:07:38] 📤 29200/31257 (49.6/s, ~42s remaining)
[04:07:40] 📤 29300/31257 (49.6/s, ~40s remaining)
[04:07:40] 📤 29300/31257 (49.6/s, ~40s remaining)
[04:07:42] 📤 29400/31257 (49.6/s, ~38s remaining)
[04:07:42] 📤 29400/31257 (49.6/s, ~38s remaining)
[04:07:44] 📤 29500/31257 (49.6/s, ~36s remaining)
[04:07:44] 📤 29500/31257 (49.6/s, ~36s remaining)
[04:07:46] 📤 29600/31257 (49.7/s, ~34s remaining)
[04:07:46] 📤 29600/31257 (49.7/s, ~34s remaining)
[04:07:48] 📤 29700/31257 (49.7/s, ~32s remaining)
[04:07:48] 📤 29700/31257 (49.7/s, ~32s remaining)
[04:07:50] 📤 29800/31257 (49.7/s, ~30s remaining)
[04:07:50] 📤 29800/31257 (49.7/s, ~30s remaining)
[04:07:52] 📤 29900/31257 (49.7/s, ~28s remaining)
[04:07:52] 📤 29900/31257 (49.7/s, ~28s remaining)
[04:07:54] 📤 30000/31257 (49.7/s, ~26s remaining)
[04:07:54] 📤 30000/31257 (49.7/s, ~26s remaining)
[04:07:55] 📤 30100/31257 (49.7/s, ~24s remaining)
[04:07:55] 📤 30100/31257 (49.7/s, ~24s remaining)
[04:07:57] 📤 30200/31257 (49.7/s, ~22s remaining)
[04:07:57] 📤 30200/31257 (49.7/s, ~22s remaining)
[04:07:59] 📤 30300/31257 (49.8/s, ~20s remaining)
[04:07:59] 📤 30300/31257 (49.8/s, ~20s remaining)
[04:08:01] 📤 30400/31257 (49.8/s, ~18s remaining)
[04:08:01] 📤 30400/31257 (49.8/s, ~18s remaining)
[04:08:02] 📤 30500/31257 (49.8/s, ~16s remaining)
[04:08:02] 📤 30500/31257 (49.8/s, ~16s remaining)
[04:08:04] 📤 30600/31257 (49.8/s, ~14s remaining)
[04:08:04] 📤 30600/31257 (49.8/s, ~14s remaining)
[04:08:06] 📤 30700/31257 (49.9/s, ~12s remaining)
[04:08:06] 📤 30700/31257 (49.9/s, ~12s remaining)
[04:08:07] 📤 30800/31257 (49.9/s, ~10s remaining)
[04:08:07] 📤 30800/31257 (49.9/s, ~10s remaining)
[04:08:09] 📤 30900/31257 (49.9/s, ~8s remaining)
[04:08:09] 📤 30900/31257 (49.9/s, ~8s remaining)
[04:08:11] 📤 31000/31257 (49.9/s, ~6s remaining)
[04:08:11] 📤 31000/31257 (49.9/s, ~6s remaining)
[04:08:13] 📤 31100/31257 (50.0/s, ~4s remaining)
[04:08:13] 📤 31100/31257 (50.0/s, ~4s remaining)
[04:08:14] 📤 31200/31257 (50.0/s, ~2s remaining)
[04:08:14] 📤 31200/31257 (50.0/s, ~2s remaining)
[04:08:16] 
✅ 上传完成! 耗时: 625.8s
[04:08:16] 
✅ 上传完成! 耗时: 625.8s
[04:08:16]    成功: 16486
[04:08:16]    成功: 16486
[04:08:16]    失败: 14790
[04:08:16]    失败: 14790
[04:08:16]    失败列表:
[04:08:16]    失败列表:
[04:08:16]      data/chapters/novel-123-the-proud-alchemy-god/ch-0210.json: Vercel Blob: Too many requests please lower the number of concurrent requests  - try again in 60 seconds.
[04:08:16]      data/chapters/novel-123-the-proud-alchemy-god/ch-0210.json: Vercel Blob: Too many requests please lower the number of concurrent requests  - try again in 60 seconds.
[04:08:16]      data/chapters/novel-123-the-proud-alchemy-god/ch-0211.json: Vercel Blob: Too many requests please lower the number of concurrent requests  - try again in 60 seconds.
[04:08:16]      data/chapters/novel-123-the-proud-alchemy-god/ch-0211.json: Vercel Blob: Too many requests please lower the number of concurrent requests  - try again in 60 seconds.
[04:08:16]      data/chapters/novel-123-the-proud-alchemy-god/ch-0213.json: Vercel Blob: Too many requests please lower the number of concurrent requests  - try again in 60 seconds.
[04:08:16]      data/chapters/novel-123-the-proud-alchemy-god/ch-0213.json: Vercel Blob: Too many requests please lower the number of concurrent requests  - try again in 60 seconds.
[04:08:16]      data/chapters/novel-123-the-proud-alchemy-god/ch-0212.json: Vercel Blob: Too many requests please lower the number of concurrent requests  - try again in 60 seconds.
[04:08:16]      data/chapters/novel-123-the-proud-alchemy-god/ch-0212.json: Vercel Blob: Too many requests please lower the number of concurrent requests  - try again in 60 seconds.
[04:08:16]      data/chapters/novel-123-the-proud-alchemy-god/ch-0216.json: Vercel Blob: Too many requests please lower the number of concurrent requests  - try again in 60 seconds.
[04:08:16]      data/chapters/novel-123-the-proud-alchemy-god/ch-0216.json: Vercel Blob: Too many requests please lower the number of concurrent requests  - try again in 60 seconds.
[04:08:16]      data/chapters/novel-123-the-proud-alchemy-god/ch-0215.json: Vercel Blob: Too many requests please lower the number of concurrent requests  - try again in 60 seconds.
[04:08:16]      data/chapters/novel-123-the-proud-alchemy-god/ch-0215.json: Vercel Blob: Too many requests please lower the number of concurrent requests  - try again in 60 seconds.
[04:08:16]      data/chapters/novel-123-the-proud-alchemy-god/ch-0217.json: Vercel Blob: Too many requests please lower the number of concurrent requests  - try again in 60 seconds.
[04:08:16]      data/chapters/novel-123-the-proud-alchemy-god/ch-0217.json: Vercel Blob: Too many requests please lower the number of concurrent requests  - try again in 60 seconds.
[04:08:16]      data/chapters/novel-123-the-proud-alchemy-god/ch-0214.json: Vercel Blob: Too many requests please lower the number of concurrent requests  - try again in 60 seconds.
[04:08:16]      data/chapters/novel-123-the-proud-alchemy-god/ch-0214.json: Vercel Blob: Too many requests please lower the number of concurrent requests  - try again in 60 seconds.
[04:08:16]      data/chapters/novel-123-the-proud-alchemy-god/ch-0218.json: Vercel Blob: Too many requests please lower the number of concurrent requests  - try again in 60 seconds.
[04:08:16]      data/chapters/novel-123-the-proud-alchemy-god/ch-0218.json: Vercel Blob: Too many requests please lower the number of concurrent requests  - try again in 60 seconds.
[04:08:16]      data/chapters/novel-123-the-proud-alchemy-god/ch-0219.json: Vercel Blob: Too many requests please lower the number of concurrent requests  - try again in 60 seconds.
[04:08:16]      data/chapters/novel-123-the-proud-alchemy-god/ch-0219.json: Vercel Blob: Too many requests please lower the number of concurrent requests  - try again in 60 seconds.
