============================================================
Multi-site Novel Crawler
============================================================

📚 Crawling quanwenyuedu.io...
quanwenyuedu: discovered 69 new novels
  本只想围观: 80 chapter links → 本只想围观
    scraped 10 chapters
  兵吞天下: 513 chapter links → 兵吞天下
    scraped 10 chapters
  召唤英雄联盟: 100 chapter links → 召唤英雄联盟
    scraped 10 chapters
  时间掌控者的刀塔: 187 chapter links → 时间掌控者的刀塔
    scraped 10 chapters
  召唤圣剑: 693 chapter links → 召唤圣剑
    scraped 10 chapters
  异界全职业大师: 653 chapter links → 异界全职业大师
    scraped 10 chapters
  全球之英雄联盟: 345 chapter links → 全球之英雄联盟
    scraped 10 chapters
  英雄无敌之召唤千军: 276 chapter links → 英雄无敌之召唤千军
    scraped 10 chapters
  网游之全职跟班: 504 chapter links → 网游之全职跟班
    scraped 10 chapters
  神匠职业领主: 533 chapter links → 神匠职业领主
    scraped 10 chapters
  神魔进化: 158 chapter links → 神魔进化
    scraped 10 chapters
  球场狂徒: 478 chapter links → 球场狂徒
    scraped 10 chapters
  超级游戏商店系统: 128 chapter links → 超级游戏商店系统
    scraped 10 chapters
  虚竹传人的足球之旅: 285 chapter links → 虚竹传人的足球之旅
    scraped 10 chapters
  神圣铸剑师: 406 chapter links → 神圣铸剑师
    scraped 10 chapters
  随身游戏在异界: 244 chapter links → 随身游戏在异界
    scraped 10 chapters
  国足救世主: 259 chapter links → 国足救世主
    scraped 10 chapters
  圣道邪尊: 300 chapter links → 圣道邪尊
    scraped 10 chapters
  篮坛饿狼传说: 278 chapter links → 篮坛饿狼传说
    scraped 10 chapters
  高手系统: 148 chapter links → 高手系统
    scraped 10 chapters
  → 20 novels, 200 chapters

📚 Crawling tmwxw.net...
tmwxw: discovered 0 new novels
  → 0 novels, 0 chapters

📚 Crawling yqxxs.com...
yqxxs: discovered 62 new novels
  正妻夜逃: 11 chapter pages → 正妻夜逃
    scraped 10 chapters
  大智若愚妻: 11 chapter pages → 大智若愚妻
    scraped 10 chapters
  新婚夜休妻夜: 11 chapter pages → 新婚夜休妻夜
    scraped 10 chapters
  捡夫宝娘子 [金妍]
			戚家四兄弟只剩他戚无双这个当家老大还未娶妻，
看弟弟们恩爱成双，加上每天被媒婆们当大肥羊紧盯著，
他烦不胜烦，决定出门躲掉这些碍眼的烦人事。
但出游不成、衰到底的他，不幸船难落水被个女人捡走。: 11 chapter pages → 捡夫宝娘子-金妍-戚家四兄弟只剩他戚无双这个当家老大还未娶妻-看弟弟们恩爱成双加上每天被媒婆们当大肥羊紧盯著-他烦不胜烦
    scraped 10 chapters
  戏夫水娘子 [金妍]: 11 chapter pages → 戏夫水娘子-金妍
    scraped 10 chapters
  驯夫甜娘子 [金妍]: 11 chapter pages → 驯夫甜娘子-金妍
    scraped 10 chapters
  整夫小娘子 [金妍]: 11 chapter pages → 整夫小娘子-金妍
    scraped 10 chapters
  秀气老婆 [星野彗]: 11 chapter pages → 秀气老婆-星野彗
    scraped 10 chapters
  福气大嫂 [星野彗]: 11 chapter pages → 福气大嫂-星野彗
    scraped 10 chapters
  傻气前妻 [星野彗]: 11 chapter pages → 傻气前妻-星野彗
    scraped 10 chapters
  冰荷掬兰 [灿非]: 11 chapter pages → 冰荷掬兰-灿非
    scraped 10 chapters
  医结同心（下） [宁馨]: 11 chapter pages → 医结同心下-宁馨
    scraped 10 chapters
  医结同心（上） [宁馨]: 11 chapter pages → 医结同心上-宁馨
    scraped 10 chapters
  前妻逃不掉 [贝蕾]: 11 chapter pages → 前妻逃不掉-贝蕾
    scraped 10 chapters
  暖心食堂（下） [阳光晴子]: 11 chapter pages → 暖心食堂下-阳光晴子
    scraped 10 chapters
  → 15 novels, 150 chapters

📚 Crawling 23wx.io...
23wx.io: discovered 798 new novels (from 798 unique IDs)
  九叔：系统，道术给我全加满！ by 鸡哥的自我救赎: 361 chapters → 九叔系统道术给我全加满
    scraped 20/20 chapters
  炼气期如履薄冰，元婴期重拳出击 by 金火旺甲木: 368 chapters → 炼气期如履薄冰元婴期重拳出击
    scraped 20/20 chapters
  一部帝经镇万古 by 星辰之巅: 368 chapters → 一部帝经镇万古
    scraped 20/20 chapters
  重生不为后之嫡女无双 by 痞子雪: 320 chapters → 重生不为后之嫡女无双
    scraped 20/20 chapters
  梦中强吻女帝，被找上门了怎么办 by 干枯大地3: 366 chapters → 梦中强吻女帝被找上门了怎么办
    scraped 20/20 chapters
  极道剑尊 by 二十七杯酒: 372 chapters → 极道剑尊
    scraped 20/20 chapters
  师叔，你的法宝太不正经了 by 李别浪: 370 chapters → 师叔你的法宝太不正经了
    scraped 19/20 chapters
  掌门师伯新收了个女徒弟 by 三行的书哟: 358 chapters → 掌门师伯新收了个女徒弟
    scraped 20/20 chapters
  我能穿越去修仙，你跟我分手？ by 神龙吸水: 372 chapters → 我能穿越去修仙你跟我分手
    scraped 20/20 chapters
  造化仙族 by 江老四: 360 chapters → 造化仙族
    scraped 20/20 chapters
  万倍返还，我收徒百无禁忌 by 淡味冰淇淋: 353 chapters → 万倍返还我收徒百无禁忌
    scraped 20/20 chapters
  影视快穿合集 by 慕凝汐: 355 chapters → 影视快穿合集
    scraped 20/20 chapters
  醉仙葫 by 盛世周公: 362 chapters → 醉仙葫
    scraped 20/20 chapters
  道界天下 by 夜行月: 365 chapters → 道界天下
    scraped 20/20 chapters
  灭门夜，我易筋经大圆满！ by 落魄的小纯洁: 360 chapters → 灭门夜我易筋经大圆满
    scraped 20/20 chapters
  师弟，你的丹药太不正经了 by 迷你奥利奥: 366 chapters → 师弟你的丹药太不正经了
    scraped 19/20 chapters
  大周仙官 by 耳耳耳耳耳耳耳: 337 chapters → 大周仙官
    scraped 20/20 chapters
  灵源仙途：我养的灵兽太懂感恩了 by 春雾煮茶: 365 chapters → 灵源仙途我养的灵兽太懂感恩了
    scraped 20/20 chapters
  749局：我一个邪修考编怎么了 by 一只活咸鱼: 329 chapters → 749局我一个邪修考编怎么了
    scraped 20/20 chapters
  没钱修什么仙？ by 熊狼狗: 359 chapters → 没钱修什么仙
    scraped 20/20 chapters
  战神狂飙第9662章还活着 by 一念汪洋: 368 chapters → 战神狂飙第9662章还活着
    scraped 20/20 chapters
  山海提灯 by 跃千愁: 357 chapters → 山海提灯
    scraped 20/20 chapters
  分手后，我聘上女同学妈妈小司机 by 无敌书生: 355 chapters → 分手后我聘上女同学妈妈小司机
    scraped 20/20 chapters
  异蝶碎雨剑 by 潇瀮: 363 chapters → 异蝶碎雨剑
    scraped 20/20 chapters
  我在大虞当杀手那些年 by 醉酒月下眠: 364 chapters → 我在大虞当杀手那些年
    scraped 20/20 chapters
  凡人仙骨 by 帝者: 369 chapters → 凡人仙骨
    scraped 19/20 chapters
  我的文字修仙游戏 by 笔名都得用生僻字了吗: 351 chapters → 我的文字修仙游戏
    scraped 20/20 chapters
  剑里乾坤第3107章不似作伪 by 浅墨清语: 363 chapters → 剑里乾坤第3107章不似作伪
    scraped 20/20 chapters
  一亩灵田种长生 by 爱吃土豆的腾腾: 362 chapters → 一亩灵田种长生
    scraped 20/20 chapters
  一剑一酒一乾坤 by 瓜瓜瓜七: 362 chapters → 一剑一酒一乾坤
    scraped 20/20 chapters
  种魔得仙第两千三十二章开了 by 高慕遥: 364 chapters → 种魔得仙第两千三十二章开了
    scraped 19/20 chapters
  鲤印记第五卷零食 by 飞音移: 350 chapters → 鲤印记第五卷零食
    scraped 20/20 chapters
  圣者：一刀镇压十三州 by 其路漫漫: 365 chapters → 圣者一刀镇压十三州
    scraped 20/20 chapters
  一统天下后，方知此世有仙 by 狗啃花: 341 chapters → 一统天下后方知此世有仙
    scraped 20/20 chapters
  被贬废丹房，我偷偷无敌了 by 一朵青莲: 361 chapters → 被贬废丹房我偷偷无敌了
    scraped 20/20 chapters
  我在武侠世界当王爷 by 西瓜吃葡萄: 340 chapters → 我在武侠世界当王爷
    scraped 20/20 chapters
  山海渡灵人第58章小小 by 李穠: 324 chapters → 山海渡灵人第58章小小
    scraped 20/20 chapters
  凡人修仙，捡个仙子做老婆 by 落笔乾坤: 344 chapters → 凡人修仙捡个仙子做老婆
    scraped 20/20 chapters
  是谁教他这么练剑的？ by 愁啊愁: 359 chapters → 是谁教他这么练剑的
    scraped 20/20 chapters
  桃花山刘家修仙传 by 飞云剑仙: 365 chapters → 桃花山刘家修仙传
    scraped 20/20 chapters
  → 40 novels, 796 chapters

📚 Crawling jubiquge.com...
  Fetching jubiquge.com top/rank pages...
  jubiquge: discovered 60 candidate novels
    重生七零逆袭路全本免费-重生七零逆袭路()最新章节列表... scraped 8 chapters
    暴君的炮灰男后[穿书]全本免费-暴君的炮灰男后[穿书]()最... scraped 12 chapters
    江南第一媳全本免费-江南第一媳()最新章节列表... scraped 10 chapters
    盛唐风华全本免费-盛唐风华()最新章节列表... scraped 12 chapters
    腹黑小狂后全本免费-腹黑小狂后()最新章节列表... scraped 9 chapters
    武神空间全本免费-武神空间()最新章节列表... scraped 15 chapters
    高能二维码全本免费-高能二维码()最新章节列表... scraped 14 chapters
    我的绝色美女房客全本免费-我的绝色美女房客()最新章节列表... scraped 15 chapters
    七爷全本免费-七爷()最新章节列表... scraped 13 chapters
    久候了，小娘子全本免费-久候了，小娘子()最新章节列表... scraped 3 chapters
    穿梭时空的侠客全本免费-穿梭时空的侠客()最新章节列表... scraped 14 chapters
    总裁的替身前妻全本免费-总裁的替身前妻()最新章节列表... scraped 7 chapters
    魔兽剑圣异界纵横全本免费-魔兽剑圣异界纵横()最新章节列表... scraped 15 chapters
    制霸好莱坞全本免费-制霸好莱坞()最新章节列表... scraped 13 chapters
    洪荒无量道全本免费-洪荒无量道()最新章节列表... scraped 9 chapters
    豪门女配是神医全本免费-豪门女配是神医()最新章节列表... scraped 8 chapters
    灵棺夜行全本免费-灵棺夜行()最新章节列表... scraped 6 chapters
    韶光慢全本免费-韶光慢()最新章节列表... scraped 15 chapters
    天价萌妻全本免费-天价萌妻()最新章节列表... scraped 5 chapters
    驱鬼道长全本免费-驱鬼道长()最新章节列表... scraped 12 chapters
    学霸女神超给力全本免费-学霸女神超给力()最新章节列表... scraped 11 chapters
    无限气运主宰全本免费-无限气运主宰()最新章节列表... scraped 15 chapters
    摇曳歌姬全本免费-摇曳歌姬()最新章节列表... scraped 7 chapters
    冰糖炖雪梨全本免费-冰糖炖雪梨()最新章节列表... scraped 9 chapters
    剑来全本免费-剑来()最新章节列表... scraped 15 chapters
    格格不入全本免费-格格不入()最新章节列表... scraped 13 chapters
    三界淘宝店全本免费-三界淘宝店()最新章节列表... scraped 8 chapters
    夜天子全本免费-夜天子()最新章节列表... scraped 12 chapters
    九阳剑圣全本免费-九阳剑圣()最新章节列表... scraped 15 chapters
  → 29 novels, 320 chapters

📚 Crawling biquge8.xyz...
  Fetching biquge8.xyz rank/category pages...
  biquge8: discovered 90 candidate novels
    二哈和他的白猫师尊（皓衣行）... scraped 15 chapters
    家父汉高祖... scraped 15 chapters
    斗破苍穹... scraped 15 chapters
    请公子斩妖... scraped 15 chapters
    女侠且慢... scraped 15 chapters
    赤心巡天... scraped 15 chapters
    媚者无疆... scraped 14 chapters
    大奉打更人... scraped 15 chapters
    星门... scraped 15 chapters
    当不成赘婿就只好命格成圣... scraped 15 chapters
    斗罗大陆... scraped 15 chapters
    我的姐夫是太子... scraped 15 chapters
    少年歌行... scraped 15 chapters
    天启预报... scraped 15 chapters
    一婚还比一婚高... scraped 15 chapters
    玄鉴仙族... scraped 15 chapters
    从村落到第一帝族... scraped 15 chapters
    爹仙尊，娘魔尊，我嘎嘎乱杀... scraped 15 chapters
    人在镇魔司，红词加身只杀不渡... scraped 15 chapters
    凡人：从拔刀三十万次开始... scraped 15 chapters
    我一杂役，怎么成掌门孩子他爹了？... scraped 15 chapters
    万道第一尊... scraped 15 chapters
    让你当炉做鼎，你炼阴阳证大道？... scraped 15 chapters
    四次入伍，我被军区拉进黑名单！... scraped 15 chapters
    长生：让你延续香火，没让你量产仙帝！... scraped 15 chapters
    九绝天棺... scraped 15 chapters
    葬神树... scraped 15 chapters
    炼天图... scraped 15 chapters
    穿成星际废雌，捡漏SSS级兽夫赢麻了... scraped 15 chapters
    开局自曝系统，父皇举国助我娶妻... scraped 15 chapters
  → 30 novels, 449 chapters

============================================================
TOTAL: 134 new novels, 1915 new chapters
Database: 1304 novels, 26415 total chapter files
============================================================
