Resumed with 0 already uploaded
Total files to consider: 31745
Remaining to upload: 31745
progress: 17 ok / 0 fail / 17/31745 total
progress: 77 ok / 0 fail / 77/31745 total
progress: 134 ok / 0 fail / 134/31745 total
progress: 197 ok / 0 fail / 197/31745 total
progress: 264 ok / 0 fail / 264/31745 total
progress: 325 ok / 0 fail / 325/31745 total
progress: 391 ok / 0 fail / 391/31745 total
progress: 453 ok / 0 fail / 453/31745 total
progress: 515 ok / 0 fail / 515/31745 total
progress: 581 ok / 0 fail / 581/31745 total
progress: 643 ok / 0 fail / 643/31745 total
progress: 708 ok / 0 fail / 708/31745 total
progress: 770 ok / 0 fail / 770/31745 total
progress: 832 ok / 0 fail / 832/31745 total
progress: 897 ok / 0 fail / 897/31745 total
progress: 957 ok / 0 fail / 957/31745 total
progress: 1024 ok / 0 fail / 1024/31745 total
progress: 1090 ok / 0 fail / 1090/31745 total
progress: 1151 ok / 0 fail / 1151/31745 total
progress: 1218 ok / 0 fail / 1218/31745 total
progress: 1283 ok / 0 fail / 1283/31745 total
progress: 1343 ok / 0 fail / 1343/31745 total
progress: 1405 ok / 0 fail / 1405/31745 total
progress: 1464 ok / 0 fail / 1464/31745 total
progress: 1532 ok / 0 fail / 1532/31745 total
progress: 1591 ok / 0 fail / 1591/31745 total
progress: 1654 ok / 0 fail / 1654/31745 total
progress: 1707 ok / 0 fail / 1707/31745 total
progress: 1769 ok / 0 fail / 1769/31745 total
progress: 1832 ok / 0 fail / 1832/31745 total
progress: 1894 ok / 0 fail / 1894/31745 total
progress: 1956 ok / 0 fail / 1956/31745 total
progress: 2020 ok / 0 fail / 2020/31745 total
progress: 2085 ok / 0 fail / 2085/31745 total
progress: 2146 ok / 0 fail / 2146/31745 total
progress: 2210 ok / 0 fail / 2210/31745 total
progress: 2272 ok / 0 fail / 2272/31745 total
progress: 2336 ok / 0 fail / 2336/31745 total
progress: 2404 ok / 0 fail / 2404/31745 total
progress: 2464 ok / 0 fail / 2464/31745 total
progress: 2527 ok / 0 fail / 2527/31745 total
progress: 2594 ok / 0 fail / 2594/31745 total
progress: 2658 ok / 0 fail / 2658/31745 total
progress: 2721 ok / 0 fail / 2721/31745 total
progress: 2785 ok / 0 fail / 2785/31745 total
progress: 2847 ok / 0 fail / 2847/31745 total
progress: 2909 ok / 0 fail / 2909/31745 total
progress: 2970 ok / 0 fail / 2970/31745 total
progress: 3033 ok / 0 fail / 3033/31745 total
progress: 3097 ok / 0 fail / 3097/31745 total
progress: 3161 ok / 0 fail / 3161/31745 total
progress: 3226 ok / 0 fail / 3226/31745 total
progress: 3287 ok / 0 fail / 3287/31745 total
progress: 3348 ok / 0 fail / 3348/31745 total
progress: 3409 ok / 0 fail / 3409/31745 total
progress: 3472 ok / 0 fail / 3472/31745 total
progress: 3537 ok / 0 fail / 3537/31745 total
progress: 3599 ok / 0 fail / 3599/31745 total
progress: 3659 ok / 0 fail / 3659/31745 total
progress: 3721 ok / 0 fail / 3721/31745 total
progress: 3785 ok / 0 fail / 3785/31745 total
progress: 3849 ok / 0 fail / 3849/31745 total
progress: 3909 ok / 0 fail / 3909/31745 total
progress: 3972 ok / 0 fail / 3972/31745 total
progress: 4033 ok / 0 fail / 4033/31745 total
progress: 4102 ok / 0 fail / 4102/31745 total
progress: 4167 ok / 0 fail / 4167/31745 total
progress: 4228 ok / 0 fail / 4228/31745 total
progress: 4289 ok / 0 fail / 4289/31745 total
progress: 4363 ok / 0 fail / 4363/31745 total
progress: 4426 ok / 0 fail / 4426/31745 total
progress: 4488 ok / 0 fail / 4488/31745 total
progress: 4553 ok / 0 fail / 4553/31745 total
progress: 4618 ok / 0 fail / 4618/31745 total
progress: 4682 ok / 0 fail / 4682/31745 total
progress: 4746 ok / 0 fail / 4746/31745 total
progress: 4809 ok / 0 fail / 4809/31745 total
progress: 4870 ok / 0 fail / 4870/31745 total
progress: 4934 ok / 0 fail / 4934/31745 total
progress: 4999 ok / 0 fail / 4999/31745 total
progress: 5060 ok / 0 fail / 5060/31745 total
progress: 5120 ok / 0 fail / 5120/31745 total
progress: 5181 ok / 0 fail / 5181/31745 total
progress: 5244 ok / 0 fail / 5244/31745 total
progress: 5309 ok / 0 fail / 5309/31745 total
progress: 5374 ok / 0 fail / 5374/31745 total
progress: 5435 ok / 0 fail / 5435/31745 total
progress: 5495 ok / 0 fail / 5495/31745 total
progress: 5557 ok / 0 fail / 5557/31745 total
progress: 5621 ok / 0 fail / 5621/31745 total
progress: 5683 ok / 0 fail / 5683/31745 total
progress: 5744 ok / 0 fail / 5744/31745 total
progress: 5805 ok / 0 fail / 5805/31745 total
progress: 5862 ok / 0 fail / 5862/31745 total
progress: 5927 ok / 0 fail / 5927/31745 total
progress: 5988 ok / 0 fail / 5988/31745 total
progress: 6047 ok / 0 fail / 6047/31745 total
progress: 6106 ok / 0 fail / 6106/31745 total
progress: 6164 ok / 0 fail / 6164/31745 total
progress: 6227 ok / 0 fail / 6227/31745 total
progress: 6290 ok / 0 fail / 6290/31745 total
progress: 6353 ok / 0 fail / 6353/31745 total
progress: 6414 ok / 0 fail / 6414/31745 total
progress: 6475 ok / 0 fail / 6475/31745 total
progress: 6532 ok / 0 fail / 6532/31745 total
progress: 6592 ok / 0 fail / 6592/31745 total
progress: 6655 ok / 0 fail / 6655/31745 total
progress: 6714 ok / 0 fail / 6714/31745 total
progress: 6776 ok / 0 fail / 6776/31745 total
progress: 6834 ok / 0 fail / 6834/31745 total
progress: 6896 ok / 0 fail / 6896/31745 total
progress: 6953 ok / 0 fail / 6953/31745 total
progress: 7015 ok / 0 fail / 7015/31745 total
progress: 7079 ok / 0 fail / 7079/31745 total
progress: 7134 ok / 0 fail / 7134/31745 total
progress: 7195 ok / 0 fail / 7195/31745 total
progress: 7258 ok / 0 fail / 7258/31745 total
progress: 7316 ok / 0 fail / 7316/31745 total
progress: 7374 ok / 0 fail / 7374/31745 total
progress: 7438 ok / 0 fail / 7438/31745 total
progress: 7496 ok / 0 fail / 7496/31745 total
progress: 7558 ok / 0 fail / 7558/31745 total
progress: 7613 ok / 0 fail / 7613/31745 total
progress: 7676 ok / 0 fail / 7676/31745 total
progress: 7734 ok / 0 fail / 7734/31745 total
progress: 7797 ok / 0 fail / 7797/31745 total
progress: 7857 ok / 0 fail / 7857/31745 total
progress: 7914 ok / 0 fail / 7914/31745 total
progress: 7973 ok / 0 fail / 7973/31745 total
progress: 8029 ok / 0 fail / 8029/31745 total
progress: 8083 ok / 0 fail / 8083/31745 total
progress: 8140 ok / 0 fail / 8140/31745 total
progress: 8197 ok / 0 fail / 8197/31745 total
progress: 8253 ok / 0 fail / 8253/31745 total
progress: 8307 ok / 0 fail / 8307/31745 total
progress: 8366 ok / 0 fail / 8366/31745 total
progress: 8425 ok / 0 fail / 8425/31745 total
progress: 8485 ok / 0 fail / 8485/31745 total
progress: 8544 ok / 0 fail / 8544/31745 total
progress: 8607 ok / 0 fail / 8607/31745 total
progress: 8667 ok / 0 fail / 8667/31745 total
progress: 8731 ok / 0 fail / 8731/31745 total
progress: 8787 ok / 0 fail / 8787/31745 total
progress: 8850 ok / 0 fail / 8850/31745 total
progress: 8911 ok / 0 fail / 8911/31745 total
progress: 8970 ok / 0 fail / 8970/31745 total
progress: 9029 ok / 0 fail / 9029/31745 total
progress: 9090 ok / 0 fail / 9090/31745 total
progress: 9150 ok / 0 fail / 9150/31745 total
progress: 9212 ok / 0 fail / 9212/31745 total
progress: 9270 ok / 0 fail / 9270/31745 total
progress: 9333 ok / 0 fail / 9333/31745 total
progress: 9389 ok / 0 fail / 9389/31745 total
progress: 9447 ok / 0 fail / 9447/31745 total
progress: 9507 ok / 0 fail / 9507/31745 total
progress: 9567 ok / 0 fail / 9567/31745 total
progress: 9624 ok / 0 fail / 9624/31745 total
progress: 9684 ok / 0 fail / 9684/31745 total
progress: 9749 ok / 0 fail / 9749/31745 total
progress: 9807 ok / 0 fail / 9807/31745 total
progress: 9868 ok / 0 fail / 9868/31745 total
progress: 9930 ok / 0 fail / 9930/31745 total
progress: 9992 ok / 0 fail / 9992/31745 total
progress: 10054 ok / 0 fail / 10054/31745 total
progress: 10116 ok / 0 fail / 10116/31745 total
progress: 10177 ok / 0 fail / 10177/31745 total
progress: 10238 ok / 0 fail / 10238/31745 total
progress: 10300 ok / 0 fail / 10300/31745 total
progress: 10361 ok / 0 fail / 10361/31745 total
progress: 10421 ok / 0 fail / 10421/31745 total
progress: 10481 ok / 0 fail / 10481/31745 total
progress: 10543 ok / 0 fail / 10543/31745 total
progress: 10603 ok / 0 fail / 10603/31745 total
progress: 10665 ok / 0 fail / 10665/31745 total
progress: 10724 ok / 0 fail / 10724/31745 total
progress: 10785 ok / 0 fail / 10785/31745 total
progress: 10847 ok / 0 fail / 10847/31745 total
progress: 10910 ok / 0 fail / 10910/31745 total
progress: 10970 ok / 0 fail / 10970/31745 total
progress: 11030 ok / 0 fail / 11030/31745 total
progress: 11093 ok / 0 fail / 11093/31745 total
progress: 11151 ok / 0 fail / 11151/31745 total
progress: 11214 ok / 0 fail / 11214/31745 total
progress: 11274 ok / 0 fail / 11274/31745 total
progress: 11336 ok / 0 fail / 11336/31745 total
progress: 11398 ok / 0 fail / 11398/31745 total
progress: 11460 ok / 0 fail / 11460/31745 total
progress: 11522 ok / 0 fail / 11522/31745 total
progress: 11582 ok / 0 fail / 11582/31745 total
progress: 11646 ok / 0 fail / 11646/31745 total
progress: 11709 ok / 0 fail / 11709/31745 total
progress: 11770 ok / 0 fail / 11770/31745 total
progress: 11829 ok / 0 fail / 11829/31745 total
progress: 11893 ok / 0 fail / 11893/31745 total
progress: 11953 ok / 0 fail / 11953/31745 total
progress: 11971 ok / 0 fail / 11971/31745 total
progress: 12018 ok / 0 fail / 12018/31745 total
progress: 12080 ok / 0 fail / 12080/31745 total
progress: 12138 ok / 0 fail / 12138/31745 total
progress: 12198 ok / 0 fail / 12198/31745 total
progress: 12259 ok / 0 fail / 12259/31745 total
progress: 12311 ok / 0 fail / 12311/31745 total
progress: 12367 ok / 0 fail / 12367/31745 total
progress: 12428 ok / 0 fail / 12428/31745 total
progress: 12484 ok / 0 fail / 12484/31745 total
progress: 12542 ok / 0 fail / 12542/31745 total
progress: 12599 ok / 0 fail / 12599/31745 total
progress: 12659 ok / 0 fail / 12659/31745 total
progress: 12719 ok / 0 fail / 12719/31745 total
progress: 12780 ok / 0 fail / 12780/31745 total
progress: 12840 ok / 0 fail / 12840/31745 total
progress: 12899 ok / 0 fail / 12899/31745 total
progress: 12958 ok / 0 fail / 12958/31745 total
progress: 13017 ok / 0 fail / 13017/31745 total
progress: 13077 ok / 0 fail / 13077/31745 total
progress: 13136 ok / 0 fail / 13136/31745 total
progress: 13197 ok / 0 fail / 13197/31745 total
progress: 13254 ok / 0 fail / 13254/31745 total
progress: 13313 ok / 0 fail / 13313/31745 total
progress: 13374 ok / 0 fail / 13374/31745 total
progress: 13433 ok / 0 fail / 13433/31745 total
progress: 13487 ok / 0 fail / 13487/31745 total
progress: 13550 ok / 0 fail / 13550/31745 total
progress: 13609 ok / 0 fail / 13609/31745 total
progress: 13670 ok / 0 fail / 13670/31745 total
progress: 13729 ok / 0 fail / 13729/31745 total
progress: 13782 ok / 0 fail / 13782/31745 total
progress: 13840 ok / 0 fail / 13840/31745 total
progress: 13898 ok / 0 fail / 13898/31745 total
progress: 13960 ok / 0 fail / 13960/31745 total
progress: 14018 ok / 0 fail / 14018/31745 total
progress: 14079 ok / 0 fail / 14079/31745 total
progress: 14134 ok / 0 fail / 14134/31745 total
progress: 14192 ok / 0 fail / 14192/31745 total
progress: 14248 ok / 0 fail / 14248/31745 total
progress: 14305 ok / 0 fail / 14305/31745 total
progress: 14364 ok / 0 fail / 14364/31745 total
progress: 14422 ok / 0 fail / 14422/31745 total
progress: 14484 ok / 0 fail / 14484/31745 total
progress: 14545 ok / 0 fail / 14545/31745 total
progress: 14606 ok / 0 fail / 14606/31745 total
progress: 14665 ok / 0 fail / 14665/31745 total
progress: 14726 ok / 0 fail / 14726/31745 total
progress: 14785 ok / 0 fail / 14785/31745 total
progress: 14845 ok / 0 fail / 14845/31745 total
progress: 14901 ok / 0 fail / 14901/31745 total
progress: 14958 ok / 0 fail / 14958/31745 total
progress: 15019 ok / 0 fail / 15019/31745 total
progress: 15077 ok / 0 fail / 15077/31745 total
progress: 15136 ok / 0 fail / 15136/31745 total
progress: 15189 ok / 0 fail / 15189/31745 total
progress: 15247 ok / 0 fail / 15247/31745 total
progress: 15303 ok / 0 fail / 15303/31745 total
progress: 15361 ok / 0 fail / 15361/31745 total
progress: 15420 ok / 0 fail / 15420/31745 total
progress: 15480 ok / 0 fail / 15480/31745 total
progress: 15541 ok / 0 fail / 15541/31745 total
progress: 15599 ok / 0 fail / 15599/31745 total
progress: 15662 ok / 0 fail / 15662/31745 total
progress: 15716 ok / 0 fail / 15716/31745 total
progress: 15776 ok / 0 fail / 15776/31745 total
progress: 15840 ok / 0 fail / 15840/31745 total
progress: 15895 ok / 0 fail / 15895/31745 total
progress: 15953 ok / 0 fail / 15953/31745 total
progress: 16006 ok / 0 fail / 16006/31745 total
progress: 16066 ok / 0 fail / 16066/31745 total
progress: 16126 ok / 0 fail / 16126/31745 total
progress: 16188 ok / 0 fail / 16188/31745 total
progress: 16249 ok / 0 fail / 16249/31745 total
progress: 16308 ok / 0 fail / 16308/31745 total
progress: 16367 ok / 0 fail / 16367/31745 total
progress: 16428 ok / 0 fail / 16428/31745 total
progress: 16484 ok / 0 fail / 16484/31745 total
progress: 16542 ok / 0 fail / 16542/31745 total
progress: 16599 ok / 0 fail / 16599/31745 total
progress: 16662 ok / 0 fail / 16662/31745 total
progress: 16719 ok / 0 fail / 16719/31745 total
progress: 16779 ok / 0 fail / 16779/31745 total
progress: 16840 ok / 0 fail / 16840/31745 total
progress: 16901 ok / 0 fail / 16901/31745 total
progress: 16963 ok / 0 fail / 16963/31745 total
progress: 17024 ok / 0 fail / 17024/31745 total
progress: 17087 ok / 0 fail / 17087/31745 total
progress: 17145 ok / 0 fail / 17145/31745 total
progress: 17203 ok / 0 fail / 17203/31745 total
progress: 17262 ok / 0 fail / 17262/31745 total
progress: 17324 ok / 0 fail / 17324/31745 total
progress: 17384 ok / 0 fail / 17384/31745 total
progress: 17446 ok / 0 fail / 17446/31745 total
progress: 17506 ok / 0 fail / 17506/31745 total
progress: 17567 ok / 0 fail / 17567/31745 total
progress: 17626 ok / 0 fail / 17626/31745 total
progress: 17685 ok / 0 fail / 17685/31745 total
progress: 17744 ok / 0 fail / 17744/31745 total
progress: 17801 ok / 0 fail / 17801/31745 total
progress: 17861 ok / 0 fail / 17861/31745 total
progress: 17918 ok / 0 fail / 17918/31745 total
progress: 17964 ok / 0 fail / 17964/31745 total
progress: 18020 ok / 0 fail / 18020/31745 total
progress: 18077 ok / 0 fail / 18077/31745 total
progress: 18138 ok / 0 fail / 18138/31745 total
progress: 18197 ok / 0 fail / 18197/31745 total
progress: 18257 ok / 0 fail / 18257/31745 total
progress: 18317 ok / 0 fail / 18317/31745 total
progress: 18371 ok / 0 fail / 18371/31745 total
progress: 18432 ok / 0 fail / 18432/31745 total
progress: 18493 ok / 0 fail / 18493/31745 total
progress: 18552 ok / 0 fail / 18552/31745 total
progress: 18612 ok / 0 fail / 18612/31745 total
progress: 18671 ok / 0 fail / 18671/31745 total
progress: 18728 ok / 0 fail / 18728/31745 total
progress: 18789 ok / 0 fail / 18789/31745 total
progress: 18830 ok / 0 fail / 18830/31745 total
progress: 18886 ok / 0 fail / 18886/31745 total
progress: 18942 ok / 0 fail / 18942/31745 total
progress: 18999 ok / 0 fail / 18999/31745 total
progress: 19058 ok / 0 fail / 19058/31745 total
progress: 19122 ok / 0 fail / 19122/31745 total
progress: 19180 ok / 0 fail / 19180/31745 total
progress: 19237 ok / 0 fail / 19237/31745 total
progress: 19286 ok / 0 fail / 19286/31745 total
progress: 19345 ok / 0 fail / 19345/31745 total
progress: 19403 ok / 0 fail / 19403/31745 total
progress: 19462 ok / 0 fail / 19462/31745 total
progress: 19520 ok / 0 fail / 19520/31745 total
progress: 19581 ok / 0 fail / 19581/31745 total
progress: 19599 ok / 0 fail / 19599/31745 total
progress: 19635 ok / 0 fail / 19635/31745 total
progress: 19692 ok / 0 fail / 19692/31745 total
progress: 19750 ok / 0 fail / 19750/31745 total
progress: 19810 ok / 0 fail / 19810/31745 total
progress: 19866 ok / 0 fail / 19866/31745 total
progress: 19927 ok / 0 fail / 19927/31745 total
progress: 19981 ok / 0 fail / 19981/31745 total
progress: 20041 ok / 0 fail / 20041/31745 total
progress: 20098 ok / 0 fail / 20098/31745 total
progress: 20151 ok / 0 fail / 20151/31745 total
progress: 20211 ok / 0 fail / 20211/31745 total
progress: 20269 ok / 0 fail / 20269/31745 total
progress: 20326 ok / 0 fail / 20326/31745 total
progress: 20386 ok / 0 fail / 20386/31745 total
progress: 20427 ok / 0 fail / 20427/31745 total
progress: 20486 ok / 0 fail / 20486/31745 total
progress: 20535 ok / 0 fail / 20535/31745 total
progress: 20601 ok / 0 fail / 20601/31745 total
progress: 20656 ok / 0 fail / 20656/31745 total
progress: 20715 ok / 0 fail / 20715/31745 total
progress: 20772 ok / 0 fail / 20772/31745 total
progress: 20827 ok / 0 fail / 20827/31745 total
progress: 20869 ok / 0 fail / 20869/31745 total
progress: 20928 ok / 0 fail / 20928/31745 total
progress: 20990 ok / 0 fail / 20990/31745 total
progress: 21021 ok / 0 fail / 21021/31745 total
progress: 21079 ok / 0 fail / 21079/31745 total
progress: 21139 ok / 0 fail / 21139/31745 total
progress: 21197 ok / 0 fail / 21197/31745 total
progress: 21257 ok / 0 fail / 21257/31745 total
progress: 21315 ok / 0 fail / 21315/31745 total
progress: 21377 ok / 0 fail / 21377/31745 total
progress: 21438 ok / 0 fail / 21438/31745 total
progress: 21500 ok / 0 fail / 21500/31745 total
progress: 21560 ok / 0 fail / 21560/31745 total
progress: 21620 ok / 0 fail / 21620/31745 total
progress: 21680 ok / 0 fail / 21680/31745 total
progress: 21736 ok / 0 fail / 21736/31745 total
progress: 21794 ok / 0 fail / 21794/31745 total
progress: 21853 ok / 0 fail / 21853/31745 total
progress: 21912 ok / 0 fail / 21912/31745 total
progress: 21971 ok / 0 fail / 21971/31745 total
progress: 22031 ok / 0 fail / 22031/31745 total
progress: 22091 ok / 0 fail / 22091/31745 total
progress: 22151 ok / 0 fail / 22151/31745 total
progress: 22211 ok / 0 fail / 22211/31745 total
progress: 22271 ok / 0 fail / 22271/31745 total
progress: 22333 ok / 0 fail / 22333/31745 total
progress: 22391 ok / 0 fail / 22391/31745 total
progress: 22451 ok / 0 fail / 22451/31745 total
progress: 22510 ok / 0 fail / 22510/31745 total
progress: 22565 ok / 0 fail / 22565/31745 total
progress: 22622 ok / 0 fail / 22622/31745 total
progress: 22681 ok / 0 fail / 22681/31745 total
progress: 22740 ok / 0 fail / 22740/31745 total
progress: 22801 ok / 0 fail / 22801/31745 total
progress: 22861 ok / 0 fail / 22861/31745 total
progress: 22920 ok / 0 fail / 22920/31745 total
progress: 22980 ok / 0 fail / 22980/31745 total
progress: 23036 ok / 0 fail / 23036/31745 total
progress: 23099 ok / 0 fail / 23099/31745 total
progress: 23155 ok / 0 fail / 23155/31745 total
progress: 23211 ok / 0 fail / 23211/31745 total
progress: 23271 ok / 0 fail / 23271/31745 total
progress: 23332 ok / 0 fail / 23332/31745 total
progress: 23390 ok / 0 fail / 23390/31745 total
progress: 23451 ok / 0 fail / 23451/31745 total
progress: 23511 ok / 0 fail / 23511/31745 total
progress: 23569 ok / 0 fail / 23569/31745 total
progress: 23626 ok / 0 fail / 23626/31745 total
progress: 23686 ok / 0 fail / 23686/31745 total
progress: 23748 ok / 0 fail / 23748/31745 total
progress: 23805 ok / 0 fail / 23805/31745 total
progress: 23864 ok / 0 fail / 23864/31745 total
progress: 23926 ok / 0 fail / 23926/31745 total
progress: 23986 ok / 0 fail / 23986/31745 total
progress: 24044 ok / 0 fail / 24044/31745 total
progress: 24103 ok / 0 fail / 24103/31745 total
progress: 24163 ok / 0 fail / 24163/31745 total
progress: 24220 ok / 0 fail / 24220/31745 total
progress: 24281 ok / 0 fail / 24281/31745 total
progress: 24337 ok / 0 fail / 24337/31745 total
progress: 24397 ok / 0 fail / 24397/31745 total
progress: 24455 ok / 0 fail / 24455/31745 total
progress: 24516 ok / 0 fail / 24516/31745 total
progress: 24574 ok / 0 fail / 24574/31745 total
progress: 24631 ok / 0 fail / 24631/31745 total
progress: 24691 ok / 0 fail / 24691/31745 total
progress: 24748 ok / 0 fail / 24748/31745 total
progress: 24806 ok / 0 fail / 24806/31745 total
progress: 24866 ok / 0 fail / 24866/31745 total
progress: 24928 ok / 0 fail / 24928/31745 total
progress: 24990 ok / 0 fail / 24990/31745 total
progress: 25048 ok / 0 fail / 25048/31745 total
progress: 25108 ok / 0 fail / 25108/31745 total
progress: 25163 ok / 0 fail / 25163/31745 total
progress: 25225 ok / 0 fail / 25225/31745 total
progress: 25286 ok / 0 fail / 25286/31745 total
progress: 25346 ok / 0 fail / 25346/31745 total
progress: 25404 ok / 0 fail / 25404/31745 total
progress: 25462 ok / 0 fail / 25462/31745 total
progress: 25521 ok / 0 fail / 25521/31745 total
progress: 25583 ok / 0 fail / 25583/31745 total
progress: 25639 ok / 0 fail / 25639/31745 total
progress: 25701 ok / 0 fail / 25701/31745 total
progress: 25763 ok / 0 fail / 25763/31745 total
progress: 25823 ok / 0 fail / 25823/31745 total
progress: 25883 ok / 0 fail / 25883/31745 total
progress: 25943 ok / 0 fail / 25943/31745 total
progress: 26002 ok / 0 fail / 26002/31745 total
progress: 26062 ok / 0 fail / 26062/31745 total
progress: 26125 ok / 0 fail / 26125/31745 total
progress: 26186 ok / 0 fail / 26186/31745 total
progress: 26246 ok / 0 fail / 26246/31745 total
progress: 26308 ok / 0 fail / 26308/31745 total
progress: 26370 ok / 0 fail / 26370/31745 total
progress: 26432 ok / 0 fail / 26432/31745 total
progress: 26497 ok / 0 fail / 26497/31745 total
progress: 26556 ok / 0 fail / 26556/31745 total
progress: 26616 ok / 0 fail / 26616/31745 total
progress: 26679 ok / 0 fail / 26679/31745 total
progress: 26738 ok / 0 fail / 26738/31745 total
progress: 26798 ok / 0 fail / 26798/31745 total
progress: 26863 ok / 0 fail / 26863/31745 total
progress: 26924 ok / 0 fail / 26924/31745 total
progress: 26988 ok / 0 fail / 26988/31745 total
progress: 27048 ok / 0 fail / 27048/31745 total
progress: 27111 ok / 0 fail / 27111/31745 total
progress: 27172 ok / 0 fail / 27172/31745 total
progress: 27233 ok / 0 fail / 27233/31745 total
progress: 27296 ok / 0 fail / 27296/31745 total
progress: 27356 ok / 0 fail / 27356/31745 total
progress: 27417 ok / 0 fail / 27417/31745 total
progress: 27477 ok / 0 fail / 27477/31745 total
progress: 27538 ok / 0 fail / 27538/31745 total
progress: 27598 ok / 0 fail / 27598/31745 total
progress: 27662 ok / 0 fail / 27662/31745 total
progress: 27720 ok / 0 fail / 27720/31745 total
progress: 27777 ok / 0 fail / 27777/31745 total
progress: 27838 ok / 0 fail / 27838/31745 total
progress: 27900 ok / 0 fail / 27900/31745 total
progress: 27960 ok / 0 fail / 27960/31745 total
progress: 28022 ok / 0 fail / 28022/31745 total
progress: 28083 ok / 0 fail / 28083/31745 total
progress: 28144 ok / 0 fail / 28144/31745 total
progress: 28207 ok / 0 fail / 28207/31745 total
progress: 28265 ok / 0 fail / 28265/31745 total
progress: 28325 ok / 0 fail / 28325/31745 total
progress: 28385 ok / 0 fail / 28385/31745 total
progress: 28447 ok / 0 fail / 28447/31745 total
progress: 28506 ok / 0 fail / 28506/31745 total
progress: 28567 ok / 0 fail / 28567/31745 total
progress: 28628 ok / 0 fail / 28628/31745 total
progress: 28688 ok / 0 fail / 28688/31745 total
progress: 28748 ok / 0 fail / 28748/31745 total
progress: 28810 ok / 0 fail / 28810/31745 total
progress: 28872 ok / 0 fail / 28872/31745 total
progress: 28926 ok / 0 fail / 28926/31745 total
progress: 28991 ok / 0 fail / 28991/31745 total
progress: 29052 ok / 0 fail / 29052/31745 total
progress: 29111 ok / 0 fail / 29111/31745 total
progress: 29170 ok / 0 fail / 29170/31745 total
progress: 29230 ok / 0 fail / 29230/31745 total
progress: 29290 ok / 0 fail / 29290/31745 total
progress: 29354 ok / 0 fail / 29354/31745 total
progress: 29416 ok / 0 fail / 29416/31745 total
progress: 29473 ok / 0 fail / 29473/31745 total
progress: 29535 ok / 0 fail / 29535/31745 total
progress: 29591 ok / 0 fail / 29591/31745 total
progress: 29656 ok / 0 fail / 29656/31745 total
progress: 29715 ok / 0 fail / 29715/31745 total
progress: 29771 ok / 0 fail / 29771/31745 total
progress: 29829 ok / 0 fail / 29829/31745 total
progress: 29891 ok / 0 fail / 29891/31745 total
progress: 29952 ok / 0 fail / 29952/31745 total
progress: 30011 ok / 0 fail / 30011/31745 total
progress: 30069 ok / 0 fail / 30069/31745 total
progress: 30109 ok / 0 fail / 30109/31745 total
progress: 30168 ok / 0 fail / 30168/31745 total
progress: 30229 ok / 0 fail / 30229/31745 total
progress: 30291 ok / 0 fail / 30291/31745 total
progress: 30353 ok / 0 fail / 30353/31745 total
progress: 30413 ok / 0 fail / 30413/31745 total
progress: 30472 ok / 0 fail / 30472/31745 total
progress: 30532 ok / 0 fail / 30532/31745 total
progress: 30594 ok / 0 fail / 30594/31745 total
progress: 30652 ok / 0 fail / 30652/31745 total
progress: 30714 ok / 0 fail / 30714/31745 total
progress: 30779 ok / 0 fail / 30779/31745 total
progress: 30841 ok / 0 fail / 30841/31745 total
progress: 30904 ok / 0 fail / 30904/31745 total
progress: 30965 ok / 0 fail / 30965/31745 total
progress: 31026 ok / 0 fail / 31026/31745 total
progress: 31089 ok / 0 fail / 31089/31745 total
progress: 31148 ok / 0 fail / 31148/31745 total
progress: 31208 ok / 0 fail / 31208/31745 total
progress: 31268 ok / 0 fail / 31268/31745 total
progress: 31327 ok / 0 fail / 31327/31745 total
progress: 31385 ok / 0 fail / 31385/31745 total
progress: 31446 ok / 0 fail / 31446/31745 total
progress: 31508 ok / 0 fail / 31508/31745 total
progress: 31566 ok / 0 fail / 31566/31745 total
progress: 31629 ok / 0 fail / 31629/31745 total
progress: 31688 ok / 0 fail / 31688/31745 total
DONE. completed=31745 failed=0
