📊 Resuming: 62 done, 1075 failed
🔍 Found 1166 chapters with fake translations

📖 [1/1166] novel-133651/ch-3.json
   Title: 第3章 买院子-《赶山1957：二斤猪肉换个媳妇》
  ⚠️ API error (attempt 1): HTTP Error 400: Bad Request
  ⚠️ API error (attempt 2): HTTP Error 400: Bad Request
  ⚠️ API error (attempt 1): HTTP Error 400: Bad Request
  ⚠️ API error (attempt 2): HTTP Error 400: Bad Request
   ⚠️ Translation failed or still Chinese, skipped

📖 [2/1166] novel-133651/ch-4.json
   Title: 第4章 乃香嫂子的担忧-《赶山1957：二斤猪肉换个媳妇》
  ⚠️ API error (attempt 1): HTTP Error 400: Bad Request
  ⚠️ API error (attempt 2): HTTP Error 400: Bad Request
  ⚠️ API error (attempt 1): HTTP Error 400: Bad Request
  ⚠️ API error (attempt 2): HTTP Error 400: Bad Request
   ⚠️ Translation failed or still Chinese, skipped

📖 [3/1166] novel-133651/ch-5.json
   Title: 第5章 老李家，审判李青山-《赶山1957：二斤猪肉换个媳妇》
  ⚠️ API error (attempt 1): HTTP Error 400: Bad Request
  ⚠️ API error (attempt 2): HTTP Error 400: Bad Request
  ⚠️ API error (attempt 1): HTTP Error 400: Bad Request
  ⚠️ API error (attempt 2): HTTP Error 400: Bad Request
   ⚠️ Translation failed or still Chinese, skipped

📖 [4/1166] novel-133651/ch-6.json
   Title: 第6章 嫂子深夜送弓-《赶山1957：二斤猪肉换个媳妇》
  ⚠️ API error (attempt 1): HTTP Error 400: Bad Request
  ⚠️ API error (attempt 2): HTTP Error 400: Bad Request
  ⚠️ API error (attempt 1): HTTP Error 400: Bad Request
  ⚠️ API error (attempt 2): HTTP Error 400: Bad Request
   ⚠️ Translation failed or still Chinese, skipped

📖 [5/1166] novel-133651/ch-7.json
   Title: 第7章 赵占山传授经验-《赶山1957：二斤猪肉换个媳妇》
  ⚠️ API error (attempt 1): HTTP Error 400: Bad Request
  ⚠️ API error (attempt 2): HTTP Error 400: Bad Request
  ⚠️ API error (attempt 1): HTTP Error 400: Bad Request
  ⚠️ API error (attempt 2): HTTP Error 400: Bad Request
   ⚠️ Translation failed or still Chinese, skipped

📖 [6/1166] novel-133651/ch-8.json
   Title: 第8章 陪睡一个月-《赶山1957：二斤猪肉换个媳妇》
  ⚠️ API error (attempt 1): HTTP Error 400: Bad Request
  ⚠️ API error (attempt 2): HTTP Error 400: Bad Request
  ⚠️ API error (attempt 1): HTTP Error 400: Bad Request
  ⚠️ API error (attempt 2): HTTP Error 400: Bad Request
   ⚠️ Translation failed or still Chinese, skipped

📖 [7/1166] novel-133651/ch-9.json
   Title: 第9章 大壮的加入-《赶山1957：二斤猪肉换个媳妇》
  ⚠️ API error (attempt 1): HTTP Error 400: Bad Request
  ⚠️ API error (attempt 2): HTTP Error 400: Bad Request
  ⚠️ API error (attempt 1): HTTP Error 400: Bad Request
  ⚠️ API error (attempt 2): HTTP Error 400: Bad Request
   ⚠️ Translation failed or still Chinese, skipped

📖 [8/1166] novel-133879/ch-1.json
   Title: 第1章 蛇-《我发现了世界BUG》
  ⚠️ API error (attempt 1): HTTP Error 400: Bad Request
  ⚠️ API error (attempt 2): HTTP Error 400: Bad Request
  ⚠️ API error (attempt 1): HTTP Error 400: Bad Request
  ⚠️ API error (attempt 2): HTTP Error 400: Bad Request
   ⚠️ Translation failed or still Chinese, skipped

📖 [9/1166] novel-133879/ch-10.json
   Title: 第10章 财-《我发现了世界BUG》
  ⚠️ API error (attempt 1): HTTP Error 400: Bad Request
  ⚠️ API error (attempt 2): HTTP Error 400: Bad Request
  ⚠️ API error (attempt 1): HTTP Error 400: Bad Request
  ⚠️ API error (attempt 2): HTTP Error 400: Bad Request
   ⚠️ Translation failed or still Chinese, skipped

📖 [10/1166] novel-133879/ch-11.json
   Title: 第11章 新的死期-《我发现了世界BUG》
  ⚠️ API error (attempt 1): HTTP Error 400: Bad Request
  ⚠️ API error (attempt 2): HTTP Error 400: Bad Request
  ⚠️ API error (attempt 1): HTTP Error 400: Bad Request
  ⚠️ API error (attempt 2): HTTP Error 400: Bad Request
   ⚠️ Translation failed or still Chinese, skipped

📖 [11/1166] novel-133879/ch-12.json
   Title: 第12章 养蛇-《我发现了世界BUG》
  ⚠️ API error (attempt 1): HTTP Error 400: Bad Request
  ⚠️ API error (attempt 2): HTTP Error 400: Bad Request
  ⚠️ API error (attempt 1): HTTP Error 400: Bad Request
  ⚠️ API error (attempt 2): HTTP Error 400: Bad Request
   ⚠️ Translation failed or still Chinese, skipped

📖 [12/1166] novel-133879/ch-13.json
   Title: 第13章 交易-《我发现了世界BUG》
  ⚠️ API error (attempt 1): HTTP Error 400: Bad Request
  ⚠️ API error (attempt 2): HTTP Error 400: Bad Request
  ⚠️ API error (attempt 1): HTTP Error 400: Bad Request
  ⚠️ API error (attempt 2): HTTP Error 400: Bad Request
   ⚠️ Translation failed or still Chinese, skipped

📖 [13/1166] novel-133879/ch-14.json
   Title: 第14章 封灵-《我发现了世界BUG》
  ⚠️ API error (attempt 1): HTTP Error 400: Bad Request
  ⚠️ API error (attempt 2): HTTP Error 400: Bad Request

🛑 Stopping after current chapter...
