📊 全库扫描: 11787 章, 10714 已有EN, 1073 需翻译
📖 [1/1073] ec18c1e9/ch-007.json (2039字)
   ✅ (6951 chars)
📖 [2/1073] novel-133879/ch-1.json (2305字)
   ✅ (6328 chars)
📖 [3/1073] novel-177-adventures-of-a-young-hero/ch-0014.json (3144字)
   ✅ (12678 chars)
📖 [4/1073] novel-177-adventures-of-a-young-hero/ch-0015.json (3700字)
   ✅ (14367 chars)
📖 [5/1073] novel-177-adventures-of-a-young-hero/ch-0017.json (2621字)
   ✅ (10739 chars)
📖 [6/1073] novel-177-adventures-of-a-young-hero/ch-0018.json (2887字)
   ✅ (11058 chars)
📖 [7/1073] novel-177-adventures-of-a-young-hero/ch-0019.json (2837字)
   ✅ (11578 chars)
📖 [8/1073] novel-177-adventures-of-a-young-hero/ch-0020.json (2992字)
   ✅ (13135 chars)
📖 [9/1073] novel-177-adventures-of-a-young-hero/ch-0021.json (2953字)
   ✅ (11620 chars)
📖 [10/1073] novel-177-adventures-of-a-young-hero/ch-0022.json (3208字)
   ✅ (13026 chars)
📖 [11/1073] novel-177-adventures-of-a-young-hero/ch-0023.json (2795字)
   ✅ (11494 chars)
📖 [12/1073] novel-177-adventures-of-a-young-hero/ch-0025.json (3190字)
   ✅ (11907 chars)
📖 [13/1073] novel-177-adventures-of-a-young-hero/ch-0026.json (3059字)
   ✅ (12698 chars)
📖 [14/1073] novel-177-adventures-of-a-young-hero/ch-0027.json (3316字)
   ✅ (13651 chars)
📖 [15/1073] novel-177-adventures-of-a-young-hero/ch-0029.json (2917字)
   ✅ (11737 chars)
📖 [16/1073] novel-177-adventures-of-a-young-hero/ch-0030.json (3440字)
   ✅ (14432 chars)
📖 [17/1073] novel-203-eunuch-ye-you-have-the-guts/ch-0003.json (794字)
   ✅ (2962 chars)
📖 [18/1073] novel-221-concubine-seeks-to-marry-the-best/ch-0001.json (5871字)
   ❌ 失败
📖 [19/1073] novel-221-concubine-seeks-to-marry-the-best/ch-0002.json (3216字)
   ❌ 失败
📖 [20/1073] novel-221-concubine-seeks-to-marry-the-best/ch-0003.json (3250字)
   ❌ 失败
📖 [21/1073] novel-221-concubine-seeks-to-marry-the-best/ch-0004.json (3637字)
   ❌ 失败
📖 [22/1073] novel-221-concubine-seeks-to-marry-the-best/ch-0005.json (3279字)
   ❌ 失败
📖 [23/1073] novel-221-concubine-seeks-to-marry-the-best/ch-0006.json (3611字)
   ❌ 失败
📖 [24/1073] novel-221-concubine-seeks-to-marry-the-best/ch-0007.json (3327字)
   ❌ 失败
📖 [25/1073] novel-221-concubine-seeks-to-marry-the-best/ch-0008.json (3341字)
   ❌ 失败
📖 [26/1073] novel-221-concubine-seeks-to-marry-the-best/ch-0009.json (3005字)
   ❌ 失败
📖 [27/1073] novel-221-concubine-seeks-to-marry-the-best/ch-0010.json (3387字)
   ❌ 失败
📖 [28/1073] novel-223-romantic-medical-sage/ch-0001.json (4366字)
  ⚠️ 429, wait 3s
  ⚠️ 429, wait 6s
  ⚠️ 429, wait 12s
  ⚠️ 429, wait 24s
   ❌ 失败
📖 [29/1073] novel-223-romantic-medical-sage/ch-0002.json (4401字)
  ⚠️ 429, wait 3s
  ⚠️ 429, wait 6s
  ⚠️ 429, wait 12s
  ⚠️ 429, wait 24s
   ❌ 失败
📖 [30/1073] novel-223-romantic-medical-sage/ch-0003.json (4561字)
  ⚠️ 429, wait 3s
  ⚠️ 429, wait 6s
  ⚠️ 429, wait 12s
  ⚠️ 429, wait 24s
   ❌ 失败
📖 [31/1073] novel-223-romantic-medical-sage/ch-0004.json (4692字)
  ⚠️ 429, wait 3s
  ⚠️ 429, wait 6s
  ⚠️ 429, wait 12s
  ⚠️ 429, wait 24s
   ❌ 失败
📖 [32/1073] novel-223-romantic-medical-sage/ch-0005.json (4069字)
  ⚠️ 429, wait 3s
  ⚠️ 429, wait 6s
  ⚠️ 429, wait 12s
  ⚠️ 429, wait 24s
   ❌ 失败
📖 [33/1073] novel-223-romantic-medical-sage/ch-0006.json (5084字)
  ⚠️ 429, wait 3s
  ⚠️ 429, wait 6s
  ⚠️ 429, wait 12s
  ⚠️ 429, wait 24s
   ❌ 失败
📖 [34/1073] novel-223-romantic-medical-sage/ch-0007.json (5024字)
  ⚠️ 429, wait 3s
  ⚠️ 429, wait 6s
  ⚠️ 429, wait 12s
  ⚠️ 429, wait 24s
   ❌ 失败
📖 [35/1073] novel-223-romantic-medical-sage/ch-0008.json (4963字)
  ⚠️ 429, wait 3s
  ⚠️ 429, wait 6s
  ⚠️ 429, wait 12s
  ⚠️ 429, wait 24s
   ❌ 失败
📖 [36/1073] novel-223-romantic-medical-sage/ch-0009.json (4933字)
  ⚠️ 429, wait 3s
  ⚠️ 429, wait 6s
  ⚠️ 429, wait 12s
  ⚠️ 429, wait 24s
   ❌ 失败
📖 [37/1073] novel-223-romantic-medical-sage/ch-0010.json (4867字)
  ⚠️ 429, wait 3s
   ❌ 失败
📖 [38/1073] novel-224-black-card/ch-0001.json (5635字)
   ❌ 失败
📖 [39/1073] novel-224-black-card/ch-0002.json (5539字)
   ❌ 失败
📖 [40/1073] novel-224-black-card/ch-0003.json (5345字)
   ❌ 失败
📖 [41/1073] novel-224-black-card/ch-0004.json (5257字)
   ❌ 失败
📖 [42/1073] novel-224-black-card/ch-0005.json (5365字)
   ❌ 失败
📖 [43/1073] novel-224-black-card/ch-0006.json (5421字)
   ❌ 失败
📖 [44/1073] novel-224-black-card/ch-0007.json (5461字)
   ❌ 失败
📖 [45/1073] novel-224-black-card/ch-0008.json (5649字)
  ⚠️ 429, wait 3s
  ⚠️ 429, wait 6s
  ⚠️ 429, wait 12s
  ⚠️ 429, wait 24s
   ❌ 失败
📖 [46/1073] novel-224-black-card/ch-0009.json (5117字)
  ⚠️ 429, wait 3s
  ⚠️ 429, wait 6s
  ⚠️ 429, wait 12s
  ⚠️ 429, wait 24s
   ❌ 失败
📖 [47/1073] novel-224-black-card/ch-0010.json (5458字)
  ⚠️ 429, wait 3s
  ⚠️ 429, wait 6s
  ⚠️ 429, wait 12s
  ⚠️ 429, wait 24s
   ❌ 失败
📖 [48/1073] novel-225-sect-medical-girl/ch-0001.json (5219字)
  ⚠️ 429, wait 3s
  ⚠️ 429, wait 6s
  ⚠️ 429, wait 12s
  ⚠️ 429, wait 24s
   ❌ 失败
📖 [49/1073] novel-225-sect-medical-girl/ch-0002.json (5083字)
  ⚠️ 429, wait 3s
  ⚠️ 429, wait 6s
  ⚠️ 429, wait 12s
  ⚠️ 429, wait 24s
   ❌ 失败
📖 [50/1073] novel-225-sect-medical-girl/ch-0003.json (3396字)
   ❌ 失败
📖 [51/1073] novel-225-sect-medical-girl/ch-0004.json (5059字)
  ⚠️ 429, wait 3s
  ⚠️ 429, wait 6s
  ⚠️ 429, wait 12s
  ⚠️ 429, wait 24s
   ❌ 失败
📖 [52/1073] novel-225-sect-medical-girl/ch-0005.json (5292字)
  ⚠️ 429, wait 3s
  ⚠️ 429, wait 6s
  ⚠️ 429, wait 12s
  ⚠️ 429, wait 24s
   ❌ 失败
📖 [53/1073] novel-225-sect-medical-girl/ch-0006.json (5409字)
  ⚠️ 429, wait 3s
  ⚠️ 429, wait 6s
  ⚠️ 429, wait 12s
  ⚠️ 429, wait 24s
   ❌ 失败
📖 [54/1073] novel-225-sect-medical-girl/ch-0007.json (6411字)
  ⚠️ 429, wait 3s
  ⚠️ 429, wait 6s
  ⚠️ 429, wait 12s
  ⚠️ 429, wait 24s
   ❌ 失败
📖 [55/1073] novel-225-sect-medical-girl/ch-0008.json (5440字)
  ⚠️ 429, wait 3s
  ⚠️ 429, wait 6s
  ⚠️ 429, wait 12s
  ⚠️ 429, wait 24s
   ❌ 失败
📖 [56/1073] novel-225-sect-medical-girl/ch-0009.json (4310字)
  ⚠️ 429, wait 3s
  ⚠️ 429, wait 6s
  ⚠️ 429, wait 12s
  ⚠️ 429, wait 24s
   ❌ 失败
📖 [57/1073] novel-225-sect-medical-girl/ch-0010.json (4878字)
  ⚠️ 429, wait 3s
  ⚠️ 429, wait 6s
  ⚠️ 429, wait 12s
  ⚠️ 429, wait 24s
   ❌ 失败
📖 [58/1073] novel-226-arrogant-mommy-with-genius-son/ch-0001.json (3307字)
   ❌ 失败
📖 [59/1073] novel-226-arrogant-mommy-with-genius-son/ch-0002.json (3588字)
   ❌ 失败
📖 [60/1073] novel-226-arrogant-mommy-with-genius-son/ch-0003.json (3712字)
   ❌ 失败
📖 [61/1073] novel-226-arrogant-mommy-with-genius-son/ch-0004.json (3607字)
   ❌ 失败
📖 [62/1073] novel-226-arrogant-mommy-with-genius-son/ch-0005.json (3755字)
   ❌ 失败
📖 [63/1073] novel-226-arrogant-mommy-with-genius-son/ch-0006.json (3791字)
   ❌ 失败
📖 [64/1073] novel-226-arrogant-mommy-with-genius-son/ch-0007.json (3609字)
   ❌ 失败
📖 [65/1073] novel-226-arrogant-mommy-with-genius-son/ch-0008.json (3483字)
   ❌ 失败
📖 [66/1073] novel-226-arrogant-mommy-with-genius-son/ch-0009.json (3544字)
   ❌ 失败
📖 [67/1073] novel-226-arrogant-mommy-with-genius-son/ch-0010.json (3393字)
   ❌ 失败
📖 [68/1073] novel-227-genius-doctor/ch-0001.json (5211字)
  ⚠️ 429, wait 3s
  ⚠️ 429, wait 6s
  ⚠️ 429, wait 12s
  ⚠️ 429, wait 24s
   ❌ 失败
📖 [69/1073] novel-227-genius-doctor/ch-0002.json (4992字)
  ⚠️ 429, wait 3s
  ⚠️ 429, wait 6s
  ⚠️ 429, wait 12s
  ⚠️ 429, wait 24s
   ❌ 失败
📖 [70/1073] novel-227-genius-doctor/ch-0003.json (4878字)
  ⚠️ 429, wait 3s
  ⚠️ 429, wait 6s
  ⚠️ 429, wait 12s
  ⚠️ 429, wait 24s
   ❌ 失败
📖 [71/1073] novel-227-genius-doctor/ch-0004.json (5396字)
  ⚠️ 429, wait 3s
  ⚠️ 429, wait 6s
  ⚠️ 429, wait 12s
  ⚠️ 429, wait 24s
   ❌ 失败
📖 [72/1073] novel-227-genius-doctor/ch-0005.json (4891字)
  ⚠️ 429, wait 3s
  ⚠️ 429, wait 6s
  ⚠️ 429, wait 12s
  ⚠️ 429, wait 24s
   ❌ 失败
📖 [73/1073] novel-227-genius-doctor/ch-0006.json (4980字)
  ⚠️ 429, wait 3s
  ⚠️ 429, wait 6s
  ⚠️ 429, wait 12s
  ⚠️ 429, wait 24s
   ❌ 失败
📖 [74/1073] novel-227-genius-doctor/ch-0007.json (5057字)
  ⚠️ 429, wait 3s
  ⚠️ 429, wait 6s
  ⚠️ 429, wait 12s
  ⚠️ 429, wait 24s
   ❌ 失败
📖 [75/1073] novel-227-genius-doctor/ch-0008.json (4944字)
   ❌ 失败
📖 [76/1073] novel-227-genius-doctor/ch-0009.json (7034字)
   ❌ 失败
📖 [77/1073] novel-227-genius-doctor/ch-0010.json (5483字)
   ❌ 失败
📖 [78/1073] novel-228-the-goddesss-super-bodyguard/ch-0001.json (3683字)
   ❌ 失败
📖 [79/1073] novel-228-the-goddesss-super-bodyguard/ch-0002.json (3469字)
   ❌ 失败
📖 [80/1073] novel-228-the-goddesss-super-bodyguard/ch-0003.json (3481字)
   ❌ 失败
📖 [81/1073] novel-228-the-goddesss-super-bodyguard/ch-0004.json (3630字)
   ❌ 失败
📖 [82/1073] novel-228-the-goddesss-super-bodyguard/ch-0005.json (3380字)
   ❌ 失败
📖 [83/1073] novel-228-the-goddesss-super-bodyguard/ch-0006.json (3460字)
   ❌ 失败
📖 [84/1073] novel-228-the-goddesss-super-bodyguard/ch-0007.json (3525字)
   ❌ 失败
📖 [85/1073] novel-228-the-goddesss-super-bodyguard/ch-0008.json (3443字)
   ❌ 失败
📖 [86/1073] novel-228-the-goddesss-super-bodyguard/ch-0009.json (3463字)
   ❌ 失败
📖 [87/1073] novel-228-the-goddesss-super-bodyguard/ch-0010.json (3478字)
   ❌ 失败
📖 [88/1073] novel-231-marry-first-love-uncle-later-i/ch-0001.json (2347字)
   ❌ 失败
📖 [89/1073] novel-231-marry-first-love-uncle-later-i/ch-0002.json (3300字)
   ❌ 失败
📖 [90/1073] novel-231-marry-first-love-uncle-later-i/ch-0003.json (2210字)
   ❌ 失败
📖 [91/1073] novel-231-marry-first-love-uncle-later-i/ch-0004.json (2943字)
   ❌ 失败
📖 [92/1073] novel-231-marry-first-love-uncle-later-i/ch-0005.json (2018字)
   ❌ 失败
📖 [93/1073] novel-231-marry-first-love-uncle-later-i/ch-0006.json (2721字)
   ❌ 失败
📖 [94/1073] novel-231-marry-first-love-uncle-later-i/ch-0007.json (1992字)
   ❌ 失败
📖 [95/1073] novel-231-marry-first-love-uncle-later-i/ch-0008.json (1880字)
   ❌ 失败
📖 [96/1073] novel-231-marry-first-love-uncle-later-i/ch-0009.json (1687字)
   ❌ 失败
📖 [97/1073] novel-231-marry-first-love-uncle-later-i/ch-0010.json (1790字)
   ❌ 失败
📖 [98/1073] novel-232-feng-batian-killers-crazy-wife/ch-0001.json (1715字)
   ❌ 失败
📖 [99/1073] novel-232-feng-batian-killers-crazy-wife/ch-0002.json (1876字)
   ❌ 失败
📖 [100/1073] novel-232-feng-batian-killers-crazy-wife/ch-0003.json (1640字)
   ❌ 失败
📖 [101/1073] novel-232-feng-batian-killers-crazy-wife/ch-0004.json (1818字)
   ❌ 失败
📖 [102/1073] novel-232-feng-batian-killers-crazy-wife/ch-0005.json (1723字)
   ❌ 失败
📖 [103/1073] novel-232-feng-batian-killers-crazy-wife/ch-0006.json (1870字)
   ❌ 失败
📖 [104/1073] novel-232-feng-batian-killers-crazy-wife/ch-0007.json (1896字)
   ❌ 失败
📖 [105/1073] novel-232-feng-batian-killers-crazy-wife/ch-0008.json (1746字)
   ❌ 失败
📖 [106/1073] novel-232-feng-batian-killers-crazy-wife/ch-0009.json (1614字)
   ❌ 失败
📖 [107/1073] novel-232-feng-batian-killers-crazy-wife/ch-0010.json (1640字)
   ❌ 失败
📖 [108/1073] novel-233-marriage-and-death/ch-0001.json (7811字)
   ❌ 失败
📖 [109/1073] novel-233-marriage-and-death/ch-0002.json (6772字)
   ❌ 失败
📖 [110/1073] novel-233-marriage-and-death/ch-0003.json (6022字)
   ❌ 失败
📖 [111/1073] novel-233-marriage-and-death/ch-0004.json (5435字)

🛑 收到停止信号，当前章节完成后退出...
