🔍 Scanning for 'lines' format chapters...

🛑 Stopping...
🔍 Scanning for 'lines' format chapters...

🛑 Stopping...
📊 Need translate: 1284, Done: 355, Failed: 5

  Worker 1 done: 0 chapters

  Worker 2 done: 0 chapters

  Worker 3 done: 0 chapters

  Worker 4 done: 0 chapters

  Worker 5 done: 0 chapters

  Worker 6 done: 0 chapters

🏁 Done! Success: 0, Failed: 0
🔍 Scanning for 'lines' format chapters...

🛑 Stopping...
📊 Need translate: 1284, Done: 355, Failed: 5

  Worker 1 done: 0 chapters

  Worker 2 done: 0 chapters

  Worker 3 done: 0 chapters

  Worker 4 done: 0 chapters

  Worker 5 done: 0 chapters

  Worker 6 done: 0 chapters

🏁 Done! Success: 0, Failed: 0
📊 Need translate: 1284, Done: 355, Failed: 5

  Worker 1 done: 0 chapters

  Worker 2 done: 0 chapters

  Worker 3 done: 0 chapters

  Worker 4 done: 0 chapters

  Worker 5 done: 0 chapters

  Worker 6 done: 0 chapters

🏁 Done! Success: 0, Failed: 0
