🔍 Scanning for 'lines' format chapters...
📊 Need translate: 12058, Done: 355, Failed: 5
  ⏳ 23 done, 0 failed, 12035 left (~13.8/s, ETA 0.2h)
  ⏳ 40 done, 0 failed, 12018 left (~10.2/s, ETA 0.3h)
  ⏳ 56 done, 0 failed, 12002 left (~9.6/s, ETA 0.3h)
  ⏳ 79 done, 0 failed, 11979 left (~13.8/s, ETA 0.2h)
  ⏳ 105 done, 0 failed, 11953 left (~15.6/s, ETA 0.2h)
  ⏳ 114 done, 0 failed, 11944 left (~5.4/s, ETA 0.6h)
  ⏳ 142 done, 0 failed, 11916 left (~16.8/s, ETA 0.2h)
  ⏳ 168 done, 0 failed, 11890 left (~15.6/s, ETA 0.2h)
  ⏳ 191 done, 0 failed, 11867 left (~13.8/s, ETA 0.2h)
  ⏳ 209 done, 0 failed, 11849 left (~10.8/s, ETA 0.3h)
  ⏳ 232 done, 0 failed, 11826 left (~13.8/s, ETA 0.2h)
  ⏳ 251 done, 0 failed, 11807 left (~11.5/s, ETA 0.3h)
  ⏳ 284 done, 0 failed, 11774 left (~19.6/s, ETA 0.2h)
  ⏳ 318 done, 0 failed, 11740 left (~20.4/s, ETA 0.2h)
  ⏳ 350 done, 0 failed, 11708 left (~19.2/s, ETA 0.2h)
  ⏳ 379 done, 0 failed, 11679 left (~17.4/s, ETA 0.2h)
  ⏳ 409 done, 0 failed, 11649 left (~18.0/s, ETA 0.2h)
  ⏳ 434 done, 0 failed, 11624 left (~15.0/s, ETA 0.2h)
  ⏳ 467 done, 0 failed, 11591 left (~19.8/s, ETA 0.2h)
  ⏳ 483 done, 0 failed, 11575 left (~9.6/s, ETA 0.3h)
  ⏳ 514 done, 0 failed, 11544 left (~18.6/s, ETA 0.2h)
  ⏳ 535 done, 0 failed, 11523 left (~12.6/s, ETA 0.3h)
  ⏳ 543 done, 0 failed, 11515 left (~4.8/s, ETA 0.7h)
  ⏳ 563 done, 0 failed, 11495 left (~12.0/s, ETA 0.3h)
  ⏳ 596 done, 0 failed, 11462 left (~19.8/s, ETA 0.2h)
  ⏳ 618 done, 0 failed, 11440 left (~13.2/s, ETA 0.2h)
  ⏳ 639 done, 0 failed, 11419 left (~12.6/s, ETA 0.3h)
  ⏳ 664 done, 0 failed, 11394 left (~15.0/s, ETA 0.2h)
  ⏳ 688 done, 0 failed, 11370 left (~14.4/s, ETA 0.2h)
  ⏳ 711 done, 0 failed, 11347 left (~13.7/s, ETA 0.2h)
  ⏳ 734 done, 0 failed, 11324 left (~13.8/s, ETA 0.2h)
  ⏳ 755 done, 0 failed, 11303 left (~12.6/s, ETA 0.2h)
  ⏳ 772 done, 0 failed, 11286 left (~10.2/s, ETA 0.3h)
  ⏳ 791 done, 0 failed, 11267 left (~11.4/s, ETA 0.3h)
  ⏳ 796 done, 0 failed, 11262 left (~3.0/s, ETA 1.0h)
  ⏳ 810 done, 0 failed, 11248 left (~8.4/s, ETA 0.4h)
  ⏳ 826 done, 0 failed, 11232 left (~9.6/s, ETA 0.3h)
  ⏳ 842 done, 0 failed, 11216 left (~9.6/s, ETA 0.3h)
  ⏳ 859 done, 0 failed, 11199 left (~10.2/s, ETA 0.3h)
  ⏳ 887 done, 0 failed, 11171 left (~16.8/s, ETA 0.2h)
  ⏳ 921 done, 0 failed, 11137 left (~20.4/s, ETA 0.2h)
  ⏳ 942 done, 0 failed, 11116 left (~12.6/s, ETA 0.2h)
  ⏳ 962 done, 0 failed, 11096 left (~12.0/s, ETA 0.3h)
  ⏳ 990 done, 0 failed, 11068 left (~16.8/s, ETA 0.2h)
  ⏳ 1006 done, 0 failed, 11052 left (~9.6/s, ETA 0.3h)
  ⏳ 1023 done, 0 failed, 11035 left (~10.2/s, ETA 0.3h)
  ⏳ 1049 done, 0 failed, 11009 left (~15.6/s, ETA 0.2h)
  ⏳ 1080 done, 0 failed, 10978 left (~18.6/s, ETA 0.2h)
  ⏳ 1102 done, 0 failed, 10956 left (~13.2/s, ETA 0.2h)
  ⏳ 1135 done, 0 failed, 10923 left (~19.8/s, ETA 0.2h)
  ⏳ 1151 done, 0 failed, 10907 left (~9.6/s, ETA 0.3h)
  ⏳ 1170 done, 0 failed, 10888 left (~11.4/s, ETA 0.3h)
  ⏳ 1196 done, 0 failed, 10862 left (~15.6/s, ETA 0.2h)
  ⏳ 1217 done, 0 failed, 10841 left (~12.6/s, ETA 0.2h)
  ⏳ 1239 done, 0 failed, 10819 left (~13.2/s, ETA 0.2h)
  ⏳ 1263 done, 0 failed, 10795 left (~14.4/s, ETA 0.2h)
  ⏳ 1284 done, 0 failed, 10774 left (~12.6/s, ETA 0.2h)
  ⏳ 1309 done, 0 failed, 10749 left (~15.0/s, ETA 0.2h)
  ⏳ 1336 done, 0 failed, 10722 left (~16.2/s, ETA 0.2h)
  ⏳ 1364 done, 0 failed, 10694 left (~16.8/s, ETA 0.2h)
  ⏳ 1391 done, 0 failed, 10667 left (~16.2/s, ETA 0.2h)
  ⏳ 1413 done, 0 failed, 10645 left (~13.2/s, ETA 0.2h)
  ⏳ 1441 done, 0 failed, 10617 left (~16.8/s, ETA 0.2h)
  ⏳ 1465 done, 0 failed, 10593 left (~14.4/s, ETA 0.2h)
  ⏳ 1484 done, 0 failed, 10574 left (~11.4/s, ETA 0.3h)
  ⏳ 1513 done, 0 failed, 10545 left (~17.4/s, ETA 0.2h)
  ⏳ 1531 done, 0 failed, 10527 left (~10.8/s, ETA 0.3h)
  ⏳ 1547 done, 0 failed, 10511 left (~9.6/s, ETA 0.3h)
  ⏳ 1580 done, 0 failed, 10478 left (~19.8/s, ETA 0.1h)
  ⏳ 1603 done, 0 failed, 10455 left (~13.8/s, ETA 0.2h)
  ⏳ 1639 done, 0 failed, 10419 left (~21.6/s, ETA 0.1h)
  ⏳ 1660 done, 0 failed, 10398 left (~12.6/s, ETA 0.2h)
  ⏳ 1686 done, 0 failed, 10372 left (~15.6/s, ETA 0.2h)
  ⏳ 1703 done, 0 failed, 10355 left (~10.2/s, ETA 0.3h)
  ⏳ 1724 done, 0 failed, 10334 left (~12.6/s, ETA 0.2h)
  ⏳ 1748 done, 0 failed, 10310 left (~14.4/s, ETA 0.2h)
  ⏳ 1768 done, 0 failed, 10290 left (~12.0/s, ETA 0.2h)
  ⏳ 1792 done, 0 failed, 10266 left (~14.4/s, ETA 0.2h)
  ⏳ 1816 done, 0 failed, 10242 left (~14.4/s, ETA 0.2h)
  ⏳ 1845 done, 0 failed, 10213 left (~17.4/s, ETA 0.2h)
  ⏳ 1870 done, 0 failed, 10188 left (~15.0/s, ETA 0.2h)
  ⏳ 1899 done, 0 failed, 10159 left (~17.4/s, ETA 0.2h)
  ⏳ 1922 done, 0 failed, 10136 left (~13.8/s, ETA 0.2h)
  ⏳ 1951 done, 0 failed, 10107 left (~17.4/s, ETA 0.2h)
  ⏳ 1975 done, 0 failed, 10083 left (~14.4/s, ETA 0.2h)
  ⏳ 1998 done, 0 failed, 10060 left (~13.8/s, ETA 0.2h)
  ⏳ 2026 done, 0 failed, 10032 left (~16.8/s, ETA 0.2h)
  ⏳ 2050 done, 0 failed, 10008 left (~14.4/s, ETA 0.2h)
  ⏳ 2065 done, 0 failed, 9993 left (~9.0/s, ETA 0.3h)
  ⏳ 2097 done, 0 failed, 9961 left (~19.2/s, ETA 0.1h)
  ⏳ 2128 done, 0 failed, 9930 left (~18.6/s, ETA 0.1h)
  ⏳ 2146 done, 0 failed, 9912 left (~10.8/s, ETA 0.3h)
  ⏳ 2169 done, 0 failed, 9889 left (~13.8/s, ETA 0.2h)
  ⏳ 2190 done, 0 failed, 9868 left (~12.6/s, ETA 0.2h)
  ⏳ 2213 done, 0 failed, 9845 left (~13.8/s, ETA 0.2h)
  ⏳ 2242 done, 0 failed, 9816 left (~17.4/s, ETA 0.2h)
  ⏳ 2267 done, 0 failed, 9791 left (~15.0/s, ETA 0.2h)
  ⏳ 2290 done, 0 failed, 9768 left (~13.8/s, ETA 0.2h)
  ⏳ 2318 done, 0 failed, 9740 left (~16.8/s, ETA 0.2h)
  ⏳ 2330 done, 0 failed, 9728 left (~7.2/s, ETA 0.4h)
  ⏳ 2359 done, 0 failed, 9699 left (~17.4/s, ETA 0.2h)
  ⏳ 2388 done, 0 failed, 9670 left (~17.4/s, ETA 0.2h)
  ⏳ 2414 done, 0 failed, 9644 left (~15.6/s, ETA 0.2h)
  ⏳ 2439 done, 0 failed, 9619 left (~15.0/s, ETA 0.2h)
  ⏳ 2467 done, 0 failed, 9591 left (~16.8/s, ETA 0.2h)
  ⏳ 2491 done, 0 failed, 9567 left (~14.4/s, ETA 0.2h)
  ⏳ 2516 done, 0 failed, 9542 left (~15.0/s, ETA 0.2h)
  ⏳ 2553 done, 0 failed, 9505 left (~22.2/s, ETA 0.1h)
  ⏳ 2590 done, 0 failed, 9468 left (~22.2/s, ETA 0.1h)
  ⏳ 2631 done, 0 failed, 9427 left (~24.6/s, ETA 0.1h)
  ⏳ 2649 done, 0 failed, 9409 left (~10.8/s, ETA 0.2h)
  ⏳ 2676 done, 0 failed, 9382 left (~16.2/s, ETA 0.2h)
  ⏳ 2695 done, 0 failed, 9363 left (~11.4/s, ETA 0.2h)
  ⏳ 2717 done, 0 failed, 9341 left (~13.2/s, ETA 0.2h)
  ⏳ 2735 done, 0 failed, 9323 left (~10.8/s, ETA 0.2h)
  ⏳ 2755 done, 0 failed, 9303 left (~12.0/s, ETA 0.2h)
  ⏳ 2782 done, 0 failed, 9276 left (~16.2/s, ETA 0.2h)
  ⏳ 2810 done, 0 failed, 9248 left (~16.8/s, ETA 0.2h)
  ⏳ 2839 done, 0 failed, 9219 left (~17.4/s, ETA 0.1h)
  ⏳ 2863 done, 0 failed, 9195 left (~14.4/s, ETA 0.2h)
  ⏳ 2889 done, 0 failed, 9169 left (~15.6/s, ETA 0.2h)
  ⏳ 2908 done, 0 failed, 9150 left (~11.4/s, ETA 0.2h)
  ⏳ 2925 done, 0 failed, 9133 left (~10.2/s, ETA 0.2h)
  ⏳ 2947 done, 0 failed, 9111 left (~13.2/s, ETA 0.2h)
  ⏳ 2978 done, 0 failed, 9080 left (~18.6/s, ETA 0.1h)
  ⏳ 3006 done, 0 failed, 9052 left (~16.8/s, ETA 0.1h)
  ⏳ 3023 done, 0 failed, 9035 left (~10.2/s, ETA 0.2h)
  ⏳ 3050 done, 0 failed, 9008 left (~16.2/s, ETA 0.2h)
  ⏳ 3086 done, 0 failed, 8972 left (~21.6/s, ETA 0.1h)
  ⏳ 3107 done, 0 failed, 8951 left (~12.6/s, ETA 0.2h)
  ⏳ 3132 done, 0 failed, 8926 left (~15.0/s, ETA 0.2h)
  ⏳ 3153 done, 0 failed, 8905 left (~12.6/s, ETA 0.2h)
  ⏳ 3179 done, 0 failed, 8879 left (~15.6/s, ETA 0.2h)
  ⏳ 3208 done, 0 failed, 8850 left (~17.4/s, ETA 0.1h)
  ⏳ 3240 done, 0 failed, 8818 left (~19.2/s, ETA 0.1h)
  ⏳ 3273 done, 0 failed, 8785 left (~19.8/s, ETA 0.1h)
  ⏳ 3288 done, 0 failed, 8770 left (~9.0/s, ETA 0.3h)
  ⏳ 3303 done, 0 failed, 8755 left (~9.0/s, ETA 0.3h)
  ⏳ 3319 done, 0 failed, 8739 left (~9.6/s, ETA 0.3h)
  ⏳ 3343 done, 0 failed, 8715 left (~14.3/s, ETA 0.2h)
  ⏳ 3362 done, 0 failed, 8696 left (~11.4/s, ETA 0.2h)
  ⏳ 3375 done, 0 failed, 8683 left (~7.8/s, ETA 0.3h)
  ⏳ 3389 done, 0 failed, 8669 left (~8.4/s, ETA 0.3h)
  ⏳ 3405 done, 0 failed, 8653 left (~9.6/s, ETA 0.3h)
  ⏳ 3432 done, 0 failed, 8626 left (~16.2/s, ETA 0.1h)
  ⏳ 3454 done, 0 failed, 8604 left (~13.2/s, ETA 0.2h)
  ⏳ 3474 done, 0 failed, 8584 left (~12.0/s, ETA 0.2h)
  ⏳ 3500 done, 0 failed, 8558 left (~15.6/s, ETA 0.2h)
  ⏳ 3532 done, 0 failed, 8526 left (~19.2/s, ETA 0.1h)
  ⏳ 3561 done, 0 failed, 8497 left (~17.4/s, ETA 0.1h)
  ⏳ 3588 done, 0 failed, 8470 left (~16.2/s, ETA 0.1h)
  ⏳ 3620 done, 0 failed, 8438 left (~19.2/s, ETA 0.1h)
  ⏳ 3661 done, 0 failed, 8397 left (~24.6/s, ETA 0.1h)
  ⏳ 3677 done, 0 failed, 8381 left (~9.6/s, ETA 0.2h)
  ⏳ 3701 done, 0 failed, 8357 left (~14.4/s, ETA 0.2h)
  ⏳ 3725 done, 0 failed, 8333 left (~14.4/s, ETA 0.2h)
  ⏳ 3752 done, 0 failed, 8306 left (~16.2/s, ETA 0.1h)
  ⏳ 3781 done, 0 failed, 8277 left (~17.4/s, ETA 0.1h)
  ⏳ 3798 done, 0 failed, 8260 left (~10.2/s, ETA 0.2h)
  ⏳ 3822 done, 0 failed, 8236 left (~14.4/s, ETA 0.2h)
  ⏳ 3849 done, 0 failed, 8209 left (~16.2/s, ETA 0.1h)
  ⏳ 3884 done, 0 failed, 8174 left (~21.0/s, ETA 0.1h)
  ⏳ 3916 done, 0 failed, 8142 left (~19.2/s, ETA 0.1h)
  ⏳ 3942 done, 0 failed, 8116 left (~15.6/s, ETA 0.1h)
  ⏳ 3960 done, 0 failed, 8098 left (~10.8/s, ETA 0.2h)
  ⏳ 3976 done, 0 failed, 8082 left (~9.6/s, ETA 0.2h)
  ⏳ 3993 done, 0 failed, 8065 left (~10.2/s, ETA 0.2h)
  ⏳ 4018 done, 0 failed, 8040 left (~15.0/s, ETA 0.1h)
  ⏳ 4052 done, 0 failed, 8006 left (~20.4/s, ETA 0.1h)
  ⏳ 4068 done, 0 failed, 7990 left (~9.6/s, ETA 0.2h)
  ⏳ 4092 done, 0 failed, 7966 left (~14.4/s, ETA 0.2h)
  ⏳ 4102 done, 0 failed, 7956 left (~6.0/s, ETA 0.4h)
  ⏳ 4124 done, 0 failed, 7934 left (~13.2/s, ETA 0.2h)
  ⏳ 4154 done, 0 failed, 7904 left (~18.0/s, ETA 0.1h)
  ⏳ 4175 done, 0 failed, 7883 left (~12.6/s, ETA 0.2h)
  ⏳ 4206 done, 0 failed, 7852 left (~18.6/s, ETA 0.1h)
  ⏳ 4226 done, 0 failed, 7832 left (~12.0/s, ETA 0.2h)
  ⏳ 4243 done, 0 failed, 7815 left (~10.2/s, ETA 0.2h)
  ⏳ 4257 done, 0 failed, 7801 left (~8.4/s, ETA 0.3h)
  ⏳ 4278 done, 0 failed, 7780 left (~12.6/s, ETA 0.2h)
  ⏳ 4295 done, 0 failed, 7763 left (~10.2/s, ETA 0.2h)
  ⏳ 4320 done, 0 failed, 7738 left (~15.0/s, ETA 0.1h)
  ⏳ 4348 done, 0 failed, 7710 left (~16.8/s, ETA 0.1h)
  ⏳ 4371 done, 0 failed, 7687 left (~13.8/s, ETA 0.2h)
  ⏳ 4400 done, 0 failed, 7658 left (~17.4/s, ETA 0.1h)
  ⏳ 4434 done, 0 failed, 7624 left (~20.4/s, ETA 0.1h)
  ⏳ 4468 done, 0 failed, 7590 left (~20.4/s, ETA 0.1h)
  ⏳ 4494 done, 0 failed, 7564 left (~15.6/s, ETA 0.1h)
  ⏳ 4527 done, 0 failed, 7531 left (~19.8/s, ETA 0.1h)
  ⏳ 4549 done, 0 failed, 7509 left (~13.2/s, ETA 0.2h)
  ⏳ 4580 done, 0 failed, 7478 left (~18.6/s, ETA 0.1h)
  ⏳ 4616 done, 0 failed, 7442 left (~21.6/s, ETA 0.1h)
  ⏳ 4636 done, 0 failed, 7422 left (~12.0/s, ETA 0.2h)
  ⏳ 4668 done, 0 failed, 7390 left (~19.2/s, ETA 0.1h)
  ⏳ 4687 done, 0 failed, 7371 left (~11.4/s, ETA 0.2h)
  ⏳ 4715 done, 0 failed, 7343 left (~16.8/s, ETA 0.1h)
  ⏳ 4743 done, 0 failed, 7315 left (~16.8/s, ETA 0.1h)
  ⏳ 4761 done, 0 failed, 7297 left (~10.8/s, ETA 0.2h)
  ⏳ 4779 done, 0 failed, 7279 left (~10.8/s, ETA 0.2h)
  ⏳ 4790 done, 0 failed, 7268 left (~6.6/s, ETA 0.3h)
  ⏳ 4815 done, 0 failed, 7243 left (~15.0/s, ETA 0.1h)
  ⏳ 4832 done, 0 failed, 7226 left (~10.2/s, ETA 0.2h)
  ⏳ 4853 done, 0 failed, 7205 left (~12.6/s, ETA 0.2h)
  ⏳ 4878 done, 0 failed, 7180 left (~15.0/s, ETA 0.1h)
  ⏳ 4900 done, 0 failed, 7158 left (~13.2/s, ETA 0.2h)
  ⏳ 4937 done, 0 failed, 7121 left (~22.2/s, ETA 0.1h)
  ⏳ 4958 done, 0 failed, 7100 left (~12.6/s, ETA 0.2h)
  ⏳ 4985 done, 0 failed, 7073 left (~16.2/s, ETA 0.1h)
  ⏳ 5013 done, 0 failed, 7045 left (~16.8/s, ETA 0.1h)
  ⏳ 5047 done, 0 failed, 7011 left (~20.3/s, ETA 0.1h)
  ⏳ 5070 done, 0 failed, 6988 left (~13.8/s, ETA 0.1h)
  ⏳ 5096 done, 0 failed, 6962 left (~15.6/s, ETA 0.1h)
  ⏳ 5116 done, 0 failed, 6942 left (~12.0/s, ETA 0.2h)
  ⏳ 5153 done, 0 failed, 6905 left (~22.2/s, ETA 0.1h)
  ⏳ 5179 done, 0 failed, 6879 left (~15.6/s, ETA 0.1h)
  ⏳ 5204 done, 0 failed, 6854 left (~15.0/s, ETA 0.1h)
  ⏳ 5234 done, 0 failed, 6824 left (~18.0/s, ETA 0.1h)
  ⏳ 5265 done, 0 failed, 6793 left (~18.6/s, ETA 0.1h)
  ⏳ 5289 done, 0 failed, 6769 left (~14.4/s, ETA 0.1h)
  ⏳ 5298 done, 0 failed, 6760 left (~5.4/s, ETA 0.3h)
  ⏳ 5311 done, 0 failed, 6747 left (~7.7/s, ETA 0.2h)
  ⏳ 5333 done, 0 failed, 6725 left (~13.1/s, ETA 0.1h)
  ⏳ 5362 done, 0 failed, 6696 left (~17.4/s, ETA 0.1h)
  ⏳ 5378 done, 0 failed, 6680 left (~9.6/s, ETA 0.2h)
  ⏳ 5400 done, 0 failed, 6658 left (~13.2/s, ETA 0.1h)
  ⏳ 5418 done, 0 failed, 6640 left (~10.8/s, ETA 0.2h)
  ⏳ 5427 done, 0 failed, 6631 left (~5.4/s, ETA 0.3h)
  ⏳ 5438 done, 0 failed, 6620 left (~6.6/s, ETA 0.3h)
  ⏳ 5448 done, 0 failed, 6610 left (~6.0/s, ETA 0.3h)
  ⏳ 5468 done, 0 failed, 6590 left (~12.0/s, ETA 0.2h)
  ⏳ 5494 done, 0 failed, 6564 left (~15.6/s, ETA 0.1h)
  ⏳ 5526 done, 0 failed, 6532 left (~19.2/s, ETA 0.1h)
  ⏳ 5563 done, 0 failed, 6495 left (~22.2/s, ETA 0.1h)
  ⏳ 5580 done, 0 failed, 6478 left (~10.2/s, ETA 0.2h)
  ⏳ 5611 done, 0 failed, 6447 left (~18.6/s, ETA 0.1h)
  ⏳ 5643 done, 0 failed, 6415 left (~19.2/s, ETA 0.1h)
  ⏳ 5671 done, 0 failed, 6387 left (~16.8/s, ETA 0.1h)
  ⏳ 5689 done, 0 failed, 6369 left (~10.8/s, ETA 0.2h)
  ⏳ 5702 done, 0 failed, 6356 left (~7.8/s, ETA 0.2h)
  ⏳ 5726 done, 0 failed, 6332 left (~14.4/s, ETA 0.1h)
  ⏳ 5745 done, 0 failed, 6313 left (~11.4/s, ETA 0.2h)
  ⏳ 5756 done, 0 failed, 6302 left (~6.6/s, ETA 0.3h)
  ⏳ 5778 done, 0 failed, 6280 left (~13.2/s, ETA 0.1h)
  ⏳ 5796 done, 0 failed, 6262 left (~10.8/s, ETA 0.2h)
  ⏳ 5818 done, 0 failed, 6240 left (~13.2/s, ETA 0.1h)
  ⏳ 5842 done, 0 failed, 6216 left (~14.4/s, ETA 0.1h)
  ⏳ 5872 done, 0 failed, 6186 left (~18.0/s, ETA 0.1h)
  ⏳ 5902 done, 0 failed, 6156 left (~18.0/s, ETA 0.1h)
  ⏳ 5927 done, 0 failed, 6131 left (~15.0/s, ETA 0.1h)
  ⏳ 5959 done, 0 failed, 6099 left (~19.2/s, ETA 0.1h)
  ⏳ 5977 done, 0 failed, 6081 left (~10.8/s, ETA 0.2h)
  ⏳ 5993 done, 0 failed, 6065 left (~9.6/s, ETA 0.2h)
  ⏳ 6015 done, 0 failed, 6043 left (~13.2/s, ETA 0.1h)
  ⏳ 6042 done, 0 failed, 6016 left (~16.2/s, ETA 0.1h)
  ⏳ 6060 done, 0 failed, 5998 left (~10.8/s, ETA 0.2h)
  ⏳ 6079 done, 0 failed, 5979 left (~11.4/s, ETA 0.1h)
  ⏳ 6118 done, 0 failed, 5940 left (~23.4/s, ETA 0.1h)
  ⏳ 6129 done, 0 failed, 5929 left (~6.6/s, ETA 0.3h)
  ⏳ 6148 done, 0 failed, 5910 left (~11.4/s, ETA 0.1h)
  ⏳ 6177 done, 0 failed, 5881 left (~17.4/s, ETA 0.1h)
  ⏳ 6208 done, 0 failed, 5850 left (~18.6/s, ETA 0.1h)
  ⏳ 6244 done, 0 failed, 5814 left (~21.6/s, ETA 0.1h)
  ⏳ 6258 done, 0 failed, 5800 left (~8.4/s, ETA 0.2h)
  ⏳ 6281 done, 0 failed, 5777 left (~13.8/s, ETA 0.1h)
  ⏳ 6307 done, 0 failed, 5751 left (~15.6/s, ETA 0.1h)
  ⏳ 6335 done, 0 failed, 5723 left (~16.8/s, ETA 0.1h)
  ⏳ 6358 done, 0 failed, 5700 left (~13.8/s, ETA 0.1h)
  ⏳ 6385 done, 0 failed, 5673 left (~16.2/s, ETA 0.1h)
  ⏳ 6419 done, 0 failed, 5639 left (~20.4/s, ETA 0.1h)
  ⏳ 6457 done, 0 failed, 5601 left (~22.8/s, ETA 0.1h)
  ⏳ 6484 done, 0 failed, 5574 left (~16.2/s, ETA 0.1h)
  ⏳ 6503 done, 0 failed, 5555 left (~11.4/s, ETA 0.1h)
  ⏳ 6525 done, 0 failed, 5533 left (~13.2/s, ETA 0.1h)
  ⏳ 6544 done, 0 failed, 5514 left (~11.4/s, ETA 0.1h)
  ⏳ 6580 done, 0 failed, 5478 left (~21.6/s, ETA 0.1h)
  ⏳ 6615 done, 0 failed, 5443 left (~21.0/s, ETA 0.1h)
  ⏳ 6636 done, 0 failed, 5422 left (~12.6/s, ETA 0.1h)
  ⏳ 6653 done, 0 failed, 5405 left (~10.2/s, ETA 0.1h)
  ⏳ 6672 done, 0 failed, 5386 left (~11.4/s, ETA 0.1h)
  ⏳ 6694 done, 0 failed, 5364 left (~13.2/s, ETA 0.1h)
  ⏳ 6726 done, 0 failed, 5332 left (~19.2/s, ETA 0.1h)
  ⏳ 6751 done, 0 failed, 5307 left (~14.9/s, ETA 0.1h)
  ⏳ 6767 done, 0 failed, 5291 left (~9.6/s, ETA 0.2h)
  ⏳ 6798 done, 0 failed, 5260 left (~18.6/s, ETA 0.1h)
  ⏳ 6818 done, 0 failed, 5240 left (~12.0/s, ETA 0.1h)
  ⏳ 6854 done, 0 failed, 5204 left (~21.6/s, ETA 0.1h)
  ⏳ 6884 done, 0 failed, 5174 left (~18.0/s, ETA 0.1h)
  ⏳ 6918 done, 0 failed, 5140 left (~20.3/s, ETA 0.1h)
  ⏳ 6941 done, 0 failed, 5117 left (~13.8/s, ETA 0.1h)
  ⏳ 6941 done, 0 failed, 5117 left (~0.0/s, ETA 0.0h)
  ⏳ 6941 done, 0 failed, 5117 left (~0.0/s, ETA 0.0h)
  ⏳ 6943 done, 0 failed, 5115 left (~1.2/s, ETA 1.2h)
  ⏳ 6958 done, 0 failed, 5100 left (~9.0/s, ETA 0.2h)
  ⏳ 6974 done, 0 failed, 5084 left (~9.6/s, ETA 0.1h)
  ⏳ 6992 done, 0 failed, 5066 left (~10.7/s, ETA 0.1h)
  ⏳ 7014 done, 0 failed, 5044 left (~13.2/s, ETA 0.1h)
  ⏳ 7030 done, 0 failed, 5028 left (~9.6/s, ETA 0.1h)
  ⏳ 7041 done, 0 failed, 5017 left (~6.6/s, ETA 0.2h)
  ⏳ 7058 done, 0 failed, 5000 left (~10.2/s, ETA 0.1h)
  ⏳ 7072 done, 0 failed, 4986 left (~8.4/s, ETA 0.2h)
  ⏳ 7094 done, 0 failed, 4964 left (~13.2/s, ETA 0.1h)
  ⏳ 7115 done, 0 failed, 4943 left (~12.6/s, ETA 0.1h)
  ⏳ 7140 done, 0 failed, 4918 left (~15.0/s, ETA 0.1h)
  ⏳ 7153 done, 0 failed, 4905 left (~7.8/s, ETA 0.2h)
  ⏳ 7175 done, 0 failed, 4883 left (~13.2/s, ETA 0.1h)
  ⏳ 7203 done, 0 failed, 4855 left (~16.8/s, ETA 0.1h)
  ⏳ 7219 done, 0 failed, 4839 left (~9.6/s, ETA 0.1h)
  ⏳ 7238 done, 0 failed, 4820 left (~11.4/s, ETA 0.1h)
  ⏳ 7271 done, 0 failed, 4787 left (~19.8/s, ETA 0.1h)
  ⏳ 7288 done, 0 failed, 4770 left (~10.2/s, ETA 0.1h)
  ⏳ 7311 done, 0 failed, 4747 left (~13.8/s, ETA 0.1h)
  ⏳ 7322 done, 0 failed, 4736 left (~6.6/s, ETA 0.2h)
  ⏳ 7330 done, 0 failed, 4728 left (~4.8/s, ETA 0.3h)
  ⏳ 7350 done, 0 failed, 4708 left (~12.0/s, ETA 0.1h)
  ⏳ 7373 done, 0 failed, 4685 left (~13.8/s, ETA 0.1h)
  ⏳ 7397 done, 0 failed, 4661 left (~14.4/s, ETA 0.1h)
  ⏳ 7427 done, 0 failed, 4631 left (~18.0/s, ETA 0.1h)
  ⏳ 7461 done, 0 failed, 4597 left (~20.3/s, ETA 0.1h)
  ⏳ 7484 done, 0 failed, 4574 left (~13.8/s, ETA 0.1h)
  ⏳ 7500 done, 0 failed, 4558 left (~9.6/s, ETA 0.1h)
  ⏳ 7526 done, 0 failed, 4532 left (~15.6/s, ETA 0.1h)
  ⏳ 7566 done, 0 failed, 4492 left (~24.0/s, ETA 0.1h)
  ⏳ 7603 done, 0 failed, 4455 left (~22.2/s, ETA 0.1h)
  ⏳ 7630 done, 0 failed, 4428 left (~16.2/s, ETA 0.1h)
  ⏳ 7641 done, 0 failed, 4417 left (~6.6/s, ETA 0.2h)
  ⏳ 7655 done, 0 failed, 4403 left (~8.4/s, ETA 0.1h)
  ⏳ 7674 done, 0 failed, 4384 left (~11.4/s, ETA 0.1h)
  ⏳ 7691 done, 0 failed, 4367 left (~10.2/s, ETA 0.1h)
  ⏳ 7720 done, 0 failed, 4338 left (~17.4/s, ETA 0.1h)
  ⏳ 7751 done, 0 failed, 4307 left (~18.6/s, ETA 0.1h)
  ⏳ 7784 done, 0 failed, 4274 left (~19.8/s, ETA 0.1h)
  ⏳ 7812 done, 0 failed, 4246 left (~16.8/s, ETA 0.1h)
  ⏳ 7838 done, 0 failed, 4220 left (~15.6/s, ETA 0.1h)
  ⏳ 7867 done, 0 failed, 4191 left (~17.4/s, ETA 0.1h)
  ⏳ 7886 done, 0 failed, 4172 left (~11.4/s, ETA 0.1h)
  ⏳ 7914 done, 0 failed, 4144 left (~16.8/s, ETA 0.1h)
  ⏳ 7948 done, 0 failed, 4110 left (~20.4/s, ETA 0.1h)
  ⏳ 7974 done, 0 failed, 4084 left (~15.6/s, ETA 0.1h)
  ⏳ 7998 done, 0 failed, 4060 left (~14.4/s, ETA 0.1h)
  ⏳ 8030 done, 0 failed, 4028 left (~19.2/s, ETA 0.1h)
  ⏳ 8048 done, 0 failed, 4010 left (~10.8/s, ETA 0.1h)
  ⏳ 8082 done, 0 failed, 3976 left (~20.3/s, ETA 0.1h)
  ⏳ 8108 done, 0 failed, 3950 left (~15.6/s, ETA 0.1h)
  ⏳ 8140 done, 0 failed, 3918 left (~19.2/s, ETA 0.1h)
  ⏳ 8170 done, 0 failed, 3888 left (~18.0/s, ETA 0.1h)
  ⏳ 8198 done, 0 failed, 3860 left (~16.8/s, ETA 0.1h)
  ⏳ 8214 done, 0 failed, 3844 left (~9.6/s, ETA 0.1h)
  ⏳ 8238 done, 0 failed, 3820 left (~14.4/s, ETA 0.1h)
  ⏳ 8263 done, 0 failed, 3795 left (~15.0/s, ETA 0.1h)
  ⏳ 8291 done, 0 failed, 3767 left (~16.8/s, ETA 0.1h)
  ⏳ 8311 done, 0 failed, 3747 left (~12.0/s, ETA 0.1h)
  ⏳ 8325 done, 0 failed, 3733 left (~8.4/s, ETA 0.1h)
  ⏳ 8359 done, 0 failed, 3699 left (~20.4/s, ETA 0.1h)
  ⏳ 8387 done, 0 failed, 3671 left (~16.7/s, ETA 0.1h)
  ⏳ 8403 done, 0 failed, 3655 left (~9.6/s, ETA 0.1h)
  ⏳ 8421 done, 0 failed, 3637 left (~10.8/s, ETA 0.1h)
  ⏳ 8456 done, 0 failed, 3602 left (~20.9/s, ETA 0.0h)
  ⏳ 8475 done, 0 failed, 3583 left (~11.4/s, ETA 0.1h)
  ⏳ 8513 done, 0 failed, 3545 left (~22.8/s, ETA 0.0h)
  ⏳ 8542 done, 0 failed, 3516 left (~17.3/s, ETA 0.1h)
  ⏳ 8570 done, 0 failed, 3488 left (~16.8/s, ETA 0.1h)
  ⏳ 8602 done, 0 failed, 3456 left (~19.2/s, ETA 0.1h)
  ⏳ 8618 done, 0 failed, 3440 left (~9.6/s, ETA 0.1h)
  ⏳ 8650 done, 0 failed, 3408 left (~19.2/s, ETA 0.0h)
  ⏳ 8669 done, 0 failed, 3389 left (~11.4/s, ETA 0.1h)
  ⏳ 8705 done, 0 failed, 3353 left (~21.5/s, ETA 0.0h)
  ⏳ 8731 done, 0 failed, 3327 left (~15.6/s, ETA 0.1h)
  ⏳ 8755 done, 0 failed, 3303 left (~14.4/s, ETA 0.1h)
  ⏳ 8767 done, 0 failed, 3291 left (~7.2/s, ETA 0.1h)
  ⏳ 8788 done, 0 failed, 3270 left (~12.6/s, ETA 0.1h)
  ⏳ 8812 done, 0 failed, 3246 left (~14.4/s, ETA 0.1h)
  ⏳ 8839 done, 0 failed, 3219 left (~16.2/s, ETA 0.1h)
  ⏳ 8868 done, 0 failed, 3190 left (~17.4/s, ETA 0.1h)
  ⏳ 8881 done, 0 failed, 3177 left (~7.7/s, ETA 0.1h)
  ⏳ 8912 done, 0 failed, 3146 left (~18.5/s, ETA 0.0h)
  ⏳ 8947 done, 0 failed, 3111 left (~21.0/s, ETA 0.0h)
  ⏳ 8983 done, 0 failed, 3075 left (~21.6/s, ETA 0.0h)
  ⏳ 9014 done, 0 failed, 3044 left (~18.5/s, ETA 0.0h)
  ⏳ 9027 done, 0 failed, 3031 left (~7.8/s, ETA 0.1h)
  ⏳ 9042 done, 0 failed, 3016 left (~9.0/s, ETA 0.1h)
  ⏳ 9083 done, 0 failed, 2975 left (~24.5/s, ETA 0.0h)
  ⏳ 9094 done, 0 failed, 2964 left (~6.6/s, ETA 0.1h)
  ⏳ 9114 done, 0 failed, 2944 left (~12.0/s, ETA 0.1h)
  ⏳ 9135 done, 0 failed, 2923 left (~12.6/s, ETA 0.1h)
  ⏳ 9159 done, 0 failed, 2899 left (~14.4/s, ETA 0.1h)
  ⏳ 9196 done, 0 failed, 2862 left (~22.2/s, ETA 0.0h)
  ⏳ 9228 done, 0 failed, 2830 left (~19.1/s, ETA 0.0h)
  ⏳ 9251 done, 0 failed, 2807 left (~13.8/s, ETA 0.1h)
  ⏳ 9272 done, 0 failed, 2786 left (~12.6/s, ETA 0.1h)
  ⏳ 9294 done, 0 failed, 2764 left (~13.2/s, ETA 0.1h)
  ⏳ 9315 done, 0 failed, 2743 left (~12.6/s, ETA 0.1h)
  ⏳ 9329 done, 0 failed, 2729 left (~8.4/s, ETA 0.1h)
  ⏳ 9350 done, 0 failed, 2708 left (~12.6/s, ETA 0.1h)
  ⏳ 9369 done, 0 failed, 2689 left (~11.4/s, ETA 0.1h)
  ⏳ 9403 done, 0 failed, 2655 left (~20.4/s, ETA 0.0h)
  ⏳ 9431 done, 0 failed, 2627 left (~16.7/s, ETA 0.0h)
  ⏳ 9448 done, 0 failed, 2610 left (~10.2/s, ETA 0.1h)
  ⏳ 9469 done, 0 failed, 2589 left (~12.6/s, ETA 0.1h)
  ⏳ 9496 done, 0 failed, 2562 left (~16.1/s, ETA 0.0h)
  ⏳ 9508 done, 0 failed, 2550 left (~7.2/s, ETA 0.1h)
  ⏳ 9525 done, 0 failed, 2533 left (~10.2/s, ETA 0.1h)
  ⏳ 9556 done, 0 failed, 2502 left (~18.5/s, ETA 0.0h)
  ⏳ 9589 done, 0 failed, 2469 left (~19.8/s, ETA 0.0h)
  ⏳ 9616 done, 0 failed, 2442 left (~16.2/s, ETA 0.0h)
  ⏳ 9632 done, 0 failed, 2426 left (~9.6/s, ETA 0.1h)
  ⏳ 9669 done, 0 failed, 2389 left (~22.2/s, ETA 0.0h)
  ⏳ 9686 done, 0 failed, 2372 left (~10.2/s, ETA 0.1h)
  ⏳ 9703 done, 0 failed, 2355 left (~10.2/s, ETA 0.1h)
  ⏳ 9729 done, 0 failed, 2329 left (~15.6/s, ETA 0.0h)
  ⏳ 9767 done, 0 failed, 2291 left (~22.8/s, ETA 0.0h)
  ⏳ 9792 done, 0 failed, 2266 left (~15.0/s, ETA 0.0h)
  ⏳ 9817 done, 0 failed, 2241 left (~15.0/s, ETA 0.0h)
  ⏳ 9825 done, 0 failed, 2233 left (~4.8/s, ETA 0.1h)
  ⏳ 9836 done, 0 failed, 2222 left (~6.6/s, ETA 0.1h)
  ⏳ 9870 done, 0 failed, 2188 left (~20.4/s, ETA 0.0h)
  ⏳ 9889 done, 0 failed, 2169 left (~11.4/s, ETA 0.1h)
  ⏳ 9917 done, 0 failed, 2141 left (~16.7/s, ETA 0.0h)
  ⏳ 9943 done, 0 failed, 2115 left (~15.6/s, ETA 0.0h)
  ⏳ 9972 done, 0 failed, 2086 left (~17.4/s, ETA 0.0h)
  ⏳ 9991 done, 0 failed, 2067 left (~11.4/s, ETA 0.1h)
  ⏳ 10006 done, 0 failed, 2052 left (~9.0/s, ETA 0.1h)
  ⏳ 10024 done, 0 failed, 2034 left (~10.8/s, ETA 0.1h)
  ⏳ 10056 done, 0 failed, 2002 left (~19.1/s, ETA 0.0h)
  ⏳ 10077 done, 0 failed, 1981 left (~12.6/s, ETA 0.0h)
  ⏳ 10087 done, 0 failed, 1971 left (~6.0/s, ETA 0.1h)
  ⏳ 10108 done, 0 failed, 1950 left (~12.6/s, ETA 0.0h)
  ⏳ 10134 done, 0 failed, 1924 left (~15.6/s, ETA 0.0h)
  ⏳ 10167 done, 0 failed, 1891 left (~19.8/s, ETA 0.0h)
  ⏳ 10186 done, 0 failed, 1872 left (~11.4/s, ETA 0.0h)
  ⏳ 10207 done, 0 failed, 1851 left (~12.6/s, ETA 0.0h)
  ⏳ 10235 done, 0 failed, 1823 left (~16.8/s, ETA 0.0h)
  ⏳ 10249 done, 0 failed, 1809 left (~8.4/s, ETA 0.1h)
  ⏳ 10283 done, 0 failed, 1775 left (~20.4/s, ETA 0.0h)
  ⏳ 10306 done, 0 failed, 1752 left (~13.8/s, ETA 0.0h)
  ⏳ 10333 done, 0 failed, 1725 left (~16.1/s, ETA 0.0h)
  ⏳ 10345 done, 0 failed, 1713 left (~7.2/s, ETA 0.1h)
  ⏳ 10364 done, 0 failed, 1694 left (~11.4/s, ETA 0.0h)
  ⏳ 10391 done, 0 failed, 1667 left (~16.2/s, ETA 0.0h)
  ⏳ 10409 done, 0 failed, 1649 left (~10.8/s, ETA 0.0h)
  ⏳ 10434 done, 0 failed, 1624 left (~15.0/s, ETA 0.0h)
  ⏳ 10447 done, 0 failed, 1611 left (~7.8/s, ETA 0.1h)
  ⏳ 10480 done, 0 failed, 1578 left (~19.8/s, ETA 0.0h)
  ⏳ 10511 done, 0 failed, 1547 left (~18.6/s, ETA 0.0h)
  ⏳ 10549 done, 0 failed, 1509 left (~22.7/s, ETA 0.0h)
  ⏳ 10568 done, 0 failed, 1490 left (~11.4/s, ETA 0.0h)
  ⏳ 10605 done, 0 failed, 1453 left (~22.2/s, ETA 0.0h)
  ⏳ 10640 done, 0 failed, 1418 left (~20.9/s, ETA 0.0h)
  ⏳ 10658 done, 0 failed, 1400 left (~10.8/s, ETA 0.0h)
  ⏳ 10681 done, 0 failed, 1377 left (~13.8/s, ETA 0.0h)
  ⏳ 10714 done, 0 failed, 1344 left (~19.7/s, ETA 0.0h)
  ⏳ 10730 done, 0 failed, 1328 left (~9.6/s, ETA 0.0h)
  ⏳ 10747 done, 0 failed, 1311 left (~10.2/s, ETA 0.0h)
  ⏳ 10769 done, 0 failed, 1289 left (~13.2/s, ETA 0.0h)
  ⏳ 10804 done, 0 failed, 1254 left (~21.0/s, ETA 0.0h)
  ⏳ 10840 done, 0 failed, 1218 left (~21.6/s, ETA 0.0h)
  ⏳ 10874 done, 0 failed, 1184 left (~20.3/s, ETA 0.0h)
  ⏳ 10890 done, 0 failed, 1168 left (~9.6/s, ETA 0.0h)
  ⏳ 10914 done, 0 failed, 1144 left (~14.4/s, ETA 0.0h)
  ⏳ 10937 done, 0 failed, 1121 left (~13.8/s, ETA 0.0h)
  ⏳ 10963 done, 0 failed, 1095 left (~15.6/s, ETA 0.0h)
  ⏳ 10985 done, 0 failed, 1073 left (~13.2/s, ETA 0.0h)
  ⏳ 11012 done, 0 failed, 1046 left (~16.1/s, ETA 0.0h)
  ⏳ 11042 done, 0 failed, 1016 left (~18.0/s, ETA 0.0h)
  ⏳ 11052 done, 0 failed, 1006 left (~6.0/s, ETA 0.0h)
  ⏳ 11065 done, 0 failed, 993 left (~7.8/s, ETA 0.0h)
  ⏳ 11086 done, 0 failed, 972 left (~12.6/s, ETA 0.0h)
  ⏳ 11104 done, 0 failed, 954 left (~10.8/s, ETA 0.0h)
  ⏳ 11132 done, 0 failed, 926 left (~16.7/s, ETA 0.0h)
  ⏳ 11152 done, 0 failed, 906 left (~12.0/s, ETA 0.0h)
  ⏳ 11187 done, 0 failed, 871 left (~21.0/s, ETA 0.0h)
  ⏳ 11210 done, 0 failed, 848 left (~13.7/s, ETA 0.0h)
  ⏳ 11240 done, 0 failed, 818 left (~18.0/s, ETA 0.0h)
  ⏳ 11251 done, 0 failed, 807 left (~6.6/s, ETA 0.0h)
  ⏳ 11274 done, 0 failed, 784 left (~13.7/s, ETA 0.0h)
  ⏳ 11302 done, 0 failed, 756 left (~16.8/s, ETA 0.0h)
  ⏳ 11325 done, 0 failed, 733 left (~13.8/s, ETA 0.0h)
  ⏳ 11354 done, 0 failed, 704 left (~17.3/s, ETA 0.0h)
  ⏳ 11387 done, 0 failed, 671 left (~19.8/s, ETA 0.0h)
  ⏳ 11423 done, 0 failed, 635 left (~21.6/s, ETA 0.0h)
  ⏳ 11443 done, 0 failed, 615 left (~12.0/s, ETA 0.0h)
  ⏳ 11470 done, 0 failed, 588 left (~16.2/s, ETA 0.0h)
  ⏳ 11491 done, 0 failed, 567 left (~12.6/s, ETA 0.0h)
  ⏳ 11516 done, 0 failed, 542 left (~14.9/s, ETA 0.0h)
  ⏳ 11547 done, 0 failed, 511 left (~18.6/s, ETA 0.0h)
  ⏳ 11577 done, 0 failed, 481 left (~18.0/s, ETA 0.0h)
  ⏳ 11611 done, 0 failed, 447 left (~20.3/s, ETA 0.0h)
  ⏳ 11633 done, 0 failed, 425 left (~13.2/s, ETA 0.0h)
  ⏳ 11657 done, 0 failed, 401 left (~14.4/s, ETA 0.0h)
  ⏳ 11692 done, 0 failed, 366 left (~20.9/s, ETA 0.0h)
  ⏳ 11713 done, 0 failed, 345 left (~12.6/s, ETA 0.0h)
  ⏳ 11741 done, 0 failed, 317 left (~16.8/s, ETA 0.0h)
  ⏳ 11770 done, 0 failed, 288 left (~17.3/s, ETA 0.0h)
  ⏳ 11788 done, 0 failed, 270 left (~10.8/s, ETA 0.0h)
  ⏳ 11816 done, 0 failed, 242 left (~16.8/s, ETA 0.0h)
  ⏳ 11844 done, 0 failed, 214 left (~16.7/s, ETA 0.0h)
  ⏳ 11876 done, 0 failed, 182 left (~19.2/s, ETA 0.0h)
  ⏳ 11908 done, 0 failed, 150 left (~19.2/s, ETA 0.0h)
  ⏳ 11938 done, 0 failed, 120 left (~17.9/s, ETA 0.0h)
  ⏳ 11955 done, 0 failed, 103 left (~10.2/s, ETA 0.0h)
  ⏳ 11987 done, 0 failed, 71 left (~19.2/s, ETA 0.0h)
  ⏳ 12014 done, 0 failed, 44 left (~16.1/s, ETA 0.0h)
  ⏳ 12036 done, 0 failed, 22 left (~13.2/s, ETA 0.0h)
  ⏳ 12055 done, 0 failed, 3 left (~11.4/s, ETA 0.0h)

  Worker 1 done: 2007 chapters

  Worker 3 done: 1994 chapters

  Worker 2 done: 1989 chapters

  Worker 5 done: 2018 chapters

  Worker 4 done: 2012 chapters

  Worker 6 done: 2038 chapters
  ⏳ 12058 done, 0 failed, 0 left (~1.8/s, ETA 0.0h)

🏁 Done! Success: 12058, Failed: 0
