🔍 Scanning for 'lines' format chapters...
📊 Need translate: 839, Done: 355, Failed: 0

🛑 Stopping...
  ⏳ 20 done, 0 failed, 819 left (~12.0/s, ETA 0.0h)

  Worker 2 done: 3 chapters

  Worker 4 done: 3 chapters

  Worker 6 done: 4 chapters

  Worker 3 done: 4 chapters

  Worker 1 done: 3 chapters

  Worker 5 done: 3 chapters

🏁 Done! Success: 20, Failed: 0
🔍 Scanning for 'lines' format chapters...

🛑 Stopping...
📊 Need translate: 770, Done: 355, Failed: 0

  Worker 1 done: 0 chapters

  Worker 2 done: 0 chapters

  Worker 3 done: 0 chapters

  Worker 4 done: 0 chapters

  Worker 5 done: 0 chapters

  Worker 6 done: 0 chapters

🏁 Done! Success: 0, Failed: 0
